Archive member included to satisfy reference by file (symbol)

/usr/lib/gcc/arm-none-eabi/5.4.1/armv7-m/libgcc.a(_aeabi_uldivmod.o)
                              build/openmote-cc2538///obj/spi-legacy.o (__aeabi_uldivmod)
/usr/lib/gcc/arm-none-eabi/5.4.1/armv7-m/libgcc.a(_udivmoddi4.o)
                              /usr/lib/gcc/arm-none-eabi/5.4.1/armv7-m/libgcc.a(_aeabi_uldivmod.o) (__udivmoddi4)
/usr/lib/gcc/arm-none-eabi/5.4.1/armv7-m/libgcc.a(_dvmd_tls.o)
                              /usr/lib/gcc/arm-none-eabi/5.4.1/armv7-m/libgcc.a(_aeabi_uldivmod.o) (__aeabi_ldiv0)
/usr/lib/gcc/arm-none-eabi/5.4.1/../../../arm-none-eabi/lib/armv7-m/libc.a(lib_a-abs.o)
                              build/openmote-cc2538///obj/res-temperature.o (abs)
/usr/lib/gcc/arm-none-eabi/5.4.1/../../../arm-none-eabi/lib/armv7-m/libc.a(lib_a-atoi.o)
                              build/openmote-cc2538///obj/res-hello.o (atoi)
/usr/lib/gcc/arm-none-eabi/5.4.1/../../../arm-none-eabi/lib/armv7-m/libc.a(lib_a-ctype_.o)
                              build/openmote-cc2538///obj/resolv.o (__ctype_ptr__)
/usr/lib/gcc/arm-none-eabi/5.4.1/../../../arm-none-eabi/lib/armv7-m/libc.a(lib_a-memchr-stub.o)
                              build/openmote-cc2538///obj/coap.o (memchr)
/usr/lib/gcc/arm-none-eabi/5.4.1/../../../arm-none-eabi/lib/armv7-m/libc.a(lib_a-memcmp.o)
                              build/openmote-cc2538///obj/coap-observe.o (memcmp)
/usr/lib/gcc/arm-none-eabi/5.4.1/../../../arm-none-eabi/lib/armv7-m/libc.a(lib_a-memcpy.o)
                              build/openmote-cc2538///obj/ecc-algorithm.o (memcpy)
/usr/lib/gcc/arm-none-eabi/5.4.1/../../../arm-none-eabi/lib/armv7-m/libc.a(lib_a-memmove.o)
                              build/openmote-cc2538///obj/coap.o (memmove)
/usr/lib/gcc/arm-none-eabi/5.4.1/../../../arm-none-eabi/lib/armv7-m/libc.a(lib_a-memset.o)
                              build/openmote-cc2538///obj/udma.o (memset)
/usr/lib/gcc/arm-none-eabi/5.4.1/../../../arm-none-eabi/lib/armv7-m/libc.a(lib_a-rand.o)
                              build/openmote-cc2538///obj/coap-transactions.o (rand)
/usr/lib/gcc/arm-none-eabi/5.4.1/../../../arm-none-eabi/lib/armv7-m/libc.a(lib_a-reent.o)
                              build/openmote-cc2538///obj/syscalls.o (errno)
/usr/lib/gcc/arm-none-eabi/5.4.1/../../../arm-none-eabi/lib/armv7-m/libc.a(lib_a-strcasecmp.o)
                              build/openmote-cc2538///obj/resolv.o (strcasecmp)
/usr/lib/gcc/arm-none-eabi/5.4.1/../../../arm-none-eabi/lib/armv7-m/libc.a(lib_a-strchr.o)
                              build/openmote-cc2538///obj/coap.o (strchr)
/usr/lib/gcc/arm-none-eabi/5.4.1/../../../arm-none-eabi/lib/armv7-m/libc.a(lib_a-strcmp.o)
                              build/openmote-cc2538///obj/cfs-coffee.o (strcmp)
/usr/lib/gcc/arm-none-eabi/5.4.1/../../../arm-none-eabi/lib/armv7-m/libc.a(lib_a-strlen-stub.o)
                              build/openmote-cc2538///obj/res-chunks.o (strlen)
/usr/lib/gcc/arm-none-eabi/5.4.1/../../../arm-none-eabi/lib/armv7-m/libc.a(lib_a-strncasecmp.o)
                              build/openmote-cc2538///obj/resolv.o (strncasecmp)
/usr/lib/gcc/arm-none-eabi/5.4.1/../../../arm-none-eabi/lib/armv7-m/libc.a(lib_a-strncat.o)
                              build/openmote-cc2538///obj/resolv.o (strncat)
/usr/lib/gcc/arm-none-eabi/5.4.1/../../../arm-none-eabi/lib/armv7-m/libc.a(lib_a-strncmp.o)
                              build/openmote-cc2538///obj/res-leds.o (strncmp)
/usr/lib/gcc/arm-none-eabi/5.4.1/../../../arm-none-eabi/lib/armv7-m/libc.a(lib_a-strncpy.o)
                              build/openmote-cc2538///obj/cfs-coffee.o (strncpy)
/usr/lib/gcc/arm-none-eabi/5.4.1/../../../arm-none-eabi/lib/armv7-m/libc.a(lib_a-strtol.o)
                              /usr/lib/gcc/arm-none-eabi/5.4.1/../../../arm-none-eabi/lib/armv7-m/libc.a(lib_a-atoi.o) (_strtol_r)
/usr/lib/gcc/arm-none-eabi/5.4.1/../../../arm-none-eabi/lib/armv7-m/libc.a(lib_a-freer.o)
                              /usr/lib/gcc/arm-none-eabi/5.4.1/../../../arm-none-eabi/lib/armv7-m/libc.a(lib_a-reent.o) (_free_r)
/usr/lib/gcc/arm-none-eabi/5.4.1/../../../arm-none-eabi/lib/armv7-m/libc.a(lib_a-impure.o)
                              /usr/lib/gcc/arm-none-eabi/5.4.1/../../../arm-none-eabi/lib/armv7-m/libc.a(lib_a-rand.o) (_impure_ptr)
/usr/lib/gcc/arm-none-eabi/5.4.1/../../../arm-none-eabi/lib/armv7-m/libc.a(lib_a-mallocr.o)
                              /usr/lib/gcc/arm-none-eabi/5.4.1/../../../arm-none-eabi/lib/armv7-m/libc.a(lib_a-freer.o) (__malloc_current_mallinfo)
/usr/lib/gcc/arm-none-eabi/5.4.1/../../../arm-none-eabi/lib/armv7-m/libc.a(lib_a-mlock.o)
                              /usr/lib/gcc/arm-none-eabi/5.4.1/../../../arm-none-eabi/lib/armv7-m/libc.a(lib_a-freer.o) (__malloc_lock)
/usr/lib/gcc/arm-none-eabi/5.4.1/../../../arm-none-eabi/lib/armv7-m/libc.a(lib_a-sbrkr.o)
[...]
Memory Configuration

Name             Origin             Length             Attributes
FLASH_FW         0x00202000         0x0007dfd4         xr
FLASH_CCA        0x0027ffd4         0x0000002c         xr
NRSRAM           0x20000000         0x00000000         xrw
FRSRAM           0x20000000         0x00008000         xrw
*default*        0x00000000         0xffffffff

Linker script and memory map

LOAD build/openmote-cc2538///obj/startup-gcc.o
LOAD build/openmote-cc2538///obj/platform.o
LOAD build/openmote-cc2538///obj/board.o
LOAD build/openmote-cc2538///obj/leds-arch.o
LOAD build/openmote-cc2538///obj/board-buttons.o
LOAD build/openmote-cc2538///obj/openmote-sensors.o
LOAD build/openmote-cc2538///obj/antenna.o
LOAD build/openmote-cc2538///obj/adxl346.o
LOAD build/openmote-cc2538///obj/max44009.o
LOAD build/openmote-cc2538///obj/sht21.o
LOAD build/openmote-cc2538///obj/tps62730.o
LOAD build/openmote-cc2538///obj/soc.o
LOAD build/openmote-cc2538///obj/clock.o
LOAD build/openmote-cc2538///obj/rtimer-arch.o
LOAD build/openmote-cc2538///obj/uart.o
LOAD build/openmote-cc2538///obj/watchdog.o
LOAD build/openmote-cc2538///obj/nvic.o
LOAD build/openmote-cc2538///obj/sys-ctrl.o
LOAD build/openmote-cc2538///obj/gpio.o
LOAD build/openmote-cc2538///obj/ioc.o
LOAD build/openmote-cc2538///obj/spi-legacy.o
LOAD build/openmote-cc2538///obj/adc.o
LOAD build/openmote-cc2538///obj/spi-arch.o
LOAD build/openmote-cc2538///obj/crypto.o
LOAD build/openmote-cc2538///obj/aes.o
LOAD build/openmote-cc2538///obj/ecb.o
LOAD build/openmote-cc2538///obj/cbc.o
LOAD build/openmote-cc2538///obj/ctr.o
LOAD build/openmote-cc2538///obj/cbc-mac.o
LOAD build/openmote-cc2538///obj/gcm.o
LOAD build/openmote-cc2538///obj/ccm.o
LOAD build/openmote-cc2538///obj/sha256.o
LOAD build/openmote-cc2538///obj/gpio-hal-arch.o
LOAD build/openmote-cc2538///obj/cc2538-aes-128.o
LOAD build/openmote-cc2538///obj/cc2538-ccm-star.o
LOAD build/openmote-cc2538///obj/cc2538-rf.o
LOAD build/openmote-cc2538///obj/udma.o
LOAD build/openmote-cc2538///obj/lpm.o
LOAD build/openmote-cc2538///obj/int-master.o
LOAD build/openmote-cc2538///obj/pka.o
LOAD build/openmote-cc2538///obj/bignum-driver.o
LOAD build/openmote-cc2538///obj/ecc-driver.o
LOAD build/openmote-cc2538///obj/ecc-algorithm.o
LOAD build/openmote-cc2538///obj/ecc-curve.o
LOAD build/openmote-cc2538///obj/dbg.o
LOAD build/openmote-cc2538///obj/ieee-addr.o
LOAD build/openmote-cc2538///obj/slip-arch.o
LOAD build/openmote-cc2538///obj/slip.o
LOAD build/openmote-cc2538///obj/i2c.o
LOAD build/openmote-cc2538///obj/cc2538-temp-sensor.o
LOAD build/openmote-cc2538///obj/vdd3-sensor.o
LOAD build/openmote-cc2538///obj/cfs-coffee.o
LOAD build/openmote-cc2538///obj/cfs-coffee-arch.o
LOAD build/openmote-cc2538///obj/pwm.o
LOAD build/openmote-cc2538///obj/usb-core.o
LOAD build/openmote-cc2538///obj/cdc-acm.o
LOAD build/openmote-cc2538///obj/usb-arch.o
LOAD build/openmote-cc2538///obj/usb-serial.o
LOAD build/openmote-cc2538///obj/cdc-acm-descriptors.o
LOAD build/openmote-cc2538///obj/res-chunks.o
LOAD build/openmote-cc2538///obj/res-radio.o
LOAD build/openmote-cc2538///obj/res-sht11.o
LOAD build/openmote-cc2538///obj/res-energest.o
LOAD build/openmote-cc2538///obj/res-light.o
LOAD build/openmote-cc2538///obj/res-mirror.o
LOAD build/openmote-cc2538///obj/res-energest-periodic.o
LOAD build/openmote-cc2538///obj/res-sub.o
LOAD build/openmote-cc2538///obj/res-hello.o
LOAD build/openmote-cc2538///obj/res-separate.o
LOAD build/openmote-cc2538///obj/res-event.o
LOAD build/openmote-cc2538///obj/res-leds.o
LOAD build/openmote-cc2538///obj/res-b1-sep-b2.o
LOAD build/openmote-cc2538///obj/res-battery.o
LOAD build/openmote-cc2538///obj/res-temperature.o
LOAD build/openmote-cc2538///obj/res-push.o
LOAD build/openmote-cc2538///obj/res-toggle.o
LOAD build/openmote-cc2538///obj/coap-observe-client.o
LOAD build/openmote-cc2538///obj/coap-blocking-api.o
LOAD build/openmote-cc2538///obj/coap-callback-api.o
LOAD build/openmote-cc2538///obj/coap-engine.o
LOAD build/openmote-cc2538///obj/coap-observe.o
LOAD build/openmote-cc2538///obj/coap-timer-default.o
LOAD build/openmote-cc2538///obj/coap-transactions.o
LOAD build/openmote-cc2538///obj/coap-res-well-known-core.o
LOAD build/openmote-cc2538///obj/coap-keystore-simple.o
LOAD build/openmote-cc2538///obj/coap.o
LOAD build/openmote-cc2538///obj/coap-uip.o
LOAD build/openmote-cc2538///obj/coap-separate.o
LOAD build/openmote-cc2538///obj/coap-timer.o
LOAD build/openmote-cc2538///obj/coap-block1.o
LOAD build/openmote-cc2538///obj/coap-log.o
LOAD build/openmote-cc2538///obj/contiki-main.o
LOAD build/openmote-cc2538///obj/autostart.o
LOAD build/openmote-cc2538///obj/stimer.o
LOAD build/openmote-cc2538///obj/atomic.o
LOAD build/openmote-cc2538///obj/log.o
LOAD build/openmote-cc2538///obj/energest.o
LOAD build/openmote-cc2538///obj/etimer.o
LOAD build/openmote-cc2538///obj/node-id.o
LOAD build/openmote-cc2538///obj/mutex.o
LOAD build/openmote-cc2538///obj/ctimer.o
LOAD build/openmote-cc2538///obj/compower.o
LOAD build/openmote-cc2538///obj/process.o
LOAD build/openmote-cc2538///obj/rtimer.o
LOAD build/openmote-cc2538///obj/timer.o
LOAD build/openmote-cc2538///obj/stack-check.o
LOAD build/openmote-cc2538///obj/button-hal.o
LOAD build/openmote-cc2538///obj/serial-line.o
LOAD build/openmote-cc2538///obj/spi.o
LOAD build/openmote-cc2538///obj/leds.o
LOAD build/openmote-cc2538///obj/nullradio.o
LOAD build/openmote-cc2538///obj/gpio-hal.o
LOAD build/openmote-cc2538///obj/dbl-circ-list.o
LOAD build/openmote-cc2538///obj/crc16.o
LOAD build/openmote-cc2538///obj/ifft.o
LOAD build/openmote-cc2538///obj/trickle-timer.o
LOAD build/openmote-cc2538///obj/sensors.o
LOAD build/openmote-cc2538///obj/dbl-list.o
LOAD build/openmote-cc2538///obj/ringbufindex.o
LOAD build/openmote-cc2538///obj/ccm-star.o
LOAD build/openmote-cc2538///obj/list.o
LOAD build/openmote-cc2538///obj/circular-list.o
LOAD build/openmote-cc2538///obj/aes-128.o
LOAD build/openmote-cc2538///obj/memb.o
LOAD build/openmote-cc2538///obj/heapmem.o
LOAD build/openmote-cc2538///obj/random.o
LOAD build/openmote-cc2538///obj/assert.o
LOAD build/openmote-cc2538///obj/ringbuf.o
LOAD build/openmote-cc2538///obj/queuebuf.o
LOAD build/openmote-cc2538///obj/nbr-table.o
LOAD build/openmote-cc2538///obj/packetbuf.o
LOAD build/openmote-cc2538///obj/netstack.o
LOAD build/openmote-cc2538///obj/linkaddr.o
LOAD build/openmote-cc2538///obj/net-debug.o
LOAD build/openmote-cc2538///obj/link-stats.o
LOAD build/openmote-cc2538///obj/mac-sequence.o
LOAD build/openmote-cc2538///obj/mac.o
LOAD build/openmote-cc2538///obj/frame802154e-ie.o
LOAD build/openmote-cc2538///obj/framer-802154.o
LOAD build/openmote-cc2538///obj/nullframer.o
LOAD build/openmote-cc2538///obj/frame802154.o
LOAD build/openmote-cc2538///obj/syscalls.o
LOAD build/openmote-cc2538///obj/strformat.o
LOAD build/openmote-cc2538///obj/printf.o
LOAD build/openmote-cc2538///obj/sprintf.o
LOAD build/openmote-cc2538///obj/snprintf.o
LOAD build/openmote-cc2538///obj/puts.o
LOAD build/openmote-cc2538///obj/putchar.o
LOAD build/openmote-cc2538///obj/csma-security.o
LOAD build/openmote-cc2538///obj/anti-replay.o
LOAD build/openmote-cc2538///obj/csma.o
LOAD build/openmote-cc2538///obj/csma-output.o
LOAD build/openmote-cc2538///obj/ccm-star-packetbuf.o
LOAD build/openmote-cc2538///obj/uipbuf.o
LOAD build/openmote-cc2538///obj/uip-icmp6.o
LOAD build/openmote-cc2538///obj/uip-sr.o
LOAD build/openmote-cc2538///obj/uip-ds6.o
LOAD build/openmote-cc2538///obj/uip-packetqueue.o
LOAD build/openmote-cc2538///obj/tcp-socket.o
LOAD build/openmote-cc2538///obj/tcpip.o
LOAD build/openmote-cc2538///obj/ip64-addr.o
LOAD build/openmote-cc2538///obj/uip-udp-packet.o
LOAD build/openmote-cc2538///obj/psock.o
LOAD build/openmote-cc2538///obj/uip-ds6-nbr.o
LOAD build/openmote-cc2538///obj/uip6.o
LOAD build/openmote-cc2538///obj/resolv.o
LOAD build/openmote-cc2538///obj/uip-nameserver.o
LOAD build/openmote-cc2538///obj/uip-nd6.o
LOAD build/openmote-cc2538///obj/udp-socket.o
LOAD build/openmote-cc2538///obj/simple-udp.o
LOAD build/openmote-cc2538///obj/uip-ds6-route.o
LOAD build/openmote-cc2538///obj/sicslowpan.o
LOAD build/openmote-cc2538///obj/uiplib.o
LOAD build/openmote-cc2538///obj/rpl-nbr-policy.o
LOAD build/openmote-cc2538///obj/rpl-of0.o
LOAD build/openmote-cc2538///obj/rpl-neighbor.o
LOAD build/openmote-cc2538///obj/rpl-timers.o
LOAD build/openmote-cc2538///obj/rpl-ext-header.o
LOAD build/openmote-cc2538///obj/rpl.o
LOAD build/openmote-cc2538///obj/rpl-mrhof.o
LOAD build/openmote-cc2538///obj/rpl-icmp6.o
LOAD build/openmote-cc2538///obj/rpl-dag.o
LOAD build/openmote-cc2538///obj/rpl-dag-root.o
LOAD coap-example-server.o
START GROUP
LOAD /usr/lib/gcc/arm-none-eabi/5.4.1/../../../arm-none-eabi/lib/armv7-m/libm.a
END GROUP
START GROUP
LOAD /usr/lib/gcc/arm-none-eabi/5.4.1/armv7-m/libgcc.a
LOAD /usr/lib/gcc/arm-none-eabi/5.4.1/../../../arm-none-eabi/lib/armv7-m/libc.a
END GROUP

.text           0x00202000     0xc7be
                0x00202000                _text = .
 *(SORT(.vectors))
 .vectors       0x00202000      0x28c build/openmote-cc2538///obj/startup-gcc.o
                0x00202000                vectors
 *(SORT(.text*))
 .text.reset_handler
                0x0020228c       0x40 build/openmote-cc2538///obj/startup-gcc.o
                0x0020228c                reset_handler
 .text.platform_init_stage_two
                0x002022cc       0x64 build/openmote-cc2538///obj/platform.o
                0x002022cc                platform_init_stage_two
 .text.platform_init_stage_three
                0x00202330       0x8c build/openmote-cc2538///obj/platform.o
                0x00202330                platform_init_stage_three
 .text.antenna_external
                0x002023bc       0x14 build/openmote-cc2538///obj/antenna.o
                0x002023bc                antenna_external
 .text.antenna_init
                0x002023d0       0x1c build/openmote-cc2538///obj/antenna.o
                0x002023d0                antenna_init
 .text.status   0x002023ec       0x14 build/openmote-cc2538///obj/sht21.o
 .text.configure
                0x00202400       0x8c build/openmote-cc2538///obj/sht21.o
 .text.value    0x0020248c       0x68 build/openmote-cc2538///obj/sht21.o
 .text.soc_get_rev
                0x002024f4       0x18 build/openmote-cc2538///obj/soc.o
                0x002024f4                soc_get_rev
 .text.soc_print_info
                0x0020250c       0x10 build/openmote-cc2538///obj/soc.o
                0x0020250c                soc_print_info
 .text.update_ticks
                0x0020251c       0x4c build/openmote-cc2538///obj/clock.o
 .text.clock_init
                0x00202568       0x4c build/openmote-cc2538///obj/clock.o
                0x00202568                clock_init
 .text.clock_time
                0x002025b4       0x14 build/openmote-cc2538///obj/clock.o
                0x002025b4                clock_time
 .text.clock_seconds
                0x002025c8       0x14 build/openmote-cc2538///obj/clock.o
                0x002025c8                clock_seconds
 .text.clock_delay_usec
                0x002025dc       0x1c build/openmote-cc2538///obj/clock.o
                0x002025dc                clock_delay_usec
 .text.clock_adjust
                0x002025f8       0x20 build/openmote-cc2538///obj/clock.o
                0x002025f8                clock_adjust
 .text.rtimer_arch_next_trigger
                0x00202618        0xc build/openmote-cc2538///obj/rtimer-arch.o
                0x00202618                rtimer_arch_next_trigger
 .text.rtimer_arch_now
                0x00202624       0x2c build/openmote-cc2538///obj/rtimer-arch.o
                0x00202624                rtimer_arch_now
 .text.rtimer_arch_schedule
                0x00202650       0x58 build/openmote-cc2538///obj/rtimer-arch.o
                0x00202650                rtimer_arch_schedule
 .text.rtimer_isr
                0x002026a8       0x2c build/openmote-cc2538///obj/rtimer-arch.o
                0x002026a8                rtimer_isr
 .text.permit_pm1
                0x002026d4       0x24 build/openmote-cc2538///obj/uart.o
 .text.uart_isr
                0x002026f8       0x64 build/openmote-cc2538///obj/uart.o
 .text.uart_init
                0x0020275c      0x198 build/openmote-cc2538///obj/uart.o
                0x0020275c                uart_init
 .text.uart_set_input
                0x002028f4       0x10 build/openmote-cc2538///obj/uart.o
                0x002028f4                uart_set_input
 .text.uart_write_byte
                0x00202904       0x1c build/openmote-cc2538///obj/uart.o
                0x00202904                uart_write_byte
 .text.watchdog_init
                0x00202920        0xc build/openmote-cc2538///obj/watchdog.o
                0x00202920                watchdog_init
 .text.watchdog_start
                0x0020292c        0xc build/openmote-cc2538///obj/watchdog.o
                0x0020292c                watchdog_start
 .text.watchdog_periodic
                0x00202938       0x10 build/openmote-cc2538///obj/watchdog.o
                0x00202938                watchdog_periodic
 .text.nvic_init
                0x00202948       0x10 build/openmote-cc2538///obj/nvic.o
                0x00202948                nvic_init
 .text.sys_ctrl_init
                0x00202958       0x74 build/openmote-cc2538///obj/sys-ctrl.o
                0x00202958                sys_ctrl_init
 .text.gpio_port_isr
                0x002029cc       0x4c build/openmote-cc2538///obj/gpio.o
 .text.ioc_init
                0x00202a18       0x1c build/openmote-cc2538///obj/ioc.o
                0x00202a18                ioc_init
 .text.ioc_set_over
                0x00202a34       0x14 build/openmote-cc2538///obj/ioc.o
                0x00202a34                ioc_set_over
 .text.ioc_set_sel
                0x00202a48       0x14 build/openmote-cc2538///obj/ioc.o
                0x00202a48                ioc_set_sel
 .text.adc_get  0x00202a5c       0x74 build/openmote-cc2538///obj/adc.o
                0x00202a5c                adc_get
 .text.permit_pm1
                0x00202ad0       0x10 build/openmote-cc2538///obj/crypto.o
 .text.crypto_isr
                0x00202ae0       0x28 build/openmote-cc2538///obj/crypto.o
                0x00202ae0                crypto_isr
 .text.crypto_enable
                0x00202b08       0x20 build/openmote-cc2538///obj/crypto.o
                0x00202b08                crypto_enable
 .text.crypto_init
                0x00202b28       0x3c build/openmote-cc2538///obj/crypto.o
                0x00202b28                crypto_init
 .text.crypto_disable
                0x00202b64       0x20 build/openmote-cc2538///obj/crypto.o
                0x00202b64                crypto_disable
 .text.gpio_hal_arch_pin_cfg_set
                0x00202b84       0xe0 build/openmote-cc2538///obj/gpio-hal-arch.o
                0x00202b84                gpio_hal_arch_pin_cfg_set
 .text.receiving_packet
                0x00202c64       0x18 build/openmote-cc2538///obj/cc2538-rf.o
 .text.pending_packet
                0x00202c7c       0x10 build/openmote-cc2538///obj/cc2538-rf.o
 .text.energest_switch
                0x00202c8c       0x58 build/openmote-cc2538///obj/cc2538-rf.o
 .text.set_poll_mode
                0x00202ce4       0x9c build/openmote-cc2538///obj/cc2538-rf.o
 .text.set_object
                0x00202d80       0x30 build/openmote-cc2538///obj/cc2538-rf.o
 .text.read     0x00202db0       0xdc build/openmote-cc2538///obj/cc2538-rf.o
 .text.get_object
                0x00202e8c      0x144 build/openmote-cc2538///obj/cc2538-rf.o
 .text.off      0x00202fd0       0x74 build/openmote-cc2538///obj/cc2538-rf.o
 .text.on       0x00203044       0x44 build/openmote-cc2538///obj/cc2538-rf.o
 .text.set_channel
                0x00203088       0x38 build/openmote-cc2538///obj/cc2538-rf.o
 .text.init     0x002030c0       0xe8 build/openmote-cc2538///obj/cc2538-rf.o
 .text.get_value
                0x002031a8      0x178 build/openmote-cc2538///obj/cc2538-rf.o
 .text.channel_clear
                0x00203320       0x3c build/openmote-cc2538///obj/cc2538-rf.o
 .text.prepare  0x0020335c       0x60 build/openmote-cc2538///obj/cc2538-rf.o
 .text.process_thread_cc2538_rf_process
                0x002033bc       0x90 build/openmote-cc2538///obj/cc2538-rf.o
 .text.transmit
                0x0020344c       0xa8 build/openmote-cc2538///obj/cc2538-rf.o
 .text.set_value
                0x002034f4      0x18c build/openmote-cc2538///obj/cc2538-rf.o
 .text.cc2538_rf_rx_tx_isr
                0x00203680       0x24 build/openmote-cc2538///obj/cc2538-rf.o
                0x00203680                cc2538_rf_rx_tx_isr
 .text.cc2538_rf_err_isr
                0x002036a4       0x28 build/openmote-cc2538///obj/cc2538-rf.o
                0x002036a4                cc2538_rf_err_isr
 .text.udma_init
                0x002036cc       0x34 build/openmote-cc2538///obj/udma.o
                0x002036cc                udma_init
 .text.udma_set_channel_src
                0x00203700       0x10 build/openmote-cc2538///obj/udma.o
                0x00203700                udma_set_channel_src
 .text.udma_set_channel_dst
                0x00203710       0x14 build/openmote-cc2538///obj/udma.o
                0x00203710                udma_set_channel_dst
 .text.udma_set_channel_control_word
                0x00203724       0x14 build/openmote-cc2538///obj/udma.o
                0x00203724                udma_set_channel_control_word
 .text.udma_channel_enable
                0x00203738       0x18 build/openmote-cc2538///obj/udma.o
                0x00203738                udma_channel_enable
 .text.udma_channel_mask_set
                0x00203750       0x18 build/openmote-cc2538///obj/udma.o
                0x00203750                udma_channel_mask_set
 .text.udma_channel_sw_request
                0x00203768       0x18 build/openmote-cc2538///obj/udma.o
                0x00203768                udma_channel_sw_request
 .text.udma_channel_get_mode
                0x00203780       0x1c build/openmote-cc2538///obj/udma.o
                0x00203780                udma_channel_get_mode
 .text.udma_isr
                0x0020379c       0x10 build/openmote-cc2538///obj/udma.o
                0x0020379c                udma_isr
 .text.udma_err_isr
                0x002037ac        0xc build/openmote-cc2538///obj/udma.o
                0x002037ac                udma_err_isr
 .text.select_32_mhz_xosc
                0x002037b8       0x30 build/openmote-cc2538///obj/lpm.o
 .text.energest_switch
                0x002037e8       0x58 build/openmote-cc2538///obj/lpm.o
 .text.lpm_exit
                0x00203840       0x44 build/openmote-cc2538///obj/lpm.o
                0x00203840                lpm_exit
 .text.lpm_enter
                0x00203884       0xd0 build/openmote-cc2538///obj/lpm.o
                0x00203884                lpm_enter
 .text.lpm_register_peripheral
                0x00203954       0x24 build/openmote-cc2538///obj/lpm.o
                0x00203954                lpm_register_peripheral
 .text.lpm_init
                0x00203978       0x24 build/openmote-cc2538///obj/lpm.o
                0x00203978                lpm_init
 .text.pka_isr  0x0020399c       0x28 build/openmote-cc2538///obj/pka.o
                0x0020399c                pka_isr
 .text.ieee_addr_cpy_to
                0x002039c4       0x60 build/openmote-cc2538///obj/ieee-addr.o
                0x002039c4                ieee_addr_cpy_to
 .text.i2c_master_enable
                0x00203a24       0x10 build/openmote-cc2538///obj/i2c.o
                0x00203a24                i2c_master_enable
 .text.i2c_set_frequency
                0x00203a34       0x1c build/openmote-cc2538///obj/i2c.o
                0x00203a34                i2c_set_frequency
 .text.i2c_init
                0x00203a50       0xc8 build/openmote-cc2538///obj/i2c.o
                0x00203a50                i2c_init
 .text.i2c_master_command
                0x00203b18       0x10 build/openmote-cc2538///obj/i2c.o
                0x00203b18                i2c_master_command
 .text.i2c_master_error
                0x00203b28       0x1c build/openmote-cc2538///obj/i2c.o
                0x00203b28                i2c_master_error
 .text.i2c_single_send
                0x00203b44       0x28 build/openmote-cc2538///obj/i2c.o
                0x00203b44                i2c_single_send
 .text.i2c_single_receive
                0x00203b6c       0x38 build/openmote-cc2538///obj/i2c.o
                0x00203b6c                i2c_single_receive
 .text.i2c_burst_send
                0x00203ba4       0x98 build/openmote-cc2538///obj/i2c.o
                0x00203ba4                i2c_burst_send
 .text.i2c_burst_receive
                0x00203c3c       0x98 build/openmote-cc2538///obj/i2c.o
                0x00203c3c                i2c_burst_receive
 .text.res_periodic_handler
                0x00203cd4       0x18 build/openmote-cc2538///obj/res-energest-periodic.o
 .text.res_get_handler
                0x00203cec      0x210 build/openmote-cc2538///obj/res-energest-periodic.o
 .text.res_periodic_handler
                0x00203efc       0x58 build/openmote-cc2538///obj/res-temperature.o
 .text.res_get_handler
                0x00203f54       0x94 build/openmote-cc2538///obj/res-temperature.o
 .text.process_callback
                0x00203fe8       0x3c build/openmote-cc2538///obj/coap-engine.o
 .text.coap_call_handlers
                0x00204024       0x54 build/openmote-cc2538///obj/coap-engine.o
                0x00204024                coap_call_handlers
 .text.coap_receive
                0x00204078      0x394 build/openmote-cc2538///obj/coap-engine.o
                0x00204078                coap_receive
 .text.coap_activate_resource
                0x0020440c       0x40 build/openmote-cc2538///obj/coap-engine.o
                0x0020440c                coap_activate_resource
 .text.coap_engine_init
                0x0020444c       0x44 build/openmote-cc2538///obj/coap-engine.o
                0x0020444c                coap_engine_init
 .text.coap_get_first_resource
                0x00204490        0xc build/openmote-cc2538///obj/coap-engine.o
                0x00204490                coap_get_first_resource
 .text.coap_remove_observer
                0x0020449c       0x20 build/openmote-cc2538///obj/coap-observe.o
                0x0020449c                coap_remove_observer
 .text.coap_remove_observer_by_client
                0x002044bc       0x30 build/openmote-cc2538///obj/coap-observe.o
                0x002044bc                coap_remove_observer_by_client
 .text.coap_remove_observer_by_token
                0x002044ec       0x50 build/openmote-cc2538///obj/coap-observe.o
                0x002044ec                coap_remove_observer_by_token
 .text.coap_remove_observer_by_uri
                0x0020453c       0x58 build/openmote-cc2538///obj/coap-observe.o
                0x0020453c                coap_remove_observer_by_uri
 .text.coap_remove_observer_by_mid
                0x00204594       0x38 build/openmote-cc2538///obj/coap-observe.o
                0x00204594                coap_remove_observer_by_mid
 .text.coap_notify_observers_sub
                0x002045cc      0x190 build/openmote-cc2538///obj/coap-observe.o
                0x002045cc                coap_notify_observers_sub
 .text.coap_observe_handler
                0x0020475c       0xd4 build/openmote-cc2538///obj/coap-observe.o
                0x0020475c                coap_observe_handler
 .text.update   0x00204830        0xc build/openmote-cc2538///obj/coap-timer-default.o
 .text.process_thread_coap_timer_process
                0x0020483c       0x84 build/openmote-cc2538///obj/coap-timer-default.o
 .text.uptime   0x002048c0       0x3c build/openmote-cc2538///obj/coap-timer-default.o
 .text.init     0x002048fc        0xc build/openmote-cc2538///obj/coap-timer-default.o
 .text.coap_new_transaction
                0x00204908       0x34 build/openmote-cc2538///obj/coap-transactions.o
                0x00204908                coap_new_transaction
 .text.coap_clear_transaction
                0x0020493c       0x2c build/openmote-cc2538///obj/coap-transactions.o
                0x0020493c                coap_clear_transaction
 .text.coap_send_transaction
                0x00204968       0x9c build/openmote-cc2538///obj/coap-transactions.o
                0x00204968                coap_send_transaction
 .text.coap_get_transaction_by_mid
                0x00204a04       0x1c build/openmote-cc2538///obj/coap-transactions.o
                0x00204a04                coap_get_transaction_by_mid
 .text.well_known_core_get_handler
                0x00204a20      0x15c build/openmote-cc2538///obj/coap-res-well-known-core.o
 .text.coap_init_connection
                0x00204b7c       0x10 build/openmote-cc2538///obj/coap.o
                0x00204b7c                coap_init_connection
 .text.coap_get_mid
                0x00204b8c       0x10 build/openmote-cc2538///obj/coap.o
                0x00204b8c                coap_get_mid
 .text.coap_serialize_message
                0x00204b9c      0x34c build/openmote-cc2538///obj/coap.o
                0x00204b9c                coap_serialize_message
 .text.coap_parse_message
                0x00204ee8      0x2dc build/openmote-cc2538///obj/coap.o
                0x00204ee8                coap_parse_message
 .text.process_thread_coap_engine
                0x002051c4       0xa0 build/openmote-cc2538///obj/coap-uip.o
 .text.coap_endpoint_is_connected
                0x00205264       0x24 build/openmote-cc2538///obj/coap-uip.o
                0x00205264                coap_endpoint_is_connected
 .text.coap_transport_init
                0x00205288        0xc build/openmote-cc2538///obj/coap-uip.o
                0x00205288                coap_transport_init
 .text.coap_sendto
                0x00205294       0x34 build/openmote-cc2538///obj/coap-uip.o
                0x00205294                coap_sendto
 .text.coap_timer_uptime
                0x002052c8        0xc build/openmote-cc2538///obj/coap-timer.o
 .text.coap_timer_stop
                0x002052d4       0x1c build/openmote-cc2538///obj/coap-timer.o
                0x002052d4                coap_timer_stop
 .text.coap_timer_time_to_next_expiration
                0x002052f0       0x34 build/openmote-cc2538///obj/coap-timer.o
                0x002052f0                coap_timer_time_to_next_expiration
 .text.coap_timer_run
                0x00205324       0x64 build/openmote-cc2538///obj/coap-timer.o
                0x00205324                coap_timer_run
 .text.coap_timer_init
                0x00205388       0x2c build/openmote-cc2538///obj/coap-timer.o
                0x00205388                coap_timer_init
 .text.add_timer
                0x002053b4       0x70 build/openmote-cc2538///obj/coap-timer.o
 .text.startup.main
                0x00205424      0x1f0 build/openmote-cc2538///obj/contiki-main.o
                0x00205424                main
 .text.stimer_expired
                0x00205614       0x20 build/openmote-cc2538///obj/stimer.o
                0x00205614                stimer_expired
 .text.log_6addr
                0x00205634       0x20 build/openmote-cc2538///obj/log.o
                0x00205634                log_6addr
 .text.log_lladdr
                0x00205654       0x3c build/openmote-cc2538///obj/log.o
                0x00205654                log_lladdr
 .text.energest_init
                0x00205690       0x40 build/openmote-cc2538///obj/energest.o
                0x00205690                energest_init
 .text.energest_flush
                0x002056d0       0x44 build/openmote-cc2538///obj/energest.o
                0x002056d0                energest_flush
 .text.energest_get_total_time
                0x00205714       0x20 build/openmote-cc2538///obj/energest.o
                0x00205714                energest_get_total_time
 .text.update_time
                0x00205734       0x44 build/openmote-cc2538///obj/etimer.o
 .text.etimer_request_poll
                0x00205778        0xc build/openmote-cc2538///obj/etimer.o
                0x00205778                etimer_request_poll
 .text.process_thread_etimer_process
                0x00205784       0xac build/openmote-cc2538///obj/etimer.o
 .text.add_timer
                0x00205830       0x40 build/openmote-cc2538///obj/etimer.o
 .text.etimer_pending
                0x00205870       0x10 build/openmote-cc2538///obj/etimer.o
                0x00205870                etimer_pending
 .text.etimer_stop
                0x00205880       0x34 build/openmote-cc2538///obj/etimer.o
                0x00205880                etimer_stop
 .text.node_id_init
                0x002058b4       0x18 build/openmote-cc2538///obj/node-id.o
                0x002058b4                node_id_init
 .text.process_thread_ctimer_process
                0x002058cc       0x80 build/openmote-cc2538///obj/ctimer.o
 .text.ctimer_init
                0x0020594c       0x28 build/openmote-cc2538///obj/ctimer.o
                0x0020594c                ctimer_init
 .text.ctimer_set_with_process
                0x00205974       0x44 build/openmote-cc2538///obj/ctimer.o
                0x00205974                ctimer_set_with_process
 .text.ctimer_set
                0x002059b8       0x14 build/openmote-cc2538///obj/ctimer.o
                0x002059b8                ctimer_set
 .text.ctimer_reset
                0x002059cc       0x38 build/openmote-cc2538///obj/ctimer.o
                0x002059cc                ctimer_reset
 .text.ctimer_stop
                0x00205a04       0x2c build/openmote-cc2538///obj/ctimer.o
                0x00205a04                ctimer_stop
 .text.ctimer_expired
                0x00205a30       0x34 build/openmote-cc2538///obj/ctimer.o
                0x00205a30                ctimer_expired
 .text.call_process.part.0
                0x00205a64       0x38 build/openmote-cc2538///obj/process.o
 .text.exit_process
                0x00205a9c       0x80 build/openmote-cc2538///obj/process.o
 .text.do_poll  0x00205b1c       0x34 build/openmote-cc2538///obj/process.o
 .text.process_alloc_event
                0x00205b50       0x10 build/openmote-cc2538///obj/process.o
                0x00205b50                process_alloc_event
 .text.process_init
                0x00205b60       0x30 build/openmote-cc2538///obj/process.o
                0x00205b60                process_init
 .text.process_run
                0x00205b90       0x84 build/openmote-cc2538///obj/process.o
                0x00205b90                process_run
 .text.process_nevents
                0x00205c14       0x14 build/openmote-cc2538///obj/process.o
                0x00205c14                process_nevents
 .text.process_post
                0x00205c28       0x3c build/openmote-cc2538///obj/process.o
                0x00205c28                process_post
 .text.process_post_synch
                0x00205c64       0x14 build/openmote-cc2538///obj/process.o
                0x00205c64                process_post_synch
 .text.process_start
                0x00205c78       0x30 build/openmote-cc2538///obj/process.o
                0x00205c78                process_start
 .text.process_poll
                0x00205ca8       0x18 build/openmote-cc2538///obj/process.o
                0x00205ca8                process_poll
 .text.rtimer_run_next
                0x00205cc0       0x28 build/openmote-cc2538///obj/rtimer.o
                0x00205cc0                rtimer_run_next
 .text.stack_check_init
                0x00205ce8       0x28 build/openmote-cc2538///obj/stack-check.o
                0x00205ce8                stack_check_init
 .text.stack_check_get_usage
                0x00205d10       0x44 build/openmote-cc2538///obj/stack-check.o
                0x00205d10                stack_check_get_usage
 .text.process_thread_stack_check_process
                0x00205d54       0x88 build/openmote-cc2538///obj/stack-check.o
 .text.duration_exceeded_callback
                0x00205ddc       0x34 build/openmote-cc2538///obj/button-hal.o
 .text.process_thread_button_hal_process
                0x00205e10       0x70 build/openmote-cc2538///obj/button-hal.o
 .text.press_release_handler
                0x00205e80       0x18 build/openmote-cc2538///obj/button-hal.o
 .text.debounce_handler
                0x00205e98       0x64 build/openmote-cc2538///obj/button-hal.o
 .text.button_hal_init
                0x00205efc       0xf4 build/openmote-cc2538///obj/button-hal.o
                0x00205efc                button_hal_init
 .text.process_thread_serial_line_process
                0x00205ff0       0x9c build/openmote-cc2538///obj/serial-line.o
 .text.serial_line_input_byte
                0x0020608c       0x44 build/openmote-cc2538///obj/serial-line.o
                0x0020608c                serial_line_input_byte
 .text.serial_line_init
                0x002060d0       0x24 build/openmote-cc2538///obj/serial-line.o
                0x002060d0                serial_line_init
 .text.leds_on  0x002060f4       0x60 build/openmote-cc2538///obj/leds.o
                0x002060f4                leds_on
 .text.leds_off
                0x00206154       0x48 build/openmote-cc2538///obj/leds.o
                0x00206154                leds_off
 .text.leds_init
                0x0020619c       0x44 build/openmote-cc2538///obj/leds.o
                0x0020619c                leds_init
 .text.gpio_hal_register_handler
                0x002061e0        0xc build/openmote-cc2538///obj/gpio-hal.o
                0x002061e0                gpio_hal_register_handler
 .text.gpio_hal_event_handler
                0x002061ec       0x24 build/openmote-cc2538///obj/gpio-hal.o
                0x002061ec                gpio_hal_event_handler
 .text.gpio_hal_init
                0x00206210        0xc build/openmote-cc2538///obj/gpio-hal.o
                0x00206210                gpio_hal_init
 .text.process_thread_sensors_process
                0x0020621c       0xdc build/openmote-cc2538///obj/sensors.o
 .text.random_rand
                0x002062f8       0x20 build/openmote-cc2538///obj/random.o
                0x002062f8                random_rand
 .text.random_init
                0x00206318       0x7c build/openmote-cc2538///obj/random.o
                0x00206318                random_init
 .text.queuebuf_init
                0x00206394       0x1c build/openmote-cc2538///obj/queuebuf.o
                0x00206394                queuebuf_init
 .text.queuebuf_numfree
                0x002063b0        0xc build/openmote-cc2538///obj/queuebuf.o
                0x002063b0                queuebuf_numfree
 .text.queuebuf_new_from_packetbuf
                0x002063bc       0x44 build/openmote-cc2538///obj/queuebuf.o
                0x002063bc                queuebuf_new_from_packetbuf
 .text.queuebuf_free
                0x00206400       0x2c build/openmote-cc2538///obj/queuebuf.o
                0x00206400                queuebuf_free
 .text.queuebuf_to_packetbuf
                0x0020642c       0x30 build/openmote-cc2538///obj/queuebuf.o
                0x0020642c                queuebuf_to_packetbuf
 .text.index_from_key
                0x0020645c       0x20 build/openmote-cc2538///obj/nbr-table.o
 .text.index_from_lladdr
                0x0020647c       0x40 build/openmote-cc2538///obj/nbr-table.o
 .text.nbr_get_bit.constprop.0
                0x002064bc       0x2c build/openmote-cc2538///obj/nbr-table.o
 .text.nbr_table_is_registered
                0x002064e8       0x20 build/openmote-cc2538///obj/nbr-table.o
                0x002064e8                nbr_table_is_registered
 .text.nbr_table_register
                0x00206508       0x30 build/openmote-cc2538///obj/nbr-table.o
                0x00206508                nbr_table_register
 .text.nbr_table_next
                0x00206538       0x48 build/openmote-cc2538///obj/nbr-table.o
                0x00206538                nbr_table_next
 .text.nbr_table_head
                0x00206580       0x38 build/openmote-cc2538///obj/nbr-table.o
                0x00206580                nbr_table_head
 .text.nbr_table_add_lladdr
                0x002065b8      0x16c build/openmote-cc2538///obj/nbr-table.o
                0x002065b8                nbr_table_add_lladdr
 .text.nbr_table_remove
                0x00206724       0x2c build/openmote-cc2538///obj/nbr-table.o
                0x00206724                nbr_table_remove
 .text.nbr_table_lock
                0x00206750       0x10 build/openmote-cc2538///obj/nbr-table.o
                0x00206750                nbr_table_lock
 .text.nbr_table_unlock
                0x00206760       0x10 build/openmote-cc2538///obj/nbr-table.o
                0x00206760                nbr_table_unlock
 .text.nbr_table_get_lladdr
                0x00206770       0x24 build/openmote-cc2538///obj/nbr-table.o
                0x00206770                nbr_table_get_lladdr
 .text.packetbuf_hdrreduce
                0x00206794       0x28 build/openmote-cc2538///obj/packetbuf.o
                0x00206794                packetbuf_hdrreduce
 .text.packetbuf_set_datalen
                0x002067bc        0xc build/openmote-cc2538///obj/packetbuf.o
                0x002067bc                packetbuf_set_datalen
 .text.packetbuf_hdrptr
                0x002067c8        0x8 build/openmote-cc2538///obj/packetbuf.o
                0x002067c8                packetbuf_hdrptr
 .text.packetbuf_datalen
                0x002067d0        0xc build/openmote-cc2538///obj/packetbuf.o
                0x002067d0                packetbuf_datalen
 .text.packetbuf_hdrlen
                0x002067dc       0x18 build/openmote-cc2538///obj/packetbuf.o
                0x002067dc                packetbuf_hdrlen
 .text.packetbuf_dataptr
                0x002067f4       0x10 build/openmote-cc2538///obj/packetbuf.o
                0x002067f4                packetbuf_dataptr
 .text.packetbuf_copyto
                0x00206804       0x44 build/openmote-cc2538///obj/packetbuf.o
                0x00206804                packetbuf_copyto
 .text.packetbuf_totlen
                0x00206848       0x14 build/openmote-cc2538///obj/packetbuf.o
                0x00206848                packetbuf_totlen
 .text.packetbuf_hdralloc
                0x0020685c       0x3c build/openmote-cc2538///obj/packetbuf.o
                0x0020685c                packetbuf_hdralloc
 .text.packetbuf_attr_clear
                0x00206898       0x34 build/openmote-cc2538///obj/packetbuf.o
                0x00206898                packetbuf_attr_clear
 .text.packetbuf_clear
                0x002068cc       0x20 build/openmote-cc2538///obj/packetbuf.o
                0x002068cc                packetbuf_clear
 .text.packetbuf_copyfrom
                0x002068ec       0x2c build/openmote-cc2538///obj/packetbuf.o
                0x002068ec                packetbuf_copyfrom
 .text.packetbuf_attr_copyto
                0x00206918       0x24 build/openmote-cc2538///obj/packetbuf.o
                0x00206918                packetbuf_attr_copyto
 .text.packetbuf_attr_copyfrom
                0x0020693c       0x24 build/openmote-cc2538///obj/packetbuf.o
                0x0020693c                packetbuf_attr_copyfrom
 .text.packetbuf_set_attr
                0x00206960       0x10 build/openmote-cc2538///obj/packetbuf.o
                0x00206960                packetbuf_set_attr
 .text.packetbuf_attr
                0x00206970        0xc build/openmote-cc2538///obj/packetbuf.o
                0x00206970                packetbuf_attr
 .text.packetbuf_set_addr
                0x0020697c       0x18 build/openmote-cc2538///obj/packetbuf.o
                0x0020697c                packetbuf_set_addr
 .text.packetbuf_addr
                0x00206994       0x10 build/openmote-cc2538///obj/packetbuf.o
                0x00206994                packetbuf_addr
 .text.packetbuf_holds_broadcast
                0x002069a4       0x10 build/openmote-cc2538///obj/packetbuf.o
                0x002069a4                packetbuf_holds_broadcast
 .text.netstack_process_ip_callback
                0x002069b4       0x40 build/openmote-cc2538///obj/netstack.o
                0x002069b4                netstack_process_ip_callback
 .text.netstack_init
                0x002069f4       0x24 build/openmote-cc2538///obj/netstack.o
                0x002069f4                netstack_init
 .text.periodic
                0x00206a18       0x2c build/openmote-cc2538///obj/link-stats.o
 .text.link_stats_from_lladdr
                0x00206a44        0xc build/openmote-cc2538///obj/link-stats.o
                0x00206a44                link_stats_from_lladdr
 .text.link_stats_packet_sent
                0x00206a50       0x74 build/openmote-cc2538///obj/link-stats.o
                0x00206a50                link_stats_packet_sent
 .text.link_stats_input_callback
                0x00206ac4       0x4c build/openmote-cc2538///obj/link-stats.o
                0x00206ac4                link_stats_input_callback
 .text.link_stats_reset
                0x00206b10       0x24 build/openmote-cc2538///obj/link-stats.o
                0x00206b10                link_stats_reset
 .text.link_stats_init
                0x00206b34       0x28 build/openmote-cc2538///obj/link-stats.o
                0x00206b34                link_stats_init
 .text.mac_sequence_is_duplicate
                0x00206b5c       0x4c build/openmote-cc2538///obj/mac-sequence.o
                0x00206b5c                mac_sequence_is_duplicate
 .text.mac_sequence_register_seqno
                0x00206ba8       0x60 build/openmote-cc2538///obj/mac-sequence.o
                0x00206ba8                mac_sequence_register_seqno
 .text.create_frame
                0x00206c08       0xd0 build/openmote-cc2538///obj/framer-802154.o
 .text.frame802154_get_pan_id
                0x00206cd8        0xc build/openmote-cc2538///obj/frame802154.o
                0x00206cd8                frame802154_get_pan_id
 .text.frame802154_parse
                0x00206ce4      0x124 build/openmote-cc2538///obj/frame802154.o
                0x00206ce4                frame802154_parse
 .text.fill_space
                0x00206e08       0x34 build/openmote-cc2538///obj/strformat.o
 .text.format_str_v
                0x00206e3c      0x6c8 build/openmote-cc2538///obj/strformat.o
                0x00206e3c                format_str_v
 .text.printf   0x00207504       0x20 build/openmote-cc2538///obj/printf.o
                0x00207504                printf
 .text.vsnprintf
                0x00207524       0x28 build/openmote-cc2538///obj/snprintf.o
                0x00207524                vsnprintf
 .text.csma_security_create_frame
                0x0020754c       0x18 build/openmote-cc2538///obj/csma-security.o
                0x0020754c                csma_security_create_frame
 .text.csma_security_parse_frame
                0x00207564        0xc build/openmote-cc2538///obj/csma-security.o
                0x00207564                csma_security_parse_frame
 .text.on       0x00207570        0xc build/openmote-cc2538///obj/csma.o
 .text.off      0x0020757c        0xc build/openmote-cc2538///obj/csma.o
 .text.max_payload
                0x00207588       0x1c build/openmote-cc2538///obj/csma.o
 .text.input_packet
                0x002075a4       0x60 build/openmote-cc2538///obj/csma.o
 .text.schedule_transmission
                0x00207604       0x38 build/openmote-cc2538///obj/csma-output.o
 .text.tx_done  0x0020763c       0x84 build/openmote-cc2538///obj/csma-output.o
 .text.transmit_from_queue
                0x002076c0      0x1ac build/openmote-cc2538///obj/csma-output.o
 .text.csma_output_packet
                0x0020786c      0x13c build/openmote-cc2538///obj/csma-output.o
                0x0020786c                csma_output_packet
 .text.csma_output_init
                0x002079a8       0x24 build/openmote-cc2538///obj/csma-output.o
                0x002079a8                csma_output_init
 .text.uipbuf_add_ext_hdr
                0x002079cc       0x28 build/openmote-cc2538///obj/uipbuf.o
                0x002079cc                uipbuf_add_ext_hdr
 .text.uipbuf_set_len
                0x002079f4       0x14 build/openmote-cc2538///obj/uipbuf.o
                0x002079f4                uipbuf_set_len
 .text.uipbuf_get_attr
                0x00207a08       0x14 build/openmote-cc2538///obj/uipbuf.o
                0x00207a08                uipbuf_get_attr
 .text.uipbuf_clear_attr
                0x00207a1c       0x14 build/openmote-cc2538///obj/uipbuf.o
                0x00207a1c                uipbuf_clear_attr
 .text.uipbuf_clear
                0x00207a30       0x20 build/openmote-cc2538///obj/uipbuf.o
                0x00207a30                uipbuf_clear
 .text.uipbuf_init
                0x00207a50       0x20 build/openmote-cc2538///obj/uipbuf.o
                0x00207a50                uipbuf_init
 .text.echo_reply_input
                0x00207a70       0x6c build/openmote-cc2538///obj/uip-icmp6.o
 .text.echo_request_input
                0x00207adc       0x98 build/openmote-cc2538///obj/uip-icmp6.o
 .text.uip_icmp6_input
                0x00207b74       0x38 build/openmote-cc2538///obj/uip-icmp6.o
                0x00207b74                uip_icmp6_input
 .text.uip_icmp6_register_input_handler
                0x00207bac        0xc build/openmote-cc2538///obj/uip-icmp6.o
                0x00207bac                uip_icmp6_register_input_handler
 .text.uip_icmp6_error_output
                0x00207bb8      0x138 build/openmote-cc2538///obj/uip-icmp6.o
                0x00207bb8                uip_icmp6_error_output
 .text.uip_icmp6_send
                0x00207cf0       0x7c build/openmote-cc2538///obj/uip-icmp6.o
                0x00207cf0                uip_icmp6_send
 .text.uip_icmp6_init
                0x00207d6c       0x1c build/openmote-cc2538///obj/uip-icmp6.o
                0x00207d6c                uip_icmp6_init
 .text.node_matches_address.part.0
                0x00207d88       0x28 build/openmote-cc2538///obj/uip-sr.o
 .text.uip_sr_get_node
                0x00207db0       0x34 build/openmote-cc2538///obj/uip-sr.o
                0x00207db0                uip_sr_get_node
 .text.uip_sr_is_addr_reachable
                0x00207de4       0x44 build/openmote-cc2538///obj/uip-sr.o
                0x00207de4                uip_sr_is_addr_reachable
 .text.uip_sr_update_node
                0x00207e28       0xa4 build/openmote-cc2538///obj/uip-sr.o
                0x00207e28                uip_sr_update_node
 .text.uip_sr_init
                0x00207ecc       0x24 build/openmote-cc2538///obj/uip-sr.o
                0x00207ecc                uip_sr_init
 .text.uip_sr_periodic
                0x00207ef0       0x68 build/openmote-cc2538///obj/uip-sr.o
                0x00207ef0                uip_sr_periodic
 .text.uip_sr_free_all
                0x00207f58       0x40 build/openmote-cc2538///obj/uip-sr.o
                0x00207f58                uip_sr_free_all
 .text.uip_ds6_default_prefix
                0x00207f98        0x8 build/openmote-cc2538///obj/uip-ds6.o
                0x00207f98                uip_ds6_default_prefix
 .text.uip_ds6_prefix_add
                0x00207fa0       0x64 build/openmote-cc2538///obj/uip-ds6.o
                0x00207fa0                uip_ds6_prefix_add
 .text.uip_ds6_is_addr_onlink
                0x00208004       0x40 build/openmote-cc2538///obj/uip-ds6.o
                0x00208004                uip_ds6_is_addr_onlink
 .text.uip_ds6_addr_lookup
                0x00208044       0x2c build/openmote-cc2538///obj/uip-ds6.o
                0x00208044                uip_ds6_addr_lookup
 .text.uip_ds6_get_link_local
                0x00208070       0x40 build/openmote-cc2538///obj/uip-ds6.o
                0x00208070                uip_ds6_get_link_local
 .text.uip_ds6_maddr_add
                0x002080b0       0x4c build/openmote-cc2538///obj/uip-ds6.o
                0x002080b0                uip_ds6_maddr_add
 .text.uip_ds6_addr_add
                0x002080fc       0x94 build/openmote-cc2538///obj/uip-ds6.o
                0x002080fc                uip_ds6_addr_add
 .text.uip_ds6_maddr_lookup
                0x00208190       0x2c build/openmote-cc2538///obj/uip-ds6.o
                0x00208190                uip_ds6_maddr_lookup
 .text.uip_ds6_addr_rm
                0x002081bc       0x44 build/openmote-cc2538///obj/uip-ds6.o
                0x002081bc                uip_ds6_addr_rm
 .text.uip_ds6_periodic
                0x00208200       0x4c build/openmote-cc2538///obj/uip-ds6.o
                0x00208200                uip_ds6_periodic
 .text.uip_ds6_select_src
                0x0020824c       0x94 build/openmote-cc2538///obj/uip-ds6.o
                0x0020824c                uip_ds6_select_src
 .text.uip_ds6_compute_reachable_time
                0x002082e0       0x2c build/openmote-cc2538///obj/uip-ds6.o
                0x002082e0                uip_ds6_compute_reachable_time
 .text.uip_ds6_init
                0x0020830c      0x118 build/openmote-cc2538///obj/uip-ds6.o
                0x0020830c                uip_ds6_init
 .text.tcpip_output
                0x00208424       0x2c build/openmote-cc2538///obj/tcpip.o
                0x00208424                tcpip_output
 .text.udp_new  0x00208450       0x18 build/openmote-cc2538///obj/tcpip.o
                0x00208450                udp_new
 .text.tcpip_input
                0x00208468       0x24 build/openmote-cc2538///obj/tcpip.o
                0x00208468                tcpip_input
 .text.tcpip_ipv6_output
                0x0020848c       0xe4 build/openmote-cc2538///obj/tcpip.o
                0x0020848c                tcpip_ipv6_output
 .text.packet_input
                0x00208570       0x20 build/openmote-cc2538///obj/tcpip.o
 .text.process_thread_tcpip_process
                0x00208590       0xbc build/openmote-cc2538///obj/tcpip.o
 .text.tcpip_uipcall
                0x0020864c       0x2c build/openmote-cc2538///obj/tcpip.o
                0x0020864c                tcpip_uipcall
 .text.uip_udp_packet_send
                0x00208678       0x34 build/openmote-cc2538///obj/uip-udp-packet.o
                0x00208678                uip_udp_packet_send
 .text.uip_ds6_nbr_rm
                0x002086ac       0x24 build/openmote-cc2538///obj/uip-ds6-nbr.o
                0x002086ac                uip_ds6_nbr_rm
 .text.uip_ds6_neighbors_init
                0x002086d0       0x1c build/openmote-cc2538///obj/uip-ds6-nbr.o
                0x002086d0                uip_ds6_neighbors_init
 .text.uip_ds6_nbr_add
                0x002086ec       0x40 build/openmote-cc2538///obj/uip-ds6-nbr.o
                0x002086ec                uip_ds6_nbr_add
 .text.uip_ds6_nbr_get_ll
                0x0020872c        0xc build/openmote-cc2538///obj/uip-ds6-nbr.o
                0x0020872c                uip_ds6_nbr_get_ll
 .text.uip_ds6_nbr_head
                0x00208738        0xc build/openmote-cc2538///obj/uip-ds6-nbr.o
                0x00208738                uip_ds6_nbr_head
 .text.uip_ds6_nbr_next
                0x00208744        0xc build/openmote-cc2538///obj/uip-ds6-nbr.o
                0x00208744                uip_ds6_nbr_next
 .text.uip_ds6_nbr_ll_lookup
                0x00208750        0xc build/openmote-cc2538///obj/uip-ds6-nbr.o
                0x00208750                uip_ds6_nbr_ll_lookup
 .text.upper_layer_chksum
                0x0020875c       0x54 build/openmote-cc2538///obj/uip6.o
 .text.ext_hdr_options_process
                0x002087b0       0x7c build/openmote-cc2538///obj/uip6.o
 .text.unlikely.uip_update_ttl
                0x0020882c       0x24 build/openmote-cc2538///obj/uip6.o
 .text.uip_init
                0x00208850       0x38 build/openmote-cc2538///obj/uip6.o
                0x00208850                uip_init
 .text.uip_remove_ext_hdr
                0x00208888       0x60 build/openmote-cc2538///obj/uip6.o
                0x00208888                uip_remove_ext_hdr
 .text.uip_udp_new
                0x002088e8       0x8c build/openmote-cc2538///obj/uip6.o
                0x002088e8                uip_udp_new
 .text.uip_process
                0x00208974      0x44c build/openmote-cc2538///obj/uip6.o
                0x00208974                uip_process
 .text.ns_input
                0x00208dc0      0x268 build/openmote-cc2538///obj/uip-nd6.o
 .text.uip_nd6_init
                0x00209028        0xc build/openmote-cc2538///obj/uip-nd6.o
                0x00209028                uip_nd6_init
 .text.uip_ds6_route_init
                0x00209034       0x1c build/openmote-cc2538///obj/uip-ds6-route.o
                0x00209034                uip_ds6_route_init
 .text.uip_ds6_defrt_rm
                0x00209050       0x38 build/openmote-cc2538///obj/uip-ds6-route.o
                0x00209050                uip_ds6_defrt_rm
 .text.uip_ds6_defrt_lookup
                0x00209088       0x34 build/openmote-cc2538///obj/uip-ds6-route.o
                0x00209088                uip_ds6_defrt_lookup
 .text.uip_ds6_defrt_add
                0x002090bc       0x60 build/openmote-cc2538///obj/uip-ds6-route.o
                0x002090bc                uip_ds6_defrt_add
 .text.uip_ds6_defrt_choose
                0x0020911c       0x30 build/openmote-cc2538///obj/uip-ds6-route.o
                0x0020911c                uip_ds6_defrt_choose
 .text.uip_ds6_defrt_periodic
                0x0020914c       0x30 build/openmote-cc2538///obj/uip-ds6-route.o
                0x0020914c                uip_ds6_defrt_periodic
 .text.clear_fragments
                0x0020917c       0x3c build/openmote-cc2538///obj/sicslowpan.o
 .text.sicslowpan_init
                0x002091b8       0x18 build/openmote-cc2538///obj/sicslowpan.o
                0x002091b8                sicslowpan_init
 .text.set_packet_attrs
                0x002091d0       0x58 build/openmote-cc2538///obj/sicslowpan.o
 .text.compress_addr_64
                0x00209228       0x90 build/openmote-cc2538///obj/sicslowpan.o
 .text.addr_context_lookup_by_prefix
                0x002092b8       0x24 build/openmote-cc2538///obj/sicslowpan.o
 .text.send_packet
                0x002092dc       0x24 build/openmote-cc2538///obj/sicslowpan.o
 .text.fragment_copy_payload_and_send
                0x00209300       0x6c build/openmote-cc2538///obj/sicslowpan.o
 .text.output   0x0020936c      0x77c build/openmote-cc2538///obj/sicslowpan.o
 .text.packet_sent
                0x00209ae8       0x5c build/openmote-cc2538///obj/sicslowpan.o
 .text.store_fragment
                0x00209b44       0x58 build/openmote-cc2538///obj/sicslowpan.o
 .text.uncompress_addr
                0x00209b9c       0x90 build/openmote-cc2538///obj/sicslowpan.o
 .text.add_fragment
                0x00209c2c      0x11c build/openmote-cc2538///obj/sicslowpan.o
 .text.input    0x00209d48      0x744 build/openmote-cc2538///obj/sicslowpan.o
 .text.uiplib_ipaddr_snprint
                0x0020a48c       0xf0 build/openmote-cc2538///obj/uiplib.o
                0x0020a48c                uiplib_ipaddr_snprint
 .text.update_state
                0x0020a57c       0x78 build/openmote-cc2538///obj/rpl-nbr-policy.o
 .text.rpl_nbr_policy_find_removable
                0x0020a5f4       0x50 build/openmote-cc2538///obj/rpl-nbr-policy.o
                0x0020a5f4                rpl_nbr_policy_find_removable
 .text.remove_neighbor
                0x0020a644       0x3c build/openmote-cc2538///obj/rpl-neighbor.o
 .text.rpl_neighbor_get_from_lladdr
                0x0020a680       0x10 build/openmote-cc2538///obj/rpl-neighbor.o
                0x0020a680                rpl_neighbor_get_from_lladdr
 .text.rpl_neighbor_rank_via_nbr
                0x0020a690       0x18 build/openmote-cc2538///obj/rpl-neighbor.o
                0x0020a690                rpl_neighbor_rank_via_nbr
 .text.rpl_neighbor_get_lladdr
                0x0020a6a8       0x10 build/openmote-cc2538///obj/rpl-neighbor.o
                0x0020a6a8                rpl_neighbor_get_lladdr
 .text.best_parent
                0x0020a6b8       0x90 build/openmote-cc2538///obj/rpl-neighbor.o
 .text.rpl_neighbor_is_parent
                0x0020a748       0x18 build/openmote-cc2538///obj/rpl-neighbor.o
                0x0020a748                rpl_neighbor_is_parent
 .text.rpl_neighbor_set_preferred_parent
                0x0020a760       0x44 build/openmote-cc2538///obj/rpl-neighbor.o
                0x0020a760                rpl_neighbor_set_preferred_parent
 .text.rpl_neighbor_remove_all
                0x0020a7a4       0x2c build/openmote-cc2538///obj/rpl-neighbor.o
                0x0020a7a4                rpl_neighbor_remove_all
 .text.rpl_neighbor_get_from_ipaddr
                0x0020a7d0       0x1c build/openmote-cc2538///obj/rpl-neighbor.o
                0x0020a7d0                rpl_neighbor_get_from_ipaddr
 .text.rpl_neighbor_select_best
                0x0020a7ec       0x54 build/openmote-cc2538///obj/rpl-neighbor.o
                0x0020a7ec                rpl_neighbor_select_best
 .text.rpl_neighbor_init
                0x0020a840       0x14 build/openmote-cc2538///obj/rpl-neighbor.o
                0x0020a840                rpl_neighbor_init
 .text.new_dio_interval
                0x0020a854       0x58 build/openmote-cc2538///obj/rpl-timers.o
 .text.schedule_dao_retransmission
                0x0020a8ac       0x30 build/openmote-cc2538///obj/rpl-timers.o
 .text.handle_unicast_dio_timer
                0x0020a8dc       0x1c build/openmote-cc2538///obj/rpl-timers.o
 .text.send_new_dao
                0x0020a8f8       0x34 build/openmote-cc2538///obj/rpl-timers.o
 .text.resend_dao
                0x0020a92c       0x38 build/openmote-cc2538///obj/rpl-timers.o
 .text.handle_dao_ack_timer
                0x0020a964       0x14 build/openmote-cc2538///obj/rpl-timers.o
 .text.handle_leaving_timer
                0x0020a978       0x10 build/openmote-cc2538///obj/rpl-timers.o
 .text.handle_dio_timer
                0x0020a988       0x70 build/openmote-cc2538///obj/rpl-timers.o
 .text.rpl_timers_schedule_periodic_dis
                0x0020a9f8       0x38 build/openmote-cc2538///obj/rpl-timers.o
                0x0020a9f8                rpl_timers_schedule_periodic_dis
 .text.handle_dis_timer
                0x0020aa30       0x34 build/openmote-cc2538///obj/rpl-timers.o
 .text.handle_periodic_timer
                0x0020aa64       0x48 build/openmote-cc2538///obj/rpl-timers.o
 .text.rpl_timers_dio_reset
                0x0020aaac       0x28 build/openmote-cc2538///obj/rpl-timers.o
                0x0020aaac                rpl_timers_dio_reset
 .text.rpl_timers_schedule_unicast_dio
                0x0020aad4       0x28 build/openmote-cc2538///obj/rpl-timers.o
                0x0020aad4                rpl_timers_schedule_unicast_dio
 .text.rpl_timers_schedule_dao
                0x0020aafc       0x34 build/openmote-cc2538///obj/rpl-timers.o
                0x0020aafc                rpl_timers_schedule_dao
 .text.rpl_timers_schedule_dao_ack
                0x0020ab30       0x48 build/openmote-cc2538///obj/rpl-timers.o
                0x0020ab30                rpl_timers_schedule_dao_ack
 .text.rpl_timers_notify_dao_ack
                0x0020ab78       0x4c build/openmote-cc2538///obj/rpl-timers.o
                0x0020ab78                rpl_timers_notify_dao_ack
 .text.get_probing_target
                0x0020abc4       0xc0 build/openmote-cc2538///obj/rpl-timers.o
                0x0020abc4                get_probing_target
 .text.rpl_schedule_probing
                0x0020ac84       0x28 build/openmote-cc2538///obj/rpl-timers.o
                0x0020ac84                rpl_schedule_probing
 .text.rpl_schedule_probing_now
                0x0020acac       0x2c build/openmote-cc2538///obj/rpl-timers.o
                0x0020acac                rpl_schedule_probing_now
 .text.rpl_timers_unschedule_leaving
                0x0020acd8       0x24 build/openmote-cc2538///obj/rpl-timers.o
                0x0020acd8                rpl_timers_unschedule_leaving
 .text.rpl_timers_schedule_leaving
                0x0020acfc       0x30 build/openmote-cc2538///obj/rpl-timers.o
                0x0020acfc                rpl_timers_schedule_leaving
 .text.rpl_timers_init
                0x0020ad2c       0x20 build/openmote-cc2538///obj/rpl-timers.o
                0x0020ad2c                rpl_timers_init
 .text.rpl_timers_stop_dag_timers
                0x0020ad4c       0x44 build/openmote-cc2538///obj/rpl-timers.o
                0x0020ad4c                rpl_timers_stop_dag_timers
 .text.rpl_timers_unschedule_state_update
                0x0020ad90       0x14 build/openmote-cc2538///obj/rpl-timers.o
                0x0020ad90                rpl_timers_unschedule_state_update
 .text.rpl_timers_schedule_state_update
                0x0020ada4       0x1c build/openmote-cc2538///obj/rpl-timers.o
                0x0020ada4                rpl_timers_schedule_state_update
 .text.update_hbh_header
                0x0020adc0       0x4c build/openmote-cc2538///obj/rpl-ext-header.o
 .text.rpl_ext_header_srh_get_next_hop
                0x0020ae0c       0x84 build/openmote-cc2538///obj/rpl-ext-header.o
                0x0020ae0c                rpl_ext_header_srh_get_next_hop
 .text.rpl_ext_header_srh_update
                0x0020ae90       0xa4 build/openmote-cc2538///obj/rpl-ext-header.o
                0x0020ae90                rpl_ext_header_srh_update
 .text.rpl_ext_header_hbh_update
                0x0020af34       0x90 build/openmote-cc2538///obj/rpl-ext-header.o
                0x0020af34                rpl_ext_header_hbh_update
 .text.rpl_ext_header_remove
                0x0020afc4       0xa4 build/openmote-cc2538///obj/rpl-ext-header.o
                0x0020afc4                rpl_ext_header_remove
 .text.rpl_ext_header_update
                0x0020b068      0x258 build/openmote-cc2538///obj/rpl-ext-header.o
                0x0020b068                rpl_ext_header_update
 .text.rpl_has_joined
                0x0020b2c0       0x18 build/openmote-cc2538///obj/rpl.o
                0x0020b2c0                rpl_has_joined
 .text.rpl_is_reachable
                0x0020b2d8       0x18 build/openmote-cc2538///obj/rpl.o
                0x0020b2d8                rpl_is_reachable
 .text.get_sr_node_ipaddr
                0x0020b2f0       0x2c build/openmote-cc2538///obj/rpl.o
 .text.set_ip_from_prefix
                0x0020b31c       0x2c build/openmote-cc2538///obj/rpl.o
 .text.init     0x0020b348       0x40 build/openmote-cc2538///obj/rpl.o
 .text.rpl_link_callback
                0x0020b388       0x2c build/openmote-cc2538///obj/rpl.o
                0x0020b388                rpl_link_callback
 .text.rpl_get_global_address
                0x0020b3b4       0x64 build/openmote-cc2538///obj/rpl.o
                0x0020b3b4                rpl_get_global_address
 .text.rpl_reset_prefix
                0x0020b418       0x28 build/openmote-cc2538///obj/rpl.o
                0x0020b418                rpl_reset_prefix
 .text.rpl_set_prefix_from_addr
                0x0020b440       0x70 build/openmote-cc2538///obj/rpl.o
                0x0020b440                rpl_set_prefix_from_addr
 .text.rpl_get_leaf_only
                0x0020b4b0        0xc build/openmote-cc2538///obj/rpl.o
                0x0020b4b0                rpl_get_leaf_only
 .text.update_metric_container
                0x0020b4bc        0xc build/openmote-cc2538///obj/rpl-mrhof.o
 .text.within_hysteresis
                0x0020b4c8       0x38 build/openmote-cc2538///obj/rpl-mrhof.o
 .text.rank_via_nbr
                0x0020b500       0x30 build/openmote-cc2538///obj/rpl-mrhof.o
 .text.best_parent
                0x0020b530       0x70 build/openmote-cc2538///obj/rpl-mrhof.o
 .text.dao_ack_input
                0x0020b5a0       0x38 build/openmote-cc2538///obj/rpl-icmp6.o
 .text.dao_input
                0x0020b5d8      0x100 build/openmote-cc2538///obj/rpl-icmp6.o
 .text.dio_input
                0x0020b6d8      0x214 build/openmote-cc2538///obj/rpl-icmp6.o
 .text.dis_input
                0x0020b8ec       0x2c build/openmote-cc2538///obj/rpl-icmp6.o
 .text.rpl_icmp6_dis_output
                0x0020b918       0x38 build/openmote-cc2538///obj/rpl-icmp6.o
                0x0020b918                rpl_icmp6_dis_output
 .text.rpl_icmp6_dio_output
                0x0020b950      0x1c0 build/openmote-cc2538///obj/rpl-icmp6.o
                0x0020b950                rpl_icmp6_dio_output
 .text.rpl_icmp6_dao_output
                0x0020bb10       0xc4 build/openmote-cc2538///obj/rpl-icmp6.o
                0x0020bb10                rpl_icmp6_dao_output
 .text.rpl_icmp6_dao_ack_output
                0x0020bbd4       0x44 build/openmote-cc2538///obj/rpl-icmp6.o
                0x0020bbd4                rpl_icmp6_dao_ack_output
 .text.rpl_icmp6_init
                0x0020bc18       0x30 build/openmote-cc2538///obj/rpl-icmp6.o
                0x0020bc18                rpl_icmp6_init
 .text.init_dag
                0x0020bc48       0x78 build/openmote-cc2538///obj/rpl-dag.o
 .text.init_dag_from_dio
                0x0020bcc0       0x84 build/openmote-cc2538///obj/rpl-dag.o
 .text.rpl_dag_get_root_ipaddr
                0x0020bd44       0x30 build/openmote-cc2538///obj/rpl-dag.o
                0x0020bd44                rpl_dag_get_root_ipaddr
 .text.rpl_dag_leave
                0x0020bd74       0x54 build/openmote-cc2538///obj/rpl-dag.o
                0x0020bd74                rpl_dag_leave
 .text.rpl_dag_poison_and_leave
                0x0020bdc8       0x10 build/openmote-cc2538///obj/rpl-dag.o
                0x0020bdc8                rpl_dag_poison_and_leave
 .text.rpl_dag_periodic
                0x0020bdd8       0x48 build/openmote-cc2538///obj/rpl-dag.o
                0x0020bdd8                rpl_dag_periodic
 .text.rpl_is_addr_in_our_dag
                0x0020be20       0x28 build/openmote-cc2538///obj/rpl-dag.o
                0x0020be20                rpl_is_addr_in_our_dag
 .text.rpl_local_repair
                0x0020be48       0x34 build/openmote-cc2538///obj/rpl-dag.o
                0x0020be48                rpl_local_repair
 .text.rpl_global_repair
                0x0020be7c       0x38 build/openmote-cc2538///obj/rpl-dag.o
                0x0020be7c                rpl_global_repair
 .text.rpl_dag_ready_to_advertise
                0x0020beb4       0x24 build/openmote-cc2538///obj/rpl-dag.o
                0x0020beb4                rpl_dag_ready_to_advertise
 .text.rpl_dag_update_state
                0x0020bed8      0x128 build/openmote-cc2538///obj/rpl-dag.o
                0x0020bed8                rpl_dag_update_state
 .text.rpl_process_dio
                0x0020c000      0x18c build/openmote-cc2538///obj/rpl-dag.o
                0x0020c000                rpl_process_dio
 .text.rpl_process_dis
                0x0020c18c       0x2c build/openmote-cc2538///obj/rpl-dag.o
                0x0020c18c                rpl_process_dis
 .text.rpl_process_dao
                0x0020c1b8       0x4c build/openmote-cc2538///obj/rpl-dag.o
                0x0020c1b8                rpl_process_dao
 .text.rpl_process_dao_ack
                0x0020c204       0x54 build/openmote-cc2538///obj/rpl-dag.o
                0x0020c204                rpl_process_dao_ack
 .text.rpl_dag_init_root
                0x0020c258       0xa8 build/openmote-cc2538///obj/rpl-dag.o
                0x0020c258                rpl_dag_init_root
 .text.rpl_dag_init
                0x0020c300       0x10 build/openmote-cc2538///obj/rpl-dag.o
                0x0020c300                rpl_dag_init
 .text.rpl_dag_root_set_prefix
                0x0020c310       0x68 build/openmote-cc2538///obj/rpl-dag-root.o
                0x0020c310                rpl_dag_root_set_prefix
 .text.rpl_dag_root_start
                0x0020c378       0x68 build/openmote-cc2538///obj/rpl-dag-root.o
                0x0020c378                rpl_dag_root_start
 .text.rpl_dag_root_is_root
                0x0020c3e0       0x18 build/openmote-cc2538///obj/rpl-dag-root.o
                0x0020c3e0                rpl_dag_root_is_root
 .text.process_thread_er_example_server
                0x0020c3f8       0xcc coap-example-server.o
 .text          0x0020c4c4       0x30 /usr/lib/gcc/arm-none-eabi/5.4.1/armv7-m/libgcc.a(_aeabi_uldivmod.o)
                0x0020c4c4                __aeabi_uldivmod
 .text          0x0020c4f4      0x2ec /usr/lib/gcc/arm-none-eabi/5.4.1/armv7-m/libgcc.a(_udivmoddi4.o)
                0x0020c4f4                __udivmoddi4
 .text          0x0020c7e0        0x4 /usr/lib/gcc/arm-none-eabi/5.4.1/armv7-m/libgcc.a(_dvmd_tls.o)
                0x0020c7e0                __aeabi_ldiv0
                0x0020c7e0                __aeabi_idiv0
 .text          0x0020c7e4        0x8 /usr/lib/gcc/arm-none-eabi/5.4.1/../../../arm-none-eabi/lib/armv7-m/libc.a(lib_a-abs.o)
                0x0020c7e4                abs
 .text          0x0020c7ec       0x64 /usr/lib/gcc/arm-none-eabi/5.4.1/../../../arm-none-eabi/lib/armv7-m/libc.a(lib_a-memcmp.o)
                0x0020c7ec                memcmp
 .text          0x0020c850       0xec /usr/lib/gcc/arm-none-eabi/5.4.1/../../../arm-none-eabi/lib/armv7-m/libc.a(lib_a-memcpy.o)
                0x0020c850                memcpy
 .text          0x0020c93c       0xc8 /usr/lib/gcc/arm-none-eabi/5.4.1/../../../arm-none-eabi/lib/armv7-m/libc.a(lib_a-memmove.o)
                0x0020c93c                memmove
 .text          0x0020ca04       0x9c /usr/lib/gcc/arm-none-eabi/5.4.1/../../../arm-none-eabi/lib/armv7-m/libc.a(lib_a-memset.o)
                0x0020ca04                memset
 .text          0x0020caa0       0x54 /usr/lib/gcc/arm-none-eabi/5.4.1/../../../arm-none-eabi/lib/armv7-m/libc.a(lib_a-rand.o)
                0x0020caa0                srand
                0x0020cab4                rand
 .text          0x0020caf4       0x5c /usr/lib/gcc/arm-none-eabi/5.4.1/../../../arm-none-eabi/lib/armv7-m/libc.a(lib_a-strlen-stub.o)
                0x0020caf4                strlen
 .text          0x0020cb50       0x9c /usr/lib/gcc/arm-none-eabi/5.4.1/../../../arm-none-eabi/lib/armv7-m/libc.a(lib_a-strncmp.o)
                0x0020cb50                strncmp
 .text          0x0020cbec       0x68 /usr/lib/gcc/arm-none-eabi/5.4.1/../../../arm-none-eabi/lib/armv7-m/libc.a(lib_a-strncpy.o)
                0x0020cbec                strncpy
 .text.default_handler
                0x0020cc54        0x2 build/openmote-cc2538///obj/startup-gcc.o
                0x0020cc54                default_handler
 .text.nmi_handler
                0x0020cc56        0x6 build/openmote-cc2538///obj/startup-gcc.o
                0x0020cc56                nmi_handler
 .text.fade     0x0020cc5c       0x58 build/openmote-cc2538///obj/platform.o
 .text.platform_init_stage_one
                0x0020ccb4       0x14 build/openmote-cc2538///obj/platform.o
                0x0020ccb4                platform_init_stage_one
 .text.platform_idle
                0x0020ccc8        0x4 build/openmote-cc2538///obj/platform.o
                0x0020ccc8                platform_idle
 .text.board_init
                0x0020cccc        0x4 build/openmote-cc2538///obj/board.o
                0x0020cccc                board_init
 .text.sht21_read_temperature
                0x0020ccd0       0x2a build/openmote-cc2538///obj/sht21.o
 .text.sht21_read_humidity
                0x0020ccfa       0x2a build/openmote-cc2538///obj/sht21.o
 .text.soc_init
                0x0020cd24       0x22 build/openmote-cc2538///obj/soc.o
                0x0020cd24                soc_init
 .text.clock_isr
                0x0020cd46        0x4 build/openmote-cc2538///obj/clock.o
                0x0020cd46                clock_isr
 .text.rtimer_arch_init
                0x0020cd4a        0x2 build/openmote-cc2538///obj/rtimer-arch.o
                0x0020cd4a                rtimer_arch_init
 .text.uart0_isr
                0x0020cd4c        0x6 build/openmote-cc2538///obj/uart.o
                0x0020cd4c                uart0_isr
 .text.uart1_isr
                0x0020cd52        0x6 build/openmote-cc2538///obj/uart.o
                0x0020cd52                uart1_isr
 .text.gpio_port_a_isr
                0x0020cd58        0x6 build/openmote-cc2538///obj/gpio.o
                0x0020cd58                gpio_port_a_isr
 .text.gpio_port_b_isr
                0x0020cd5e        0x6 build/openmote-cc2538///obj/gpio.o
                0x0020cd5e                gpio_port_b_isr
 .text.gpio_port_c_isr
                0x0020cd64        0x6 build/openmote-cc2538///obj/gpio.o
                0x0020cd64                gpio_port_c_isr
 .text.gpio_port_d_isr
                0x0020cd6a        0x6 build/openmote-cc2538///obj/gpio.o
                0x0020cd6a                gpio_port_d_isr
 .text.send     0x0020cd70       0x12 build/openmote-cc2538///obj/cc2538-rf.o
 .text.enter_pm0
                0x0020cd82       0x18 build/openmote-cc2538///obj/lpm.o
 .text.int_master_read_and_disable
                0x0020cd9a        0x8 build/openmote-cc2538///obj/int-master.o
                0x0020cd9a                int_master_read_and_disable
 .text.int_master_status_set
                0x0020cda2        0x6 build/openmote-cc2538///obj/int-master.o
                0x0020cda2                int_master_status_set
 .text.dbg_putchar
                0x0020cda8       0x10 build/openmote-cc2538///obj/dbg.o
                0x0020cda8                dbg_putchar
 .text.dbg_send_bytes
                0x0020cdb8       0x20 build/openmote-cc2538///obj/dbg.o
                0x0020cdb8                dbg_send_bytes
 .text.configure
                0x0020cdd8        0x4 build/openmote-cc2538///obj/cc2538-temp-sensor.o
 .text.status   0x0020cddc        0x4 build/openmote-cc2538///obj/cc2538-temp-sensor.o
 .text.value    0x0020cde0       0x34 build/openmote-cc2538///obj/cc2538-temp-sensor.o
 .text.coap_get_next_resource
                0x0020ce14        0x4 build/openmote-cc2538///obj/coap-engine.o
                0x0020ce14                coap_get_next_resource
 .text.coap_notify_observers
                0x0020ce18        0x6 build/openmote-cc2538///obj/coap-observe.o
                0x0020ce18                coap_notify_observers
 .text.coap_retransmit_transaction
                0x0020ce1e       0x14 build/openmote-cc2538///obj/coap-transactions.o
 .text.coap_is_option
                0x0020ce32       0x1c build/openmote-cc2538///obj/coap.o
 .text.coap_parse_int_option
                0x0020ce4e       0x16 build/openmote-cc2538///obj/coap.o
 .text.coap_merge_multi_option
                0x0020ce64       0x32 build/openmote-cc2538///obj/coap.o
 .text.coap_set_option_header
                0x0020ce96       0x76 build/openmote-cc2538///obj/coap.o
 .text.coap_serialize_int_option
                0x0020cf0c       0x62 build/openmote-cc2538///obj/coap.o
 .text.coap_serialize_array_option.part.1
                0x0020cf6e       0x20 build/openmote-cc2538///obj/coap.o
 .text.coap_serialize_array_option
                0x0020cf8e       0x7a build/openmote-cc2538///obj/coap.o
 .text.coap_init_message
                0x0020d008       0x1a build/openmote-cc2538///obj/coap.o
                0x0020d008                coap_init_message
 .text.coap_set_status_code
                0x0020d022        0xc build/openmote-cc2538///obj/coap.o
                0x0020d022                coap_set_status_code
 .text.coap_set_token
                0x0020d02e       0x16 build/openmote-cc2538///obj/coap.o
                0x0020d02e                coap_set_token
 .text.coap_set_header_content_format
                0x0020d044        0xe build/openmote-cc2538///obj/coap.o
                0x0020d044                coap_set_header_content_format
 .text.coap_get_header_accept
                0x0020d052       0x18 build/openmote-cc2538///obj/coap.o
                0x0020d052                coap_get_header_accept
 .text.coap_set_header_max_age
                0x0020d06a        0xe build/openmote-cc2538///obj/coap.o
                0x0020d06a                coap_set_header_max_age
 .text.coap_get_header_uri_path
                0x0020d078       0x16 build/openmote-cc2538///obj/coap.o
                0x0020d078                coap_get_header_uri_path
 .text.coap_set_header_uri_path
                0x0020d08e       0x20 build/openmote-cc2538///obj/coap.o
                0x0020d08e                coap_set_header_uri_path
 .text.coap_set_header_observe
                0x0020d0ae        0xe build/openmote-cc2538///obj/coap.o
                0x0020d0ae                coap_set_header_observe
 .text.coap_get_header_block2
                0x0020d0bc       0x32 build/openmote-cc2538///obj/coap.o
                0x0020d0bc                coap_get_header_block2
 .text.coap_set_header_block2
                0x0020d0ee       0x32 build/openmote-cc2538///obj/coap.o
                0x0020d0ee                coap_set_header_block2
 .text.coap_set_payload
                0x0020d120       0x12 build/openmote-cc2538///obj/coap.o
                0x0020d120                coap_set_payload
 .text.coap_endpoint_copy
                0x0020d132       0x20 build/openmote-cc2538///obj/coap-uip.o
                0x0020d132                coap_endpoint_copy
 .text.coap_endpoint_cmp
                0x0020d152       0x26 build/openmote-cc2538///obj/coap-uip.o
                0x0020d152                coap_endpoint_cmp
 .text.coap_timer_set
                0x0020d178       0x1e build/openmote-cc2538///obj/coap-timer.o
                0x0020d178                coap_timer_set
 .text.autostart_start
                0x0020d196       0x14 build/openmote-cc2538///obj/autostart.o
                0x0020d196                autostart_start
 .text.stimer_set
                0x0020d1aa        0xe build/openmote-cc2538///obj/stimer.o
                0x0020d1aa                stimer_set
 .text.etimer_set
                0x0020d1b8       0x12 build/openmote-cc2538///obj/etimer.o
                0x0020d1b8                etimer_set
 .text.etimer_reset
                0x0020d1ca       0x12 build/openmote-cc2538///obj/etimer.o
                0x0020d1ca                etimer_reset
 .text.etimer_expired
                0x0020d1dc        0xa build/openmote-cc2538///obj/etimer.o
                0x0020d1dc                etimer_expired
 .text.call_process
                0x0020d1e6        0xc build/openmote-cc2538///obj/process.o
 .text.rtimer_init
                0x0020d1f2        0x4 build/openmote-cc2538///obj/rtimer.o
                0x0020d1f2                rtimer_init
 .text.timer_set
                0x0020d1f6        0xe build/openmote-cc2538///obj/timer.o
                0x0020d1f6                timer_set
 .text.timer_expired
                0x0020d204       0x1c build/openmote-cc2538///obj/timer.o
                0x0020d204                timer_expired
 .text.timer_reset
                0x0020d220       0x14 build/openmote-cc2538///obj/timer.o
                0x0020d220                timer_reset
 .text.button_hal_get_state
                0x0020d234       0x2a build/openmote-cc2538///obj/button-hal.o
                0x0020d234                button_hal_get_state
 .text.list_init
                0x0020d25e        0x6 build/openmote-cc2538///obj/list.o
                0x0020d25e                list_init
 .text.list_head
                0x0020d264        0x4 build/openmote-cc2538///obj/list.o
                0x0020d264                list_head
 .text.list_tail
                0x0020d268       0x10 build/openmote-cc2538///obj/list.o
                0x0020d268                list_tail
 .text.list_remove
                0x0020d278       0x26 build/openmote-cc2538///obj/list.o
                0x0020d278                list_remove
 .text.list_add
                0x0020d29e       0x1a build/openmote-cc2538///obj/list.o
                0x0020d29e                list_add
 .text.list_push
                0x0020d2b8       0x10 build/openmote-cc2538///obj/list.o
                0x0020d2b8                list_push
 .text.list_length
                0x0020d2c8        0xe build/openmote-cc2538///obj/list.o
                0x0020d2c8                list_length
 .text.list_insert
                0x0020d2d6       0x1e build/openmote-cc2538///obj/list.o
                0x0020d2d6                list_insert
 .text.list_item_next
                0x0020d2f4        0x6 build/openmote-cc2538///obj/list.o
                0x0020d2f4                list_item_next
 .text.memb_init
                0x0020d2fa       0x20 build/openmote-cc2538///obj/memb.o
                0x0020d2fa                memb_init
 .text.memb_alloc
                0x0020d31a       0x28 build/openmote-cc2538///obj/memb.o
                0x0020d31a                memb_alloc
 .text.memb_free
                0x0020d342       0x2c build/openmote-cc2538///obj/memb.o
                0x0020d342                memb_free
 .text.memb_inmemb
                0x0020d36e       0x1c build/openmote-cc2538///obj/memb.o
                0x0020d36e                memb_inmemb
 .text.memb_numfree
                0x0020d38a       0x1c build/openmote-cc2538///obj/memb.o
                0x0020d38a                memb_numfree
 .text.ringbuf_init
                0x0020d3a6        0xe build/openmote-cc2538///obj/ringbuf.o
                0x0020d3a6                ringbuf_init
 .text.ringbuf_put
                0x0020d3b4       0x26 build/openmote-cc2538///obj/ringbuf.o
                0x0020d3b4                ringbuf_put
 .text.ringbuf_get
                0x0020d3da       0x20 build/openmote-cc2538///obj/ringbuf.o
                0x0020d3da                ringbuf_get
 .text.queuebuf_update_attr_from_packetbuf
                0x0020d3fa        0xc build/openmote-cc2538///obj/queuebuf.o
                0x0020d3fa                queuebuf_update_attr_from_packetbuf
 .text.item_from_index
                0x0020d406       0x14 build/openmote-cc2538///obj/nbr-table.o
 .text.index_from_item
                0x0020d41a       0x16 build/openmote-cc2538///obj/nbr-table.o
 .text.nbr_set_bit
                0x0020d430       0x38 build/openmote-cc2538///obj/nbr-table.o
 .text.nbr_table_get_from_lladdr
                0x0020d468       0x26 build/openmote-cc2538///obj/nbr-table.o
                0x0020d468                nbr_table_get_from_lladdr
 .text.linkaddr_copy
                0x0020d48e        0x6 build/openmote-cc2538///obj/linkaddr.o
                0x0020d48e                linkaddr_copy
 .text.linkaddr_cmp
                0x0020d494       0x10 build/openmote-cc2538///obj/linkaddr.o
                0x0020d494                linkaddr_cmp
 .text.link_stats_is_fresh
                0x0020d4a4       0x24 build/openmote-cc2538///obj/link-stats.o
                0x0020d4a4                link_stats_is_fresh
 .text.guess_etx_from_rssi
                0x0020d4c8       0x40 build/openmote-cc2538///obj/link-stats.o
                0x0020d4c8                guess_etx_from_rssi
 .text.mac_call_sent_callback
                0x0020d508       0x18 build/openmote-cc2538///obj/mac.o
                0x0020d508                mac_call_sent_callback
 .text.parse    0x0020d520       0x94 build/openmote-cc2538///obj/framer-802154.o
 .text.framer_802154_setup_params
                0x0020d5b4       0x84 build/openmote-cc2538///obj/framer-802154.o
                0x0020d5b4                framer_802154_setup_params
 .text.create   0x0020d638        0x6 build/openmote-cc2538///obj/framer-802154.o
 .text.hdr_length
                0x0020d63e        0x6 build/openmote-cc2538///obj/framer-802154.o
 .text.frame802154_has_panid
                0x0020d644       0xa6 build/openmote-cc2538///obj/frame802154.o
                0x0020d644                frame802154_has_panid
 .text.field_len
                0x0020d6ea       0x84 build/openmote-cc2538///obj/frame802154.o
 .text.frame802154_is_broadcast_addr
                0x0020d76e       0x1e build/openmote-cc2538///obj/frame802154.o
                0x0020d76e                frame802154_is_broadcast_addr
 .text.frame802154_hdrlen
                0x0020d78c       0x32 build/openmote-cc2538///obj/frame802154.o
                0x0020d78c                frame802154_hdrlen
 .text.frame802154_create_fcf
                0x0020d7be       0x60 build/openmote-cc2538///obj/frame802154.o
                0x0020d7be                frame802154_create_fcf
 .text.frame802154_create
                0x0020d81e       0x94 build/openmote-cc2538///obj/frame802154.o
                0x0020d81e                frame802154_create
 .text.frame802154_parse_fcf
                0x0020d8b2       0x66 build/openmote-cc2538///obj/frame802154.o
                0x0020d8b2                frame802154_parse_fcf
 .text.write_str
                0x0020d918       0x10 build/openmote-cc2538///obj/printf.o
 .text.buffer_str
                0x0020d928       0x28 build/openmote-cc2538///obj/snprintf.o
 .text.snprintf
                0x0020d950       0x1a build/openmote-cc2538///obj/snprintf.o
                0x0020d950                snprintf
 .text.putchar  0x0020d96a        0xc build/openmote-cc2538///obj/putchar.o
                0x0020d96a                putchar
 .text.send_packet
                0x0020d976        0x4 build/openmote-cc2538///obj/csma.o
 .text.init     0x0020d97a        0xe build/openmote-cc2538///obj/csma.o
 .text.uipbuf_set_len_field
                0x0020d988        0x8 build/openmote-cc2538///obj/uipbuf.o
                0x0020d988                uipbuf_set_len_field
 .text.uipbuf_get_len_field
                0x0020d990        0xc build/openmote-cc2538///obj/uipbuf.o
                0x0020d990                uipbuf_get_len_field
 .text.uipbuf_get_next_header
                0x0020d99c       0x4e build/openmote-cc2538///obj/uipbuf.o
                0x0020d99c                uipbuf_get_next_header
 .text.uipbuf_get_last_header
                0x0020d9ea       0x2c build/openmote-cc2538///obj/uipbuf.o
                0x0020d9ea                uipbuf_get_last_header
 .text.uipbuf_search_header
                0x0020da16       0x40 build/openmote-cc2538///obj/uipbuf.o
                0x0020da16                uipbuf_search_header
 .text.uip_sr_expire_parent
                0x0020da56       0x28 build/openmote-cc2538///obj/uip-sr.o
                0x0020da56                uip_sr_expire_parent
 .text.uip_ds6_list_loop
                0x0020da7e       0x50 build/openmote-cc2538///obj/uip-ds6.o
                0x0020da7e                uip_ds6_list_loop
 .text.uip_ds6_maddr_rm
                0x0020dace        0x8 build/openmote-cc2538///obj/uip-ds6.o
                0x0020dace                uip_ds6_maddr_rm
 .text.uip_ds6_set_addr_iid
                0x0020dad6       0x16 build/openmote-cc2538///obj/uip-ds6.o
                0x0020dad6                uip_ds6_set_addr_iid
 .text.uip_ds6_set_lladdr_from_iid
                0x0020daec       0x16 build/openmote-cc2538///obj/uip-ds6.o
                0x0020daec                uip_ds6_set_lladdr_from_iid
 .text.get_match_length
                0x0020db02       0x3e build/openmote-cc2538///obj/uip-ds6.o
                0x0020db02                get_match_length
 .text.uip_udp_packet_sendto
                0x0020db40       0x50 build/openmote-cc2538///obj/uip-udp-packet.o
                0x0020db40                uip_udp_packet_sendto
 .text.uip_ds6_nbr_lookup
                0x0020db90       0x2c build/openmote-cc2538///obj/uip-ds6-nbr.o
                0x0020db90                uip_ds6_nbr_lookup
 .text.uip_ds6_nbr_update_ll
                0x0020dbbc       0x5e build/openmote-cc2538///obj/uip-ds6-nbr.o
                0x0020dbbc                uip_ds6_nbr_update_ll
 .text.uip_ds6_nbr_ipaddr_from_lladdr
                0x0020dc1a        0x4 build/openmote-cc2538///obj/uip-ds6-nbr.o
                0x0020dc1a                uip_ds6_nbr_ipaddr_from_lladdr
 .text.uip_ds6_nbr_lladdr_from_ipaddr
                0x0020dc1e       0x12 build/openmote-cc2538///obj/uip-ds6-nbr.o
                0x0020dc1e                uip_ds6_nbr_lladdr_from_ipaddr
 .text.uip_ds6_link_callback
                0x0020dc30        0x2 build/openmote-cc2538///obj/uip-ds6-nbr.o
                0x0020dc30                uip_ds6_link_callback
 .text.chksum   0x0020dc32       0x38 build/openmote-cc2538///obj/uip6.o
 .text.uip_icmp6chksum
                0x0020dc6a        0x6 build/openmote-cc2538///obj/uip6.o
                0x0020dc6a                uip_icmp6chksum
 .text.uip_udpchksum
                0x0020dc70        0x6 build/openmote-cc2538///obj/uip6.o
                0x0020dc70                uip_udpchksum
 .text.uip_htonl
                0x0020dc76       0x18 build/openmote-cc2538///obj/uip6.o
                0x0020dc76                uip_htonl
 .text.uip_ds6_route_nexthop
                0x0020dc8e        0x4 build/openmote-cc2538///obj/uip-ds6-route.o
                0x0020dc8e                uip_ds6_route_nexthop
 .text.uip_ds6_route_lookup
                0x0020dc92        0x4 build/openmote-cc2538///obj/uip-ds6-route.o
                0x0020dc92                uip_ds6_route_lookup
 .text.uip_ds6_route_rm
                0x0020dc96        0x2 build/openmote-cc2538///obj/uip-ds6-route.o
                0x0020dc96                uip_ds6_route_rm
 .text.rpl_neighbor_get_ipaddr
                0x0020dc98        0xe build/openmote-cc2538///obj/rpl-neighbor.o
                0x0020dc98                rpl_neighbor_get_ipaddr
 .text.rpl_neighbor_get_link_stats
                0x0020dca6        0xe build/openmote-cc2538///obj/rpl-neighbor.o
                0x0020dca6                rpl_neighbor_get_link_stats
 .text.rpl_neighbor_is_fresh
                0x0020dcb4        0xe build/openmote-cc2538///obj/rpl-neighbor.o
                0x0020dcb4                rpl_neighbor_is_fresh
 .text.handle_state_update
                0x0020dcc2        0x4 build/openmote-cc2538///obj/rpl-timers.o
 .text.get_probing_delay
                0x0020dcc6       0x1a build/openmote-cc2538///obj/rpl-timers.o
                0x0020dcc6                get_probing_delay
 .text.handle_probing_timer
                0x0020dce0       0x24 build/openmote-cc2538///obj/rpl-timers.o
 .text.drop_route
                0x0020dd04        0x2 build/openmote-cc2538///obj/rpl.o
 .text.neighbor_state_changed
                0x0020dd06        0x2 build/openmote-cc2538///obj/rpl.o
 .text.rpl_lollipop_greater_than
                0x0020dd08       0x34 build/openmote-cc2538///obj/rpl.o
                0x0020dd08                rpl_lollipop_greater_than
 .text.reset    0x0020dd3c        0x2 build/openmote-cc2538///obj/rpl-mrhof.o
 .text.nbr_link_metric
                0x0020dd3e       0x12 build/openmote-cc2538///obj/rpl-mrhof.o
 .text.nbr_has_usable_link
                0x0020dd50       0x12 build/openmote-cc2538///obj/rpl-mrhof.o
 .text.nbr_path_cost
                0x0020dd62       0x28 build/openmote-cc2538///obj/rpl-mrhof.o
 .text.nbr_is_acceptable_parent
                0x0020dd8a       0x1e build/openmote-cc2538///obj/rpl-mrhof.o
 .text.get32    0x0020dda8       0x18 build/openmote-cc2538///obj/rpl-icmp6.o
 .text.set32    0x0020ddc0       0x12 build/openmote-cc2538///obj/rpl-icmp6.o
 .text.get16    0x0020ddd2        0xc build/openmote-cc2538///obj/rpl-icmp6.o
 .text.set16    0x0020ddde        0xa build/openmote-cc2538///obj/rpl-icmp6.o
 .text.rpl_icmp6_update_nbr_table
                0x0020dde8       0x2e build/openmote-cc2538///obj/rpl-icmp6.o
                0x0020dde8                rpl_icmp6_update_nbr_table
 .text.rpl_process_hbh
                0x0020de16       0x1c build/openmote-cc2538///obj/rpl-dag.o
                0x0020de16                rpl_process_hbh
 *(SORT(.rodata*))
 *fill*         0x0020de32        0x2 00000000
 .rodata.sht21  0x0020de34       0x10 build/openmote-cc2538///obj/sht21.o
                0x0020de34                sht21
 .rodata.uart_regs
                0x0020de44       0x58 build/openmote-cc2538///obj/uart.o
 .rodata.cc2538_rf_driver
                0x0020de9c       0x38 build/openmote-cc2538///obj/cc2538-rf.o
                0x0020de9c                cc2538_rf_driver
 .rodata.output_power
                0x0020ded4       0x70 build/openmote-cc2538///obj/cc2538-rf.o
 .rodata.cc2538_temp_sensor
                0x0020df44       0x10 build/openmote-cc2538///obj/cc2538-temp-sensor.o
                0x0020df44                cc2538_temp_sensor
 .rodata.coap_timer_default_driver
                0x0020df54        0xc build/openmote-cc2538///obj/coap-timer-default.o
                0x0020df54                coap_timer_default_driver
 .rodata.framer_802154
                0x0020df60        0xc build/openmote-cc2538///obj/framer-802154.o
                0x0020df60                framer_802154
 .rodata.csma_driver
                0x0020df6c       0x1c build/openmote-cc2538///obj/csma.o
                0x0020df6c                csma_driver
 .rodata.sicslowpan_driver
                0x0020df88       0x10 build/openmote-cc2538///obj/sicslowpan.o
                0x0020df88                sicslowpan_driver
 .rodata.rpl_lite_driver
                0x0020df98       0x50 build/openmote-cc2538///obj/rpl.o
                0x0020df98                rpl_lite_driver
 .rodata.autostart_processes
                0x0020dfe8        0x8 coap-example-server.o
                0x0020dfe8                autostart_processes
 .rodata.str1.4
                0x0020dff0        0x4 /usr/lib/gcc/arm-none-eabi/5.4.1/../../../arm-none-eabi/lib/armv7-m/libc.a(lib_a-impure.o)
                                  0x2 (size before relaxing)
 .rodata.linkaddr_null
                0x0020dff4        0x8 build/openmote-cc2538///obj/linkaddr.o
                0x0020dff4                linkaddr_null
 .rodata.str1.1
                0x0020dffc       0x34 build/openmote-cc2538///obj/platform.o
                                 0x38 (size before relaxing)
 .rodata.leds_arch_leds
                0x0020e030        0x8 build/openmote-cc2538///obj/leds-arch.o
                0x0020e030                leds_arch_leds
 .rodata.str1.1
                0x0020e038        0xc build/openmote-cc2538///obj/board-buttons.o
 .rodata.str1.1
                0x0020e044        0xd build/openmote-cc2538///obj/sht21.o
 .rodata.str1.1
                0x0020e051       0x11 build/openmote-cc2538///obj/cc2538-rf.o
 .rodata.str1.1
                0x0020e062       0x14 build/openmote-cc2538///obj/cc2538-temp-sensor.o
 .rodata.str1.1
                0x0020e076      0x175 build/openmote-cc2538///obj/res-energest-periodic.o
                                0x189 (size before relaxing)
 .rodata.str1.1