Archive member included to satisfy reference by file (symbol)

/usr/lib/gcc/arm-none-eabi/5.4.1/armv7-m/libgcc.a(_aeabi_uldivmod.o)
                              build/openmote-cc2538///obj/spi-legacy.o (__aeabi_uldivmod)
/usr/lib/gcc/arm-none-eabi/5.4.1/armv7-m/libgcc.a(_udivmoddi4.o)
                              /usr/lib/gcc/arm-none-eabi/5.4.1/armv7-m/libgcc.a(_aeabi_uldivmod.o) (__udivmoddi4)
/usr/lib/gcc/arm-none-eabi/5.4.1/armv7-m/libgcc.a(_dvmd_tls.o)
                              /usr/lib/gcc/arm-none-eabi/5.4.1/armv7-m/libgcc.a(_aeabi_uldivmod.o) (__aeabi_ldiv0)
/usr/lib/gcc/arm-none-eabi/5.4.1/../../../arm-none-eabi/lib/armv7-m/libc.a(lib_a-abs.o)
                              build/openmote-cc2538///obj/res-temperature.o (abs)
/usr/lib/gcc/arm-none-eabi/5.4.1/../../../arm-none-eabi/lib/armv7-m/libc.a(lib_a-atoi.o)
                              build/openmote-cc2538///obj/res-hello.o (atoi)
/usr/lib/gcc/arm-none-eabi/5.4.1/../../../arm-none-eabi/lib/armv7-m/libc.a(lib_a-ctype_.o)
                              build/openmote-cc2538///obj/resolv.o (__ctype_ptr__)
/usr/lib/gcc/arm-none-eabi/5.4.1/../../../arm-none-eabi/lib/armv7-m/libc.a(lib_a-memchr-stub.o)
                              build/openmote-cc2538///obj/coap.o (memchr)
/usr/lib/gcc/arm-none-eabi/5.4.1/../../../arm-none-eabi/lib/armv7-m/libc.a(lib_a-memcmp.o)
                              build/openmote-cc2538///obj/coap-observe.o (memcmp)
/usr/lib/gcc/arm-none-eabi/5.4.1/../../../arm-none-eabi/lib/armv7-m/libc.a(lib_a-memcpy.o)
                              build/openmote-cc2538///obj/ecc-algorithm.o (memcpy)
/usr/lib/gcc/arm-none-eabi/5.4.1/../../../arm-none-eabi/lib/armv7-m/libc.a(lib_a-memmove.o)
                              build/openmote-cc2538///obj/coap.o (memmove)
/usr/lib/gcc/arm-none-eabi/5.4.1/../../../arm-none-eabi/lib/armv7-m/libc.a(lib_a-memset.o)
                              build/openmote-cc2538///obj/udma.o (memset)
/usr/lib/gcc/arm-none-eabi/5.4.1/../../../arm-none-eabi/lib/armv7-m/libc.a(lib_a-rand.o)
                              build/openmote-cc2538///obj/coap-transactions.o (rand)
/usr/lib/gcc/arm-none-eabi/5.4.1/../../../arm-none-eabi/lib/armv7-m/libc.a(lib_a-reent.o)
                              build/openmote-cc2538///obj/syscalls.o (errno)
/usr/lib/gcc/arm-none-eabi/5.4.1/../../../arm-none-eabi/lib/armv7-m/libc.a(lib_a-strcasecmp.o)
                              build/openmote-cc2538///obj/resolv.o (strcasecmp)
/usr/lib/gcc/arm-none-eabi/5.4.1/../../../arm-none-eabi/lib/armv7-m/libc.a(lib_a-strchr.o)
                              build/openmote-cc2538///obj/coap.o (strchr)
/usr/lib/gcc/arm-none-eabi/5.4.1/../../../arm-none-eabi/lib/armv7-m/libc.a(lib_a-strcmp.o)
                              build/openmote-cc2538///obj/cfs-coffee.o (strcmp)
/usr/lib/gcc/arm-none-eabi/5.4.1/../../../arm-none-eabi/lib/armv7-m/libc.a(lib_a-strlen-stub.o)
                              build/openmote-cc2538///obj/res-chunks.o (strlen)
/usr/lib/gcc/arm-none-eabi/5.4.1/../../../arm-none-eabi/lib/armv7-m/libc.a(lib_a-strncasecmp.o)
                              build/openmote-cc2538///obj/resolv.o (strncasecmp)
/usr/lib/gcc/arm-none-eabi/5.4.1/../../../arm-none-eabi/lib/armv7-m/libc.a(lib_a-strncat.o)
                              build/openmote-cc2538///obj/resolv.o (strncat)
/usr/lib/gcc/arm-none-eabi/5.4.1/../../../arm-none-eabi/lib/armv7-m/libc.a(lib_a-strncmp.o)
                              build/openmote-cc2538///obj/res-leds.o (strncmp)
/usr/lib/gcc/arm-none-eabi/5.4.1/../../../arm-none-eabi/lib/armv7-m/libc.a(lib_a-strncpy.o)
                              build/openmote-cc2538///obj/cfs-coffee.o (strncpy)
/usr/lib/gcc/arm-none-eabi/5.4.1/../../../arm-none-eabi/lib/armv7-m/libc.a(lib_a-strtol.o)
                              /usr/lib/gcc/arm-none-eabi/5.4.1/../../../arm-none-eabi/lib/armv7-m/libc.a(lib_a-atoi.o) (_strtol_r)
/usr/lib/gcc/arm-none-eabi/5.4.1/../../../arm-none-eabi/lib/armv7-m/libc.a(lib_a-freer.o)
                              /usr/lib/gcc/arm-none-eabi/5.4.1/../../../arm-none-eabi/lib/armv7-m/libc.a(lib_a-reent.o) (_free_r)
/usr/lib/gcc/arm-none-eabi/5.4.1/../../../arm-none-eabi/lib/armv7-m/libc.a(lib_a-impure.o)
                              /usr/lib/gcc/arm-none-eabi/5.4.1/../../../arm-none-eabi/lib/armv7-m/libc.a(lib_a-rand.o) (_impure_ptr)
/usr/lib/gcc/arm-none-eabi/5.4.1/../../../arm-none-eabi/lib/armv7-m/libc.a(lib_a-mallocr.o)
                              /usr/lib/gcc/arm-none-eabi/5.4.1/../../../arm-none-eabi/lib/armv7-m/libc.a(lib_a-freer.o) (__malloc_current_mallinfo)
/usr/lib/gcc/arm-none-eabi/5.4.1/../../../arm-none-eabi/lib/armv7-m/libc.a(lib_a-mlock.o)
                              /usr/lib/gcc/arm-none-eabi/5.4.1/../../../arm-none-eabi/lib/armv7-m/libc.a(lib_a-freer.o) (__malloc_lock)
/usr/lib/gcc/arm-none-eabi/5.4.1/../../../arm-none-eabi/lib/armv7-m/libc.a(lib_a-sbrkr.o)
[...]
Memory Configuration

Name             Origin             Length             Attributes
FLASH_FW         0x00202000         0x0003dfd4         xr
FLASH_CCA        0x0023ffd4         0x0000002c         xr
NRSRAM           0x20000000         0x00000000         xrw
FRSRAM           0x20000000         0x00008000         xrw
*default*        0x00000000         0xffffffff

Linker script and memory map

LOAD build/openmote-cc2538///obj/startup-gcc.o
LOAD build/openmote-cc2538///obj/platform.o
LOAD build/openmote-cc2538///obj/board.o
LOAD build/openmote-cc2538///obj/leds-arch.o
LOAD build/openmote-cc2538///obj/board-buttons.o
LOAD build/openmote-cc2538///obj/openmote-sensors.o
LOAD build/openmote-cc2538///obj/antenna.o
LOAD build/openmote-cc2538///obj/adxl346.o
LOAD build/openmote-cc2538///obj/max44009.o
LOAD build/openmote-cc2538///obj/sht21.o
LOAD build/openmote-cc2538///obj/tps62730.o
LOAD build/openmote-cc2538///obj/soc.o
LOAD build/openmote-cc2538///obj/clock.o
LOAD build/openmote-cc2538///obj/rtimer-arch.o
LOAD build/openmote-cc2538///obj/uart.o
LOAD build/openmote-cc2538///obj/watchdog.o
LOAD build/openmote-cc2538///obj/nvic.o
LOAD build/openmote-cc2538///obj/sys-ctrl.o
LOAD build/openmote-cc2538///obj/gpio.o
LOAD build/openmote-cc2538///obj/ioc.o
LOAD build/openmote-cc2538///obj/spi-legacy.o
LOAD build/openmote-cc2538///obj/adc.o
LOAD build/openmote-cc2538///obj/spi-arch.o
LOAD build/openmote-cc2538///obj/crypto.o
LOAD build/openmote-cc2538///obj/aes.o
LOAD build/openmote-cc2538///obj/ecb.o
LOAD build/openmote-cc2538///obj/cbc.o
LOAD build/openmote-cc2538///obj/ctr.o
LOAD build/openmote-cc2538///obj/cbc-mac.o
LOAD build/openmote-cc2538///obj/gcm.o
LOAD build/openmote-cc2538///obj/ccm.o
LOAD build/openmote-cc2538///obj/sha256.o
LOAD build/openmote-cc2538///obj/gpio-hal-arch.o
LOAD build/openmote-cc2538///obj/cc2538-aes-128.o
LOAD build/openmote-cc2538///obj/cc2538-ccm-star.o
LOAD build/openmote-cc2538///obj/cc2538-rf.o
LOAD build/openmote-cc2538///obj/udma.o
LOAD build/openmote-cc2538///obj/lpm.o
LOAD build/openmote-cc2538///obj/int-master.o
LOAD build/openmote-cc2538///obj/pka.o
LOAD build/openmote-cc2538///obj/bignum-driver.o
LOAD build/openmote-cc2538///obj/ecc-driver.o
LOAD build/openmote-cc2538///obj/ecc-algorithm.o
LOAD build/openmote-cc2538///obj/ecc-curve.o
LOAD build/openmote-cc2538///obj/dbg.o
LOAD build/openmote-cc2538///obj/ieee-addr.o
LOAD build/openmote-cc2538///obj/slip-arch.o
LOAD build/openmote-cc2538///obj/slip.o
LOAD build/openmote-cc2538///obj/i2c.o
LOAD build/openmote-cc2538///obj/cc2538-temp-sensor.o
LOAD build/openmote-cc2538///obj/vdd3-sensor.o
LOAD build/openmote-cc2538///obj/cfs-coffee.o
LOAD build/openmote-cc2538///obj/cfs-coffee-arch.o
LOAD build/openmote-cc2538///obj/pwm.o
LOAD build/openmote-cc2538///obj/usb-core.o
LOAD build/openmote-cc2538///obj/cdc-acm.o
LOAD build/openmote-cc2538///obj/usb-arch.o
LOAD build/openmote-cc2538///obj/usb-serial.o
LOAD build/openmote-cc2538///obj/cdc-acm-descriptors.o
LOAD build/openmote-cc2538///obj/res-chunks.o
LOAD build/openmote-cc2538///obj/res-radio.o
LOAD build/openmote-cc2538///obj/res-sht11.o
LOAD build/openmote-cc2538///obj/res-light.o
LOAD build/openmote-cc2538///obj/res-mirror.o
LOAD build/openmote-cc2538///obj/res-sub.o
LOAD build/openmote-cc2538///obj/res-hello.o
LOAD build/openmote-cc2538///obj/res-separate.o
LOAD build/openmote-cc2538///obj/res-event.o
LOAD build/openmote-cc2538///obj/res-leds.o
LOAD build/openmote-cc2538///obj/res-b1-sep-b2.o
LOAD build/openmote-cc2538///obj/res-battery.o
LOAD build/openmote-cc2538///obj/res-temperature.o
LOAD build/openmote-cc2538///obj/res-push.o
LOAD build/openmote-cc2538///obj/res-toggle.o
LOAD build/openmote-cc2538///obj/coap-observe-client.o
LOAD build/openmote-cc2538///obj/coap-blocking-api.o
LOAD build/openmote-cc2538///obj/coap-callback-api.o
LOAD build/openmote-cc2538///obj/coap-engine.o
LOAD build/openmote-cc2538///obj/coap-observe.o
LOAD build/openmote-cc2538///obj/coap-timer-default.o
LOAD build/openmote-cc2538///obj/coap-transactions.o
LOAD build/openmote-cc2538///obj/coap-res-well-known-core.o
LOAD build/openmote-cc2538///obj/coap-keystore-simple.o
LOAD build/openmote-cc2538///obj/coap.o
LOAD build/openmote-cc2538///obj/coap-uip.o
LOAD build/openmote-cc2538///obj/coap-separate.o
LOAD build/openmote-cc2538///obj/coap-timer.o
LOAD build/openmote-cc2538///obj/coap-block1.o
LOAD build/openmote-cc2538///obj/coap-log.o
LOAD build/openmote-cc2538///obj/contiki-main.o
LOAD build/openmote-cc2538///obj/autostart.o
LOAD build/openmote-cc2538///obj/stimer.o
LOAD build/openmote-cc2538///obj/log.o
LOAD build/openmote-cc2538///obj/energest.o
LOAD build/openmote-cc2538///obj/etimer.o
LOAD build/openmote-cc2538///obj/node-id.o
LOAD build/openmote-cc2538///obj/mutex.o
LOAD build/openmote-cc2538///obj/ctimer.o
LOAD build/openmote-cc2538///obj/compower.o
LOAD build/openmote-cc2538///obj/process.o
LOAD build/openmote-cc2538///obj/rtimer.o
LOAD build/openmote-cc2538///obj/timer.o
LOAD build/openmote-cc2538///obj/stack-check.o
LOAD build/openmote-cc2538///obj/button-hal.o
LOAD build/openmote-cc2538///obj/serial-line.o
LOAD build/openmote-cc2538///obj/spi.o
LOAD build/openmote-cc2538///obj/leds.o
LOAD build/openmote-cc2538///obj/nullradio.o
LOAD build/openmote-cc2538///obj/gpio-hal.o
LOAD build/openmote-cc2538///obj/dbl-circ-list.o
LOAD build/openmote-cc2538///obj/crc16.o
LOAD build/openmote-cc2538///obj/ifft.o
LOAD build/openmote-cc2538///obj/trickle-timer.o
LOAD build/openmote-cc2538///obj/sensors.o
LOAD build/openmote-cc2538///obj/dbl-list.o
LOAD build/openmote-cc2538///obj/ringbufindex.o
LOAD build/openmote-cc2538///obj/ccm-star.o
LOAD build/openmote-cc2538///obj/list.o
LOAD build/openmote-cc2538///obj/circular-list.o
LOAD build/openmote-cc2538///obj/aes-128.o
LOAD build/openmote-cc2538///obj/memb.o
LOAD build/openmote-cc2538///obj/heapmem.o
LOAD build/openmote-cc2538///obj/random.o
LOAD build/openmote-cc2538///obj/assert.o
LOAD build/openmote-cc2538///obj/ringbuf.o
LOAD build/openmote-cc2538///obj/queuebuf.o
LOAD build/openmote-cc2538///obj/nbr-table.o
LOAD build/openmote-cc2538///obj/packetbuf.o
LOAD build/openmote-cc2538///obj/netstack.o
LOAD build/openmote-cc2538///obj/linkaddr.o
LOAD build/openmote-cc2538///obj/net-debug.o
LOAD build/openmote-cc2538///obj/link-stats.o
LOAD build/openmote-cc2538///obj/mac-sequence.o
LOAD build/openmote-cc2538///obj/mac.o
LOAD build/openmote-cc2538///obj/frame802154e-ie.o
LOAD build/openmote-cc2538///obj/framer-802154.o
LOAD build/openmote-cc2538///obj/nullframer.o
LOAD build/openmote-cc2538///obj/frame802154.o
LOAD build/openmote-cc2538///obj/syscalls.o
LOAD build/openmote-cc2538///obj/strformat.o
LOAD build/openmote-cc2538///obj/printf.o
LOAD build/openmote-cc2538///obj/sprintf.o
LOAD build/openmote-cc2538///obj/snprintf.o
LOAD build/openmote-cc2538///obj/puts.o
LOAD build/openmote-cc2538///obj/putchar.o
LOAD build/openmote-cc2538///obj/csma-security.o
LOAD build/openmote-cc2538///obj/anti-replay.o
LOAD build/openmote-cc2538///obj/csma.o
LOAD build/openmote-cc2538///obj/csma-output.o
LOAD build/openmote-cc2538///obj/ccm-star-packetbuf.o
LOAD build/openmote-cc2538///obj/uipbuf.o
LOAD build/openmote-cc2538///obj/uip-icmp6.o
LOAD build/openmote-cc2538///obj/uip-sr.o
LOAD build/openmote-cc2538///obj/uip-ds6.o
LOAD build/openmote-cc2538///obj/uip-packetqueue.o
LOAD build/openmote-cc2538///obj/tcp-socket.o
LOAD build/openmote-cc2538///obj/tcpip.o
LOAD build/openmote-cc2538///obj/ip64-addr.o
LOAD build/openmote-cc2538///obj/uip-udp-packet.o
LOAD build/openmote-cc2538///obj/psock.o
LOAD build/openmote-cc2538///obj/uip-ds6-nbr.o
LOAD build/openmote-cc2538///obj/uip6.o
LOAD build/openmote-cc2538///obj/resolv.o
LOAD build/openmote-cc2538///obj/uip-nameserver.o
LOAD build/openmote-cc2538///obj/uip-nd6.o
LOAD build/openmote-cc2538///obj/udp-socket.o
LOAD build/openmote-cc2538///obj/simple-udp.o
LOAD build/openmote-cc2538///obj/uip-ds6-route.o
LOAD build/openmote-cc2538///obj/sicslowpan.o
LOAD build/openmote-cc2538///obj/uiplib.o
LOAD build/openmote-cc2538///obj/rpl-nbr-policy.o
LOAD build/openmote-cc2538///obj/rpl-of0.o
LOAD build/openmote-cc2538///obj/rpl-neighbor.o
LOAD build/openmote-cc2538///obj/rpl-timers.o
LOAD build/openmote-cc2538///obj/rpl-ext-header.o
LOAD build/openmote-cc2538///obj/rpl.o
LOAD build/openmote-cc2538///obj/rpl-mrhof.o
LOAD build/openmote-cc2538///obj/rpl-icmp6.o
LOAD build/openmote-cc2538///obj/rpl-dag.o
LOAD build/openmote-cc2538///obj/rpl-dag-root.o
LOAD coap-example-server.o
START GROUP
LOAD /usr/lib/gcc/arm-none-eabi/5.4.1/../../../arm-none-eabi/lib/armv7-m/libm.a
END GROUP
START GROUP
LOAD /usr/lib/gcc/arm-none-eabi/5.4.1/armv7-m/libgcc.a
LOAD /usr/lib/gcc/arm-none-eabi/5.4.1/../../../arm-none-eabi/lib/armv7-m/libc.a
END GROUP

.text           0x00202000     0xd4e8
                0x00202000                _text = .
 *(SORT(.vectors))
 .vectors       0x00202000      0x28c build/openmote-cc2538///obj/startup-gcc.o
                0x00202000                vectors
 *(SORT(.text*))
 .text.reset_handler
                0x0020228c       0x40 build/openmote-cc2538///obj/startup-gcc.o
                0x0020228c                reset_handler
 .text.platform_init_stage_two
                0x002022cc       0x64 build/openmote-cc2538///obj/platform.o
                0x002022cc                platform_init_stage_two
 .text.platform_init_stage_three
                0x00202330       0x8c build/openmote-cc2538///obj/platform.o
                0x00202330                platform_init_stage_three
 .text.antenna_external
                0x002023bc       0x14 build/openmote-cc2538///obj/antenna.o
                0x002023bc                antenna_external
 .text.antenna_init
                0x002023d0       0x1c build/openmote-cc2538///obj/antenna.o
                0x002023d0                antenna_init
 .text.status   0x002023ec       0x14 build/openmote-cc2538///obj/sht21.o
 .text.configure
                0x00202400       0x8c build/openmote-cc2538///obj/sht21.o
 .text.value    0x0020248c       0x68 build/openmote-cc2538///obj/sht21.o
 .text.soc_get_rev
                0x002024f4       0x18 build/openmote-cc2538///obj/soc.o
                0x002024f4                soc_get_rev
 .text.soc_print_info
                0x0020250c       0x10 build/openmote-cc2538///obj/soc.o
                0x0020250c                soc_print_info
 .text.update_ticks
                0x0020251c       0x4c build/openmote-cc2538///obj/clock.o
 .text.clock_init
                0x00202568       0x4c build/openmote-cc2538///obj/clock.o
                0x00202568                clock_init
 .text.clock_time
                0x002025b4       0x14 build/openmote-cc2538///obj/clock.o
                0x002025b4                clock_time
 .text.clock_seconds
                0x002025c8       0x14 build/openmote-cc2538///obj/clock.o
                0x002025c8                clock_seconds
 .text.clock_delay_usec
                0x002025dc       0x1c build/openmote-cc2538///obj/clock.o
                0x002025dc                clock_delay_usec
 .text.clock_adjust
                0x002025f8       0x20 build/openmote-cc2538///obj/clock.o
                0x002025f8                clock_adjust
 .text.rtimer_arch_next_trigger
                0x00202618        0xc build/openmote-cc2538///obj/rtimer-arch.o
                0x00202618                rtimer_arch_next_trigger
 .text.rtimer_arch_now
                0x00202624       0x2c build/openmote-cc2538///obj/rtimer-arch.o
                0x00202624                rtimer_arch_now
 .text.rtimer_arch_schedule
                0x00202650       0x58 build/openmote-cc2538///obj/rtimer-arch.o
                0x00202650                rtimer_arch_schedule
 .text.rtimer_isr
                0x002026a8       0x2c build/openmote-cc2538///obj/rtimer-arch.o
                0x002026a8                rtimer_isr
 .text.permit_pm1
                0x002026d4       0x24 build/openmote-cc2538///obj/uart.o
 .text.uart_isr
                0x002026f8       0x64 build/openmote-cc2538///obj/uart.o
 .text.uart_init
                0x0020275c      0x198 build/openmote-cc2538///obj/uart.o
                0x0020275c                uart_init
 .text.uart_set_input
                0x002028f4       0x10 build/openmote-cc2538///obj/uart.o
                0x002028f4                uart_set_input
 .text.uart_write_byte
                0x00202904       0x1c build/openmote-cc2538///obj/uart.o
                0x00202904                uart_write_byte
 .text.watchdog_init
                0x00202920        0xc build/openmote-cc2538///obj/watchdog.o
                0x00202920                watchdog_init
 .text.watchdog_start
                0x0020292c        0xc build/openmote-cc2538///obj/watchdog.o
                0x0020292c                watchdog_start
 .text.watchdog_periodic
                0x00202938       0x10 build/openmote-cc2538///obj/watchdog.o
                0x00202938                watchdog_periodic
 .text.nvic_init
                0x00202948       0x10 build/openmote-cc2538///obj/nvic.o
                0x00202948                nvic_init
 .text.sys_ctrl_init
                0x00202958       0x74 build/openmote-cc2538///obj/sys-ctrl.o
                0x00202958                sys_ctrl_init
 .text.gpio_port_isr
                0x002029cc       0x4c build/openmote-cc2538///obj/gpio.o
 .text.ioc_init
                0x00202a18       0x1c build/openmote-cc2538///obj/ioc.o
                0x00202a18                ioc_init
 .text.ioc_set_over
                0x00202a34       0x14 build/openmote-cc2538///obj/ioc.o
                0x00202a34                ioc_set_over
 .text.ioc_set_sel
                0x00202a48       0x14 build/openmote-cc2538///obj/ioc.o
                0x00202a48                ioc_set_sel
 .text.adc_get  0x00202a5c       0x74 build/openmote-cc2538///obj/adc.o
                0x00202a5c                adc_get
 .text.permit_pm1
                0x00202ad0       0x10 build/openmote-cc2538///obj/crypto.o
 .text.crypto_isr
                0x00202ae0       0x28 build/openmote-cc2538///obj/crypto.o
                0x00202ae0                crypto_isr
 .text.crypto_enable
                0x00202b08       0x20 build/openmote-cc2538///obj/crypto.o
                0x00202b08                crypto_enable
 .text.crypto_init
                0x00202b28       0x3c build/openmote-cc2538///obj/crypto.o
                0x00202b28                crypto_init
 .text.crypto_disable
                0x00202b64       0x20 build/openmote-cc2538///obj/crypto.o
                0x00202b64                crypto_disable
 .text.gpio_hal_arch_pin_cfg_set
                0x00202b84       0xe0 build/openmote-cc2538///obj/gpio-hal-arch.o
                0x00202b84                gpio_hal_arch_pin_cfg_set
 .text.on       0x00202c64       0x28 build/openmote-cc2538///obj/cc2538-rf.o
 .text.off      0x00202c8c       0x40 build/openmote-cc2538///obj/cc2538-rf.o
 .text.set_channel
                0x00202ccc       0x38 build/openmote-cc2538///obj/cc2538-rf.o
 .text.channel_clear
                0x00202d04       0x3c build/openmote-cc2538///obj/cc2538-rf.o
 .text.receiving_packet
                0x00202d40       0x18 build/openmote-cc2538///obj/cc2538-rf.o
 .text.pending_packet
                0x00202d58       0x10 build/openmote-cc2538///obj/cc2538-rf.o
 .text.get_value
                0x00202d68      0x178 build/openmote-cc2538///obj/cc2538-rf.o
 .text.prepare  0x00202ee0       0x60 build/openmote-cc2538///obj/cc2538-rf.o
 .text.transmit
                0x00202f40       0x98 build/openmote-cc2538///obj/cc2538-rf.o
 .text.set_poll_mode
                0x00202fd8       0x9c build/openmote-cc2538///obj/cc2538-rf.o
 .text.set_object
                0x00203074       0x30 build/openmote-cc2538///obj/cc2538-rf.o
 .text.read     0x002030a4       0xdc build/openmote-cc2538///obj/cc2538-rf.o
 .text.init     0x00203180       0xe8 build/openmote-cc2538///obj/cc2538-rf.o
 .text.process_thread_cc2538_rf_process
                0x00203268       0x90 build/openmote-cc2538///obj/cc2538-rf.o
 .text.get_object
                0x002032f8      0x144 build/openmote-cc2538///obj/cc2538-rf.o
 .text.set_value
                0x0020343c      0x18c build/openmote-cc2538///obj/cc2538-rf.o
 .text.cc2538_rf_rx_tx_isr
                0x002035c8       0x24 build/openmote-cc2538///obj/cc2538-rf.o
                0x002035c8                cc2538_rf_rx_tx_isr
 .text.cc2538_rf_err_isr
                0x002035ec       0x28 build/openmote-cc2538///obj/cc2538-rf.o
                0x002035ec                cc2538_rf_err_isr
 .text.udma_init
                0x00203614       0x34 build/openmote-cc2538///obj/udma.o
                0x00203614                udma_init
 .text.udma_set_channel_src
                0x00203648       0x10 build/openmote-cc2538///obj/udma.o
                0x00203648                udma_set_channel_src
 .text.udma_set_channel_dst
                0x00203658       0x14 build/openmote-cc2538///obj/udma.o
                0x00203658                udma_set_channel_dst
 .text.udma_set_channel_control_word
                0x0020366c       0x14 build/openmote-cc2538///obj/udma.o
                0x0020366c                udma_set_channel_control_word
 .text.udma_channel_enable
                0x00203680       0x18 build/openmote-cc2538///obj/udma.o
                0x00203680                udma_channel_enable
 .text.udma_channel_mask_set
                0x00203698       0x18 build/openmote-cc2538///obj/udma.o
                0x00203698                udma_channel_mask_set
 .text.udma_channel_sw_request
                0x002036b0       0x18 build/openmote-cc2538///obj/udma.o
                0x002036b0                udma_channel_sw_request
 .text.udma_channel_get_mode
                0x002036c8       0x1c build/openmote-cc2538///obj/udma.o
                0x002036c8                udma_channel_get_mode
 .text.udma_isr
                0x002036e4       0x10 build/openmote-cc2538///obj/udma.o
                0x002036e4                udma_isr
 .text.udma_err_isr
                0x002036f4        0xc build/openmote-cc2538///obj/udma.o
                0x002036f4                udma_err_isr
 .text.select_32_mhz_xosc
                0x00203700       0x30 build/openmote-cc2538///obj/lpm.o
 .text.lpm_exit
                0x00203730       0x34 build/openmote-cc2538///obj/lpm.o
                0x00203730                lpm_exit
 .text.lpm_enter
                0x00203764       0xb8 build/openmote-cc2538///obj/lpm.o
                0x00203764                lpm_enter
 .text.lpm_register_peripheral
                0x0020381c       0x24 build/openmote-cc2538///obj/lpm.o
                0x0020381c                lpm_register_peripheral
 .text.lpm_init
                0x00203840       0x24 build/openmote-cc2538///obj/lpm.o
                0x00203840                lpm_init
 .text.pka_isr  0x00203864       0x28 build/openmote-cc2538///obj/pka.o
                0x00203864                pka_isr
 .text.ieee_addr_cpy_to
                0x0020388c       0x60 build/openmote-cc2538///obj/ieee-addr.o
                0x0020388c                ieee_addr_cpy_to
 .text.i2c_master_enable
                0x002038ec       0x10 build/openmote-cc2538///obj/i2c.o
                0x002038ec                i2c_master_enable
 .text.i2c_set_frequency
                0x002038fc       0x1c build/openmote-cc2538///obj/i2c.o
                0x002038fc                i2c_set_frequency
 .text.i2c_init
                0x00203918       0xc8 build/openmote-cc2538///obj/i2c.o
                0x00203918                i2c_init
 .text.i2c_master_command
                0x002039e0       0x10 build/openmote-cc2538///obj/i2c.o
                0x002039e0                i2c_master_command
 .text.i2c_master_error
                0x002039f0       0x1c build/openmote-cc2538///obj/i2c.o
                0x002039f0                i2c_master_error
 .text.i2c_single_send
                0x00203a0c       0x28 build/openmote-cc2538///obj/i2c.o
                0x00203a0c                i2c_single_send
 .text.i2c_single_receive
                0x00203a34       0x38 build/openmote-cc2538///obj/i2c.o
                0x00203a34                i2c_single_receive
 .text.i2c_burst_send
                0x00203a6c       0x98 build/openmote-cc2538///obj/i2c.o
                0x00203a6c                i2c_burst_send
 .text.i2c_burst_receive
                0x00203b04       0x98 build/openmote-cc2538///obj/i2c.o
                0x00203b04                i2c_burst_receive
 .text.res_get_handler
                0x00203b9c       0x90 build/openmote-cc2538///obj/res-chunks.o
 .text.res_any_handler
                0x00203c2c      0x3c0 build/openmote-cc2538///obj/res-mirror.o
 .text.res_get_handler
                0x00203fec       0x70 build/openmote-cc2538///obj/res-sub.o
 .text.res_get_handler
                0x0020405c       0x60 build/openmote-cc2538///obj/res-hello.o
 .text.res_get_handler
                0x002040bc       0x3c build/openmote-cc2538///obj/res-separate.o
 .text.res_resume_handler
                0x002040f8       0x68 build/openmote-cc2538///obj/res-separate.o
 .text.res_event_handler
                0x00204160       0x44 build/openmote-cc2538///obj/res-event.o
 .text.res_get_handler
                0x002041a4       0x34 build/openmote-cc2538///obj/res-event.o
 .text.res_post_handler
                0x002041d8      0x108 build/openmote-cc2538///obj/res-b1-sep-b2.o
 .text.res_periodic_handler
                0x002042e0       0x58 build/openmote-cc2538///obj/res-temperature.o
 .text.res_get_handler
                0x00204338       0x94 build/openmote-cc2538///obj/res-temperature.o
 .text.res_periodic_handler
                0x002043cc       0x18 build/openmote-cc2538///obj/res-push.o
 .text.res_get_handler
                0x002043e4       0x48 build/openmote-cc2538///obj/res-push.o
 .text.process_callback
                0x0020442c       0x3c build/openmote-cc2538///obj/coap-engine.o
 .text.coap_call_handlers
                0x00204468       0x54 build/openmote-cc2538///obj/coap-engine.o
                0x00204468                coap_call_handlers
 .text.coap_receive
                0x002044bc      0x394 build/openmote-cc2538///obj/coap-engine.o
                0x002044bc                coap_receive
 .text.coap_activate_resource
                0x00204850       0x40 build/openmote-cc2538///obj/coap-engine.o
                0x00204850                coap_activate_resource
 .text.coap_engine_init
                0x00204890       0x44 build/openmote-cc2538///obj/coap-engine.o
                0x00204890                coap_engine_init
 .text.coap_get_first_resource
                0x002048d4        0xc build/openmote-cc2538///obj/coap-engine.o
                0x002048d4                coap_get_first_resource
 .text.coap_remove_observer
                0x002048e0       0x20 build/openmote-cc2538///obj/coap-observe.o
                0x002048e0                coap_remove_observer
 .text.coap_remove_observer_by_client
                0x00204900       0x30 build/openmote-cc2538///obj/coap-observe.o
                0x00204900                coap_remove_observer_by_client
 .text.coap_remove_observer_by_token
                0x00204930       0x50 build/openmote-cc2538///obj/coap-observe.o
                0x00204930                coap_remove_observer_by_token
 .text.coap_remove_observer_by_uri
                0x00204980       0x58 build/openmote-cc2538///obj/coap-observe.o
                0x00204980                coap_remove_observer_by_uri
 .text.coap_remove_observer_by_mid
                0x002049d8       0x38 build/openmote-cc2538///obj/coap-observe.o
                0x002049d8                coap_remove_observer_by_mid
 .text.coap_notify_observers_sub
                0x00204a10      0x190 build/openmote-cc2538///obj/coap-observe.o
                0x00204a10                coap_notify_observers_sub
 .text.coap_observe_handler
                0x00204ba0       0xd4 build/openmote-cc2538///obj/coap-observe.o
                0x00204ba0                coap_observe_handler
 .text.update   0x00204c74        0xc build/openmote-cc2538///obj/coap-timer-default.o
 .text.process_thread_coap_timer_process
                0x00204c80       0x84 build/openmote-cc2538///obj/coap-timer-default.o
 .text.uptime   0x00204d04       0x3c build/openmote-cc2538///obj/coap-timer-default.o
 .text.init     0x00204d40        0xc build/openmote-cc2538///obj/coap-timer-default.o
 .text.coap_new_transaction
                0x00204d4c       0x34 build/openmote-cc2538///obj/coap-transactions.o
                0x00204d4c                coap_new_transaction
 .text.coap_clear_transaction
                0x00204d80       0x2c build/openmote-cc2538///obj/coap-transactions.o
                0x00204d80                coap_clear_transaction
 .text.coap_send_transaction
                0x00204dac       0x9c build/openmote-cc2538///obj/coap-transactions.o
                0x00204dac                coap_send_transaction
 .text.coap_get_transaction_by_mid
                0x00204e48       0x1c build/openmote-cc2538///obj/coap-transactions.o
                0x00204e48                coap_get_transaction_by_mid
 .text.well_known_core_get_handler
                0x00204e64      0x15c build/openmote-cc2538///obj/coap-res-well-known-core.o
 .text.coap_init_connection
                0x00204fc0       0x10 build/openmote-cc2538///obj/coap.o
                0x00204fc0                coap_init_connection
 .text.coap_get_mid
                0x00204fd0       0x10 build/openmote-cc2538///obj/coap.o
                0x00204fd0                coap_get_mid
 .text.coap_serialize_message
                0x00204fe0      0x34c build/openmote-cc2538///obj/coap.o
                0x00204fe0                coap_serialize_message
 .text.coap_parse_message
                0x0020532c      0x2dc build/openmote-cc2538///obj/coap.o
                0x0020532c                coap_parse_message
 .text.process_thread_coap_engine
                0x00205608       0xa0 build/openmote-cc2538///obj/coap-uip.o
 .text.coap_endpoint_is_connected
                0x002056a8       0x24 build/openmote-cc2538///obj/coap-uip.o
                0x002056a8                coap_endpoint_is_connected
 .text.coap_databuf
                0x002056cc        0xc build/openmote-cc2538///obj/coap-uip.o
                0x002056cc                coap_databuf
 .text.coap_transport_init
                0x002056d8        0xc build/openmote-cc2538///obj/coap-uip.o
                0x002056d8                coap_transport_init
 .text.coap_sendto
                0x002056e4       0x34 build/openmote-cc2538///obj/coap-uip.o
                0x002056e4                coap_sendto
 .text.coap_separate_reject
                0x00205718       0x1c build/openmote-cc2538///obj/coap-separate.o
                0x00205718                coap_separate_reject
 .text.coap_separate_accept
                0x00205734       0xac build/openmote-cc2538///obj/coap-separate.o
                0x00205734                coap_separate_accept
 .text.coap_timer_uptime
                0x002057e0        0xc build/openmote-cc2538///obj/coap-timer.o
 .text.coap_timer_stop
                0x002057ec       0x1c build/openmote-cc2538///obj/coap-timer.o
                0x002057ec                coap_timer_stop
 .text.coap_timer_time_to_next_expiration
                0x00205808       0x34 build/openmote-cc2538///obj/coap-timer.o
                0x00205808                coap_timer_time_to_next_expiration
 .text.coap_timer_run
                0x0020583c       0x64 build/openmote-cc2538///obj/coap-timer.o
                0x0020583c                coap_timer_run
 .text.coap_timer_init
                0x002058a0       0x2c build/openmote-cc2538///obj/coap-timer.o
                0x002058a0                coap_timer_init
 .text.add_timer
                0x002058cc       0x70 build/openmote-cc2538///obj/coap-timer.o
 .text.coap_block1_handler
                0x0020593c       0xa4 build/openmote-cc2538///obj/coap-block1.o
                0x0020593c                coap_block1_handler
 .text.startup.main
                0x002059e0      0x1f0 build/openmote-cc2538///obj/contiki-main.o
                0x002059e0                main
 .text.stimer_expired
                0x00205bd0       0x20 build/openmote-cc2538///obj/stimer.o
                0x00205bd0                stimer_expired
 .text.log_6addr
                0x00205bf0       0x20 build/openmote-cc2538///obj/log.o
                0x00205bf0                log_6addr
 .text.log_lladdr
                0x00205c10       0x3c build/openmote-cc2538///obj/log.o
                0x00205c10                log_lladdr
 .text.update_time
                0x00205c4c       0x44 build/openmote-cc2538///obj/etimer.o
 .text.etimer_request_poll
                0x00205c90        0xc build/openmote-cc2538///obj/etimer.o
                0x00205c90                etimer_request_poll
 .text.process_thread_etimer_process
                0x00205c9c       0xac build/openmote-cc2538///obj/etimer.o
 .text.add_timer
                0x00205d48       0x40 build/openmote-cc2538///obj/etimer.o
 .text.etimer_pending
                0x00205d88       0x10 build/openmote-cc2538///obj/etimer.o
                0x00205d88                etimer_pending
 .text.etimer_stop
                0x00205d98       0x34 build/openmote-cc2538///obj/etimer.o
                0x00205d98                etimer_stop
 .text.node_id_init
                0x00205dcc       0x18 build/openmote-cc2538///obj/node-id.o
                0x00205dcc                node_id_init
 .text.process_thread_ctimer_process
                0x00205de4       0x80 build/openmote-cc2538///obj/ctimer.o
 .text.ctimer_init
                0x00205e64       0x28 build/openmote-cc2538///obj/ctimer.o
                0x00205e64                ctimer_init
 .text.ctimer_set_with_process
                0x00205e8c       0x44 build/openmote-cc2538///obj/ctimer.o
                0x00205e8c                ctimer_set_with_process
 .text.ctimer_set
                0x00205ed0       0x14 build/openmote-cc2538///obj/ctimer.o
                0x00205ed0                ctimer_set
 .text.ctimer_reset
                0x00205ee4       0x38 build/openmote-cc2538///obj/ctimer.o
                0x00205ee4                ctimer_reset
 .text.ctimer_stop
                0x00205f1c       0x2c build/openmote-cc2538///obj/ctimer.o
                0x00205f1c                ctimer_stop
 .text.ctimer_expired
                0x00205f48       0x34 build/openmote-cc2538///obj/ctimer.o
                0x00205f48                ctimer_expired
 .text.call_process.part.0
                0x00205f7c       0x38 build/openmote-cc2538///obj/process.o
 .text.exit_process
                0x00205fb4       0x80 build/openmote-cc2538///obj/process.o
 .text.do_poll  0x00206034       0x34 build/openmote-cc2538///obj/process.o
 .text.process_alloc_event
                0x00206068       0x10 build/openmote-cc2538///obj/process.o
                0x00206068                process_alloc_event
 .text.process_init
                0x00206078       0x30 build/openmote-cc2538///obj/process.o
                0x00206078                process_init
 .text.process_run
                0x002060a8       0x84 build/openmote-cc2538///obj/process.o
                0x002060a8                process_run
 .text.process_nevents
                0x0020612c       0x14 build/openmote-cc2538///obj/process.o
                0x0020612c                process_nevents
 .text.process_post
                0x00206140       0x3c build/openmote-cc2538///obj/process.o
                0x00206140                process_post
 .text.process_post_synch
                0x0020617c       0x14 build/openmote-cc2538///obj/process.o
                0x0020617c                process_post_synch
 .text.process_start
                0x00206190       0x30 build/openmote-cc2538///obj/process.o
                0x00206190                process_start
 .text.process_poll
                0x002061c0       0x18 build/openmote-cc2538///obj/process.o
                0x002061c0                process_poll
 .text.rtimer_run_next
                0x002061d8       0x28 build/openmote-cc2538///obj/rtimer.o
                0x002061d8                rtimer_run_next
 .text.stack_check_init
                0x00206200       0x28 build/openmote-cc2538///obj/stack-check.o
                0x00206200                stack_check_init
 .text.stack_check_get_usage
                0x00206228       0x44 build/openmote-cc2538///obj/stack-check.o
                0x00206228                stack_check_get_usage
 .text.process_thread_stack_check_process
                0x0020626c       0x88 build/openmote-cc2538///obj/stack-check.o
 .text.duration_exceeded_callback
                0x002062f4       0x34 build/openmote-cc2538///obj/button-hal.o
 .text.process_thread_button_hal_process
                0x00206328       0x70 build/openmote-cc2538///obj/button-hal.o
 .text.press_release_handler
                0x00206398       0x18 build/openmote-cc2538///obj/button-hal.o
 .text.debounce_handler
                0x002063b0       0x64 build/openmote-cc2538///obj/button-hal.o
 .text.button_hal_init
                0x00206414       0xf4 build/openmote-cc2538///obj/button-hal.o
                0x00206414                button_hal_init
 .text.process_thread_serial_line_process
                0x00206508       0x9c build/openmote-cc2538///obj/serial-line.o
 .text.serial_line_input_byte
                0x002065a4       0x44 build/openmote-cc2538///obj/serial-line.o
                0x002065a4                serial_line_input_byte
 .text.serial_line_init
                0x002065e8       0x24 build/openmote-cc2538///obj/serial-line.o
                0x002065e8                serial_line_init
 .text.leds_on  0x0020660c       0x60 build/openmote-cc2538///obj/leds.o
                0x0020660c                leds_on
 .text.leds_off
                0x0020666c       0x48 build/openmote-cc2538///obj/leds.o
                0x0020666c                leds_off
 .text.leds_init
                0x002066b4       0x44 build/openmote-cc2538///obj/leds.o
                0x002066b4                leds_init
 .text.gpio_hal_register_handler
                0x002066f8        0xc build/openmote-cc2538///obj/gpio-hal.o
                0x002066f8                gpio_hal_register_handler
 .text.gpio_hal_event_handler
                0x00206704       0x24 build/openmote-cc2538///obj/gpio-hal.o
                0x00206704                gpio_hal_event_handler
 .text.gpio_hal_init
                0x00206728        0xc build/openmote-cc2538///obj/gpio-hal.o
                0x00206728                gpio_hal_init
 .text.process_thread_sensors_process
                0x00206734       0xdc build/openmote-cc2538///obj/sensors.o
 .text.random_rand
                0x00206810       0x20 build/openmote-cc2538///obj/random.o
                0x00206810                random_rand
 .text.random_init
                0x00206830       0x7c build/openmote-cc2538///obj/random.o
                0x00206830                random_init
 .text.queuebuf_init
                0x002068ac       0x1c build/openmote-cc2538///obj/queuebuf.o
                0x002068ac                queuebuf_init
 .text.queuebuf_numfree
                0x002068c8        0xc build/openmote-cc2538///obj/queuebuf.o
                0x002068c8                queuebuf_numfree
 .text.queuebuf_new_from_packetbuf
                0x002068d4       0x44 build/openmote-cc2538///obj/queuebuf.o
                0x002068d4                queuebuf_new_from_packetbuf
 .text.queuebuf_free
                0x00206918       0x2c build/openmote-cc2538///obj/queuebuf.o
                0x00206918                queuebuf_free
 .text.queuebuf_to_packetbuf
                0x00206944       0x30 build/openmote-cc2538///obj/queuebuf.o
                0x00206944                queuebuf_to_packetbuf
 .text.index_from_key
                0x00206974       0x20 build/openmote-cc2538///obj/nbr-table.o
 .text.index_from_lladdr
                0x00206994       0x40 build/openmote-cc2538///obj/nbr-table.o
 .text.nbr_get_bit.constprop.0
                0x002069d4       0x2c build/openmote-cc2538///obj/nbr-table.o
 .text.nbr_table_is_registered
                0x00206a00       0x20 build/openmote-cc2538///obj/nbr-table.o
                0x00206a00                nbr_table_is_registered
 .text.nbr_table_register
                0x00206a20       0x30 build/openmote-cc2538///obj/nbr-table.o
                0x00206a20                nbr_table_register
 .text.nbr_table_next
                0x00206a50       0x48 build/openmote-cc2538///obj/nbr-table.o
                0x00206a50                nbr_table_next
 .text.nbr_table_head
                0x00206a98       0x38 build/openmote-cc2538///obj/nbr-table.o
                0x00206a98                nbr_table_head
 .text.nbr_table_add_lladdr
                0x00206ad0      0x16c build/openmote-cc2538///obj/nbr-table.o
                0x00206ad0                nbr_table_add_lladdr
 .text.nbr_table_remove
                0x00206c3c       0x2c build/openmote-cc2538///obj/nbr-table.o
                0x00206c3c                nbr_table_remove
 .text.nbr_table_lock
                0x00206c68       0x10 build/openmote-cc2538///obj/nbr-table.o
                0x00206c68                nbr_table_lock
 .text.nbr_table_unlock
                0x00206c78       0x10 build/openmote-cc2538///obj/nbr-table.o
                0x00206c78                nbr_table_unlock
 .text.nbr_table_get_lladdr
                0x00206c88       0x24 build/openmote-cc2538///obj/nbr-table.o
                0x00206c88                nbr_table_get_lladdr
 .text.packetbuf_hdrreduce
                0x00206cac       0x28 build/openmote-cc2538///obj/packetbuf.o
                0x00206cac                packetbuf_hdrreduce
 .text.packetbuf_set_datalen
                0x00206cd4        0xc build/openmote-cc2538///obj/packetbuf.o
                0x00206cd4                packetbuf_set_datalen
 .text.packetbuf_hdrptr
                0x00206ce0        0x8 build/openmote-cc2538///obj/packetbuf.o
                0x00206ce0                packetbuf_hdrptr
 .text.packetbuf_datalen
                0x00206ce8        0xc build/openmote-cc2538///obj/packetbuf.o
                0x00206ce8                packetbuf_datalen
 .text.packetbuf_hdrlen
                0x00206cf4       0x18 build/openmote-cc2538///obj/packetbuf.o
                0x00206cf4                packetbuf_hdrlen
 .text.packetbuf_dataptr
                0x00206d0c       0x10 build/openmote-cc2538///obj/packetbuf.o
                0x00206d0c                packetbuf_dataptr
 .text.packetbuf_copyto
                0x00206d1c       0x44 build/openmote-cc2538///obj/packetbuf.o
                0x00206d1c                packetbuf_copyto
 .text.packetbuf_totlen
                0x00206d60       0x14 build/openmote-cc2538///obj/packetbuf.o
                0x00206d60                packetbuf_totlen
 .text.packetbuf_hdralloc
                0x00206d74       0x3c build/openmote-cc2538///obj/packetbuf.o
                0x00206d74                packetbuf_hdralloc
 .text.packetbuf_attr_clear
                0x00206db0       0x34 build/openmote-cc2538///obj/packetbuf.o
                0x00206db0                packetbuf_attr_clear
 .text.packetbuf_clear
                0x00206de4       0x20 build/openmote-cc2538///obj/packetbuf.o
                0x00206de4                packetbuf_clear
 .text.packetbuf_copyfrom
                0x00206e04       0x2c build/openmote-cc2538///obj/packetbuf.o
                0x00206e04                packetbuf_copyfrom
 .text.packetbuf_attr_copyto
                0x00206e30       0x24 build/openmote-cc2538///obj/packetbuf.o
                0x00206e30                packetbuf_attr_copyto
 .text.packetbuf_attr_copyfrom
                0x00206e54       0x24 build/openmote-cc2538///obj/packetbuf.o
                0x00206e54                packetbuf_attr_copyfrom
 .text.packetbuf_set_attr
                0x00206e78       0x10 build/openmote-cc2538///obj/packetbuf.o
                0x00206e78                packetbuf_set_attr
 .text.packetbuf_attr
                0x00206e88        0xc build/openmote-cc2538///obj/packetbuf.o
                0x00206e88                packetbuf_attr
 .text.packetbuf_set_addr
                0x00206e94       0x18 build/openmote-cc2538///obj/packetbuf.o
                0x00206e94                packetbuf_set_addr
 .text.packetbuf_addr
                0x00206eac       0x10 build/openmote-cc2538///obj/packetbuf.o
                0x00206eac                packetbuf_addr
 .text.packetbuf_holds_broadcast
                0x00206ebc       0x10 build/openmote-cc2538///obj/packetbuf.o
                0x00206ebc                packetbuf_holds_broadcast
 .text.netstack_process_ip_callback
                0x00206ecc       0x40 build/openmote-cc2538///obj/netstack.o
                0x00206ecc                netstack_process_ip_callback
 .text.netstack_init
                0x00206f0c       0x24 build/openmote-cc2538///obj/netstack.o
                0x00206f0c                netstack_init
 .text.periodic
                0x00206f30       0x2c build/openmote-cc2538///obj/link-stats.o
 .text.link_stats_from_lladdr
                0x00206f5c        0xc build/openmote-cc2538///obj/link-stats.o
                0x00206f5c                link_stats_from_lladdr
 .text.link_stats_packet_sent
                0x00206f68       0x74 build/openmote-cc2538///obj/link-stats.o
                0x00206f68                link_stats_packet_sent
 .text.link_stats_input_callback
                0x00206fdc       0x4c build/openmote-cc2538///obj/link-stats.o
                0x00206fdc                link_stats_input_callback
 .text.link_stats_reset
                0x00207028       0x24 build/openmote-cc2538///obj/link-stats.o
                0x00207028                link_stats_reset
 .text.link_stats_init
                0x0020704c       0x28 build/openmote-cc2538///obj/link-stats.o
                0x0020704c                link_stats_init
 .text.mac_sequence_is_duplicate
                0x00207074       0x4c build/openmote-cc2538///obj/mac-sequence.o
                0x00207074                mac_sequence_is_duplicate
 .text.mac_sequence_register_seqno
                0x002070c0       0x60 build/openmote-cc2538///obj/mac-sequence.o
                0x002070c0                mac_sequence_register_seqno
 .text.create_frame
                0x00207120       0xd0 build/openmote-cc2538///obj/framer-802154.o
 .text.frame802154_get_pan_id
                0x002071f0        0xc build/openmote-cc2538///obj/frame802154.o
                0x002071f0                frame802154_get_pan_id
 .text.frame802154_parse
                0x002071fc      0x124 build/openmote-cc2538///obj/frame802154.o
                0x002071fc                frame802154_parse
 .text.fill_space
                0x00207320       0x34 build/openmote-cc2538///obj/strformat.o
 .text.format_str_v
                0x00207354      0x6c8 build/openmote-cc2538///obj/strformat.o
                0x00207354                format_str_v
 .text.printf   0x00207a1c       0x20 build/openmote-cc2538///obj/printf.o
                0x00207a1c                printf
 .text.vsnprintf
                0x00207a3c       0x28 build/openmote-cc2538///obj/snprintf.o
                0x00207a3c                vsnprintf
 .text.csma_security_create_frame
                0x00207a64       0x18 build/openmote-cc2538///obj/csma-security.o
                0x00207a64                csma_security_create_frame
 .text.csma_security_parse_frame
                0x00207a7c        0xc build/openmote-cc2538///obj/csma-security.o
                0x00207a7c                csma_security_parse_frame
 .text.on       0x00207a88        0xc build/openmote-cc2538///obj/csma.o
 .text.off      0x00207a94        0xc build/openmote-cc2538///obj/csma.o
 .text.max_payload
                0x00207aa0       0x1c build/openmote-cc2538///obj/csma.o
 .text.input_packet
                0x00207abc       0x60 build/openmote-cc2538///obj/csma.o
 .text.schedule_transmission
                0x00207b1c       0x38 build/openmote-cc2538///obj/csma-output.o
 .text.tx_done  0x00207b54       0x84 build/openmote-cc2538///obj/csma-output.o
 .text.transmit_from_queue
                0x00207bd8      0x1b4 build/openmote-cc2538///obj/csma-output.o
 .text.csma_output_packet
                0x00207d8c      0x13c build/openmote-cc2538///obj/csma-output.o
                0x00207d8c                csma_output_packet
 .text.csma_output_init
                0x00207ec8       0x24 build/openmote-cc2538///obj/csma-output.o
                0x00207ec8                csma_output_init
 .text.uipbuf_add_ext_hdr
                0x00207eec       0x28 build/openmote-cc2538///obj/uipbuf.o
                0x00207eec                uipbuf_add_ext_hdr
 .text.uipbuf_set_len
                0x00207f14       0x14 build/openmote-cc2538///obj/uipbuf.o
                0x00207f14                uipbuf_set_len
 .text.uipbuf_get_attr
                0x00207f28       0x14 build/openmote-cc2538///obj/uipbuf.o
                0x00207f28                uipbuf_get_attr
 .text.uipbuf_clear_attr
                0x00207f3c       0x14 build/openmote-cc2538///obj/uipbuf.o
                0x00207f3c                uipbuf_clear_attr
 .text.uipbuf_clear
                0x00207f50       0x20 build/openmote-cc2538///obj/uipbuf.o
                0x00207f50                uipbuf_clear
 .text.uipbuf_init
                0x00207f70       0x20 build/openmote-cc2538///obj/uipbuf.o
                0x00207f70                uipbuf_init
 .text.echo_reply_input
                0x00207f90       0x6c build/openmote-cc2538///obj/uip-icmp6.o
 .text.echo_request_input
                0x00207ffc       0x98 build/openmote-cc2538///obj/uip-icmp6.o
 .text.uip_icmp6_input
                0x00208094       0x38 build/openmote-cc2538///obj/uip-icmp6.o
                0x00208094                uip_icmp6_input
 .text.uip_icmp6_register_input_handler
                0x002080cc        0xc build/openmote-cc2538///obj/uip-icmp6.o
                0x002080cc                uip_icmp6_register_input_handler
 .text.uip_icmp6_error_output
                0x002080d8      0x138 build/openmote-cc2538///obj/uip-icmp6.o
                0x002080d8                uip_icmp6_error_output
 .text.uip_icmp6_send
                0x00208210       0x7c build/openmote-cc2538///obj/uip-icmp6.o
                0x00208210                uip_icmp6_send
 .text.uip_icmp6_init
                0x0020828c       0x1c build/openmote-cc2538///obj/uip-icmp6.o
                0x0020828c                uip_icmp6_init
 .text.node_matches_address.part.0
                0x002082a8       0x28 build/openmote-cc2538///obj/uip-sr.o
 .text.uip_sr_get_node
                0x002082d0       0x34 build/openmote-cc2538///obj/uip-sr.o
                0x002082d0                uip_sr_get_node
 .text.uip_sr_is_addr_reachable
                0x00208304       0x44 build/openmote-cc2538///obj/uip-sr.o
                0x00208304                uip_sr_is_addr_reachable
 .text.uip_sr_update_node
                0x00208348       0xa4 build/openmote-cc2538///obj/uip-sr.o
                0x00208348                uip_sr_update_node
 .text.uip_sr_init
                0x002083ec       0x24 build/openmote-cc2538///obj/uip-sr.o
                0x002083ec                uip_sr_init
 .text.uip_sr_periodic
                0x00208410       0x68 build/openmote-cc2538///obj/uip-sr.o
                0x00208410                uip_sr_periodic
 .text.uip_sr_free_all
                0x00208478       0x40 build/openmote-cc2538///obj/uip-sr.o
                0x00208478                uip_sr_free_all
 .text.uip_ds6_default_prefix
                0x002084b8        0x8 build/openmote-cc2538///obj/uip-ds6.o
                0x002084b8                uip_ds6_default_prefix
 .text.uip_ds6_prefix_add
                0x002084c0       0x64 build/openmote-cc2538///obj/uip-ds6.o
                0x002084c0                uip_ds6_prefix_add
 .text.uip_ds6_is_addr_onlink
                0x00208524       0x40 build/openmote-cc2538///obj/uip-ds6.o
                0x00208524                uip_ds6_is_addr_onlink
 .text.uip_ds6_addr_lookup
                0x00208564       0x2c build/openmote-cc2538///obj/uip-ds6.o
                0x00208564                uip_ds6_addr_lookup
 .text.uip_ds6_get_link_local
                0x00208590       0x40 build/openmote-cc2538///obj/uip-ds6.o
                0x00208590                uip_ds6_get_link_local
 .text.uip_ds6_maddr_add
                0x002085d0       0x4c build/openmote-cc2538///obj/uip-ds6.o
                0x002085d0                uip_ds6_maddr_add
 .text.uip_ds6_addr_add
                0x0020861c       0x94 build/openmote-cc2538///obj/uip-ds6.o
                0x0020861c                uip_ds6_addr_add
 .text.uip_ds6_maddr_lookup
                0x002086b0       0x2c build/openmote-cc2538///obj/uip-ds6.o
                0x002086b0                uip_ds6_maddr_lookup
 .text.uip_ds6_addr_rm
                0x002086dc       0x44 build/openmote-cc2538///obj/uip-ds6.o
                0x002086dc                uip_ds6_addr_rm
 .text.uip_ds6_periodic
                0x00208720       0x4c build/openmote-cc2538///obj/uip-ds6.o
                0x00208720                uip_ds6_periodic
 .text.uip_ds6_select_src
                0x0020876c       0x94 build/openmote-cc2538///obj/uip-ds6.o
                0x0020876c                uip_ds6_select_src
 .text.uip_ds6_compute_reachable_time
                0x00208800       0x2c build/openmote-cc2538///obj/uip-ds6.o
                0x00208800                uip_ds6_compute_reachable_time
 .text.uip_ds6_init
                0x0020882c      0x118 build/openmote-cc2538///obj/uip-ds6.o
                0x0020882c                uip_ds6_init
 .text.tcpip_output
                0x00208944       0x2c build/openmote-cc2538///obj/tcpip.o
                0x00208944                tcpip_output
 .text.udp_new  0x00208970       0x18 build/openmote-cc2538///obj/tcpip.o
                0x00208970                udp_new
 .text.tcpip_input
                0x00208988       0x24 build/openmote-cc2538///obj/tcpip.o
                0x00208988                tcpip_input
 .text.tcpip_ipv6_output
                0x002089ac       0xe4 build/openmote-cc2538///obj/tcpip.o
                0x002089ac                tcpip_ipv6_output
 .text.packet_input
                0x00208a90       0x20 build/openmote-cc2538///obj/tcpip.o
 .text.process_thread_tcpip_process
                0x00208ab0       0xbc build/openmote-cc2538///obj/tcpip.o
 .text.tcpip_uipcall
                0x00208b6c       0x2c build/openmote-cc2538///obj/tcpip.o
                0x00208b6c                tcpip_uipcall
 .text.uip_udp_packet_send
                0x00208b98       0x34 build/openmote-cc2538///obj/uip-udp-packet.o
                0x00208b98                uip_udp_packet_send
 .text.uip_ds6_nbr_rm
                0x00208bcc       0x24 build/openmote-cc2538///obj/uip-ds6-nbr.o
                0x00208bcc                uip_ds6_nbr_rm
 .text.uip_ds6_neighbors_init
                0x00208bf0       0x1c build/openmote-cc2538///obj/uip-ds6-nbr.o
                0x00208bf0                uip_ds6_neighbors_init
 .text.uip_ds6_nbr_add
                0x00208c0c       0x40 build/openmote-cc2538///obj/uip-ds6-nbr.o
                0x00208c0c                uip_ds6_nbr_add
 .text.uip_ds6_nbr_get_ll
                0x00208c4c        0xc build/openmote-cc2538///obj/uip-ds6-nbr.o
                0x00208c4c                uip_ds6_nbr_get_ll
 .text.uip_ds6_nbr_head
                0x00208c58        0xc build/openmote-cc2538///obj/uip-ds6-nbr.o
                0x00208c58                uip_ds6_nbr_head
 .text.uip_ds6_nbr_next
                0x00208c64        0xc build/openmote-cc2538///obj/uip-ds6-nbr.o
                0x00208c64                uip_ds6_nbr_next
 .text.uip_ds6_nbr_ll_lookup
                0x00208c70        0xc build/openmote-cc2538///obj/uip-ds6-nbr.o
                0x00208c70                uip_ds6_nbr_ll_lookup
 .text.upper_layer_chksum
                0x00208c7c       0x54 build/openmote-cc2538///obj/uip6.o
 .text.ext_hdr_options_process
                0x00208cd0       0x7c build/openmote-cc2538///obj/uip6.o
 .text.unlikely.uip_update_ttl
                0x00208d4c       0x24 build/openmote-cc2538///obj/uip6.o
 .text.uip_init
                0x00208d70       0x38 build/openmote-cc2538///obj/uip6.o
                0x00208d70                uip_init
 .text.uip_remove_ext_hdr
                0x00208da8       0x60 build/openmote-cc2538///obj/uip6.o
                0x00208da8                uip_remove_ext_hdr
 .text.uip_udp_new
                0x00208e08       0x8c build/openmote-cc2538///obj/uip6.o
                0x00208e08                uip_udp_new
 .text.uip_process
                0x00208e94      0x44c build/openmote-cc2538///obj/uip6.o
                0x00208e94                uip_process
 .text.ns_input
                0x002092e0      0x268 build/openmote-cc2538///obj/uip-nd6.o
 .text.uip_nd6_init
                0x00209548        0xc build/openmote-cc2538///obj/uip-nd6.o
                0x00209548                uip_nd6_init
 .text.uip_ds6_route_init
                0x00209554       0x1c build/openmote-cc2538///obj/uip-ds6-route.o
                0x00209554                uip_ds6_route_init
 .text.uip_ds6_defrt_rm
                0x00209570       0x38 build/openmote-cc2538///obj/uip-ds6-route.o
                0x00209570                uip_ds6_defrt_rm
 .text.uip_ds6_defrt_lookup
                0x002095a8       0x34 build/openmote-cc2538///obj/uip-ds6-route.o
                0x002095a8                uip_ds6_defrt_lookup
 .text.uip_ds6_defrt_add
                0x002095dc       0x60 build/openmote-cc2538///obj/uip-ds6-route.o
                0x002095dc                uip_ds6_defrt_add
 .text.uip_ds6_defrt_choose
                0x0020963c       0x30 build/openmote-cc2538///obj/uip-ds6-route.o
                0x0020963c                uip_ds6_defrt_choose
 .text.uip_ds6_defrt_periodic
                0x0020966c       0x30 build/openmote-cc2538///obj/uip-ds6-route.o
                0x0020966c                uip_ds6_defrt_periodic
 .text.clear_fragments
                0x0020969c       0x3c build/openmote-cc2538///obj/sicslowpan.o
 .text.sicslowpan_init
                0x002096d8       0x18 build/openmote-cc2538///obj/sicslowpan.o
                0x002096d8                sicslowpan_init
 .text.set_packet_attrs
                0x002096f0       0x58 build/openmote-cc2538///obj/sicslowpan.o
 .text.compress_addr_64
                0x00209748       0x90 build/openmote-cc2538///obj/sicslowpan.o
 .text.addr_context_lookup_by_prefix
                0x002097d8       0x24 build/openmote-cc2538///obj/sicslowpan.o
 .text.send_packet
                0x002097fc       0x24 build/openmote-cc2538///obj/sicslowpan.o
 .text.fragment_copy_payload_and_send
                0x00209820       0x6c build/openmote-cc2538///obj/sicslowpan.o
 .text.output   0x0020988c      0x77c build/openmote-cc2538///obj/sicslowpan.o
 .text.packet_sent
                0x0020a008       0x5c build/openmote-cc2538///obj/sicslowpan.o
 .text.store_fragment
                0x0020a064       0x58 build/openmote-cc2538///obj/sicslowpan.o
 .text.uncompress_addr
                0x0020a0bc       0x90 build/openmote-cc2538///obj/sicslowpan.o
 .text.add_fragment
                0x0020a14c      0x11c build/openmote-cc2538///obj/sicslowpan.o
 .text.input    0x0020a268      0x744 build/openmote-cc2538///obj/sicslowpan.o
 .text.uiplib_ipaddr_snprint
                0x0020a9ac       0xf0 build/openmote-cc2538///obj/uiplib.o
                0x0020a9ac                uiplib_ipaddr_snprint
 .text.update_state
                0x0020aa9c       0x78 build/openmote-cc2538///obj/rpl-nbr-policy.o
 .text.rpl_nbr_policy_find_removable
                0x0020ab14       0x50 build/openmote-cc2538///obj/rpl-nbr-policy.o
                0x0020ab14                rpl_nbr_policy_find_removable
 .text.remove_neighbor
                0x0020ab64       0x3c build/openmote-cc2538///obj/rpl-neighbor.o
 .text.rpl_neighbor_get_from_lladdr
                0x0020aba0       0x10 build/openmote-cc2538///obj/rpl-neighbor.o
                0x0020aba0                rpl_neighbor_get_from_lladdr
 .text.rpl_neighbor_rank_via_nbr
                0x0020abb0       0x18 build/openmote-cc2538///obj/rpl-neighbor.o
                0x0020abb0                rpl_neighbor_rank_via_nbr
 .text.rpl_neighbor_get_lladdr
                0x0020abc8       0x10 build/openmote-cc2538///obj/rpl-neighbor.o
                0x0020abc8                rpl_neighbor_get_lladdr
 .text.best_parent
                0x0020abd8       0x90 build/openmote-cc2538///obj/rpl-neighbor.o
 .text.rpl_neighbor_is_parent
                0x0020ac68       0x18 build/openmote-cc2538///obj/rpl-neighbor.o
                0x0020ac68                rpl_neighbor_is_parent
 .text.rpl_neighbor_set_preferred_parent
                0x0020ac80       0x44 build/openmote-cc2538///obj/rpl-neighbor.o
                0x0020ac80                rpl_neighbor_set_preferred_parent
 .text.rpl_neighbor_remove_all
                0x0020acc4       0x2c build/openmote-cc2538///obj/rpl-neighbor.o
                0x0020acc4                rpl_neighbor_remove_all
 .text.rpl_neighbor_get_from_ipaddr
                0x0020acf0       0x1c build/openmote-cc2538///obj/rpl-neighbor.o
                0x0020acf0                rpl_neighbor_get_from_ipaddr
 .text.rpl_neighbor_select_best
                0x0020ad0c       0x54 build/openmote-cc2538///obj/rpl-neighbor.o
                0x0020ad0c                rpl_neighbor_select_best
 .text.rpl_neighbor_init
                0x0020ad60       0x14 build/openmote-cc2538///obj/rpl-neighbor.o
                0x0020ad60                rpl_neighbor_init
 .text.new_dio_interval
                0x0020ad74       0x58 build/openmote-cc2538///obj/rpl-timers.o
 .text.schedule_dao_retransmission
                0x0020adcc       0x30 build/openmote-cc2538///obj/rpl-timers.o
 .text.handle_unicast_dio_timer
                0x0020adfc       0x1c build/openmote-cc2538///obj/rpl-timers.o
 .text.send_new_dao
                0x0020ae18       0x34 build/openmote-cc2538///obj/rpl-timers.o
 .text.resend_dao
                0x0020ae4c       0x38 build/openmote-cc2538///obj/rpl-timers.o
 .text.handle_dao_ack_timer
                0x0020ae84       0x14 build/openmote-cc2538///obj/rpl-timers.o
 .text.handle_leaving_timer
                0x0020ae98       0x10 build/openmote-cc2538///obj/rpl-timers.o
 .text.handle_dio_timer
                0x0020aea8       0x70 build/openmote-cc2538///obj/rpl-timers.o
 .text.rpl_timers_schedule_periodic_dis
                0x0020af18       0x38 build/openmote-cc2538///obj/rpl-timers.o
                0x0020af18                rpl_timers_schedule_periodic_dis
 .text.handle_dis_timer
                0x0020af50       0x34 build/openmote-cc2538///obj/rpl-timers.o
 .text.handle_periodic_timer
                0x0020af84       0x48 build/openmote-cc2538///obj/rpl-timers.o
 .text.rpl_timers_dio_reset
                0x0020afcc       0x28 build/openmote-cc2538///obj/rpl-timers.o
                0x0020afcc                rpl_timers_dio_reset
 .text.rpl_timers_schedule_unicast_dio
                0x0020aff4       0x28 build/openmote-cc2538///obj/rpl-timers.o
                0x0020aff4                rpl_timers_schedule_unicast_dio
 .text.rpl_timers_schedule_dao
                0x0020b01c       0x34 build/openmote-cc2538///obj/rpl-timers.o
                0x0020b01c                rpl_timers_schedule_dao
 .text.rpl_timers_schedule_dao_ack
                0x0020b050       0x48 build/openmote-cc2538///obj/rpl-timers.o
                0x0020b050                rpl_timers_schedule_dao_ack
 .text.rpl_timers_notify_dao_ack
                0x0020b098       0x4c build/openmote-cc2538///obj/rpl-timers.o
                0x0020b098                rpl_timers_notify_dao_ack
 .text.get_probing_target
                0x0020b0e4       0xc0 build/openmote-cc2538///obj/rpl-timers.o
                0x0020b0e4                get_probing_target
 .text.rpl_schedule_probing
                0x0020b1a4       0x28 build/openmote-cc2538///obj/rpl-timers.o
                0x0020b1a4                rpl_schedule_probing
 .text.rpl_schedule_probing_now
                0x0020b1cc       0x2c build/openmote-cc2538///obj/rpl-timers.o
                0x0020b1cc                rpl_schedule_probing_now
 .text.rpl_timers_unschedule_leaving
                0x0020b1f8       0x24 build/openmote-cc2538///obj/rpl-timers.o
                0x0020b1f8                rpl_timers_unschedule_leaving
 .text.rpl_timers_schedule_leaving
                0x0020b21c       0x30 build/openmote-cc2538///obj/rpl-timers.o
                0x0020b21c                rpl_timers_schedule_leaving
 .text.rpl_timers_init
                0x0020b24c       0x20 build/openmote-cc2538///obj/rpl-timers.o
                0x0020b24c                rpl_timers_init
 .text.rpl_timers_stop_dag_timers
                0x0020b26c       0x44 build/openmote-cc2538///obj/rpl-timers.o
                0x0020b26c                rpl_timers_stop_dag_timers
 .text.rpl_timers_unschedule_state_update
                0x0020b2b0       0x14 build/openmote-cc2538///obj/rpl-timers.o
                0x0020b2b0                rpl_timers_unschedule_state_update
 .text.rpl_timers_schedule_state_update
                0x0020b2c4       0x1c build/openmote-cc2538///obj/rpl-timers.o
                0x0020b2c4                rpl_timers_schedule_state_update
 .text.update_hbh_header
                0x0020b2e0       0x4c build/openmote-cc2538///obj/rpl-ext-header.o
 .text.rpl_ext_header_srh_get_next_hop
                0x0020b32c       0x84 build/openmote-cc2538///obj/rpl-ext-header.o
                0x0020b32c                rpl_ext_header_srh_get_next_hop
 .text.rpl_ext_header_srh_update
                0x0020b3b0       0xa4 build/openmote-cc2538///obj/rpl-ext-header.o
                0x0020b3b0                rpl_ext_header_srh_update
 .text.rpl_ext_header_hbh_update
                0x0020b454       0x90 build/openmote-cc2538///obj/rpl-ext-header.o
                0x0020b454                rpl_ext_header_hbh_update
 .text.rpl_ext_header_remove
                0x0020b4e4       0xa4 build/openmote-cc2538///obj/rpl-ext-header.o
                0x0020b4e4                rpl_ext_header_remove
 .text.rpl_ext_header_update
                0x0020b588      0x258 build/openmote-cc2538///obj/rpl-ext-header.o
                0x0020b588                rpl_ext_header_update
 .text.rpl_has_joined
                0x0020b7e0       0x18 build/openmote-cc2538///obj/rpl.o
                0x0020b7e0                rpl_has_joined
 .text.rpl_is_reachable
                0x0020b7f8       0x18 build/openmote-cc2538///obj/rpl.o
                0x0020b7f8                rpl_is_reachable
 .text.get_sr_node_ipaddr
                0x0020b810       0x2c build/openmote-cc2538///obj/rpl.o
 .text.set_ip_from_prefix
                0x0020b83c       0x2c build/openmote-cc2538///obj/rpl.o
 .text.init     0x0020b868       0x40 build/openmote-cc2538///obj/rpl.o
 .text.rpl_link_callback
                0x0020b8a8       0x2c build/openmote-cc2538///obj/rpl.o
                0x0020b8a8                rpl_link_callback
 .text.rpl_get_global_address
                0x0020b8d4       0x64 build/openmote-cc2538///obj/rpl.o
                0x0020b8d4                rpl_get_global_address
 .text.rpl_reset_prefix
                0x0020b938       0x28 build/openmote-cc2538///obj/rpl.o
                0x0020b938                rpl_reset_prefix
 .text.rpl_set_prefix_from_addr
                0x0020b960       0x70 build/openmote-cc2538///obj/rpl.o
                0x0020b960                rpl_set_prefix_from_addr
 .text.rpl_get_leaf_only
                0x0020b9d0        0xc build/openmote-cc2538///obj/rpl.o
                0x0020b9d0                rpl_get_leaf_only
 .text.update_metric_container
                0x0020b9dc        0xc build/openmote-cc2538///obj/rpl-mrhof.o
 .text.within_hysteresis
                0x0020b9e8       0x38 build/openmote-cc2538///obj/rpl-mrhof.o
 .text.rank_via_nbr
                0x0020ba20       0x30 build/openmote-cc2538///obj/rpl-mrhof.o
 .text.best_parent
                0x0020ba50       0x70 build/openmote-cc2538///obj/rpl-mrhof.o
 .text.dao_ack_input
                0x0020bac0       0x38 build/openmote-cc2538///obj/rpl-icmp6.o
 .text.dao_input
                0x0020baf8      0x100 build/openmote-cc2538///obj/rpl-icmp6.o
 .text.dio_input
                0x0020bbf8      0x214 build/openmote-cc2538///obj/rpl-icmp6.o
 .text.dis_input
                0x0020be0c       0x2c build/openmote-cc2538///obj/rpl-icmp6.o
 .text.rpl_icmp6_dis_output
                0x0020be38       0x38 build/openmote-cc2538///obj/rpl-icmp6.o
                0x0020be38                rpl_icmp6_dis_output
 .text.rpl_icmp6_dio_output
                0x0020be70      0x1c0 build/openmote-cc2538///obj/rpl-icmp6.o
                0x0020be70                rpl_icmp6_dio_output
 .text.rpl_icmp6_dao_output
                0x0020c030       0xc4 build/openmote-cc2538///obj/rpl-icmp6.o
                0x0020c030                rpl_icmp6_dao_output
 .text.rpl_icmp6_dao_ack_output
                0x0020c0f4       0x44 build/openmote-cc2538///obj/rpl-icmp6.o
                0x0020c0f4                rpl_icmp6_dao_ack_output
 .text.rpl_icmp6_init
                0x0020c138       0x30 build/openmote-cc2538///obj/rpl-icmp6.o
                0x0020c138                rpl_icmp6_init
 .text.init_dag
                0x0020c168       0x78 build/openmote-cc2538///obj/rpl-dag.o
 .text.init_dag_from_dio
                0x0020c1e0       0x84 build/openmote-cc2538///obj/rpl-dag.o
 .text.rpl_dag_get_root_ipaddr
                0x0020c264       0x30 build/openmote-cc2538///obj/rpl-dag.o
                0x0020c264                rpl_dag_get_root_ipaddr
 .text.rpl_dag_leave
                0x0020c294       0x54 build/openmote-cc2538///obj/rpl-dag.o
                0x0020c294                rpl_dag_leave
 .text.rpl_dag_poison_and_leave
                0x0020c2e8       0x10 build/openmote-cc2538///obj/rpl-dag.o
                0x0020c2e8                rpl_dag_poison_and_leave
 .text.rpl_dag_periodic
                0x0020c2f8       0x48 build/openmote-cc2538///obj/rpl-dag.o
                0x0020c2f8                rpl_dag_periodic
 .text.rpl_is_addr_in_our_dag
                0x0020c340       0x28 build/openmote-cc2538///obj/rpl-dag.o
                0x0020c340                rpl_is_addr_in_our_dag
 .text.rpl_local_repair
                0x0020c368       0x34 build/openmote-cc2538///obj/rpl-dag.o
                0x0020c368                rpl_local_repair
 .text.rpl_global_repair
                0x0020c39c       0x38 build/openmote-cc2538///obj/rpl-dag.o
                0x0020c39c                rpl_global_repair
 .text.rpl_dag_ready_to_advertise
                0x0020c3d4       0x24 build/openmote-cc2538///obj/rpl-dag.o
                0x0020c3d4                rpl_dag_ready_to_advertise
 .text.rpl_dag_update_state
                0x0020c3f8      0x128 build/openmote-cc2538///obj/rpl-dag.o
                0x0020c3f8                rpl_dag_update_state
 .text.rpl_process_dio
                0x0020c520      0x18c build/openmote-cc2538///obj/rpl-dag.o
                0x0020c520                rpl_process_dio
 .text.rpl_process_dis
                0x0020c6ac       0x2c build/openmote-cc2538///obj/rpl-dag.o
                0x0020c6ac                rpl_process_dis
 .text.rpl_process_dao
                0x0020c6d8       0x4c build/openmote-cc2538///obj/rpl-dag.o
                0x0020c6d8                rpl_process_dao
 .text.rpl_process_dao_ack
                0x0020c724       0x54 build/openmote-cc2538///obj/rpl-dag.o
                0x0020c724                rpl_process_dao_ack
 .text.rpl_dag_init_root
                0x0020c778       0xa8 build/openmote-cc2538///obj/rpl-dag.o
                0x0020c778                rpl_dag_init_root
 .text.rpl_dag_init
                0x0020c820       0x10 build/openmote-cc2538///obj/rpl-dag.o
                0x0020c820                rpl_dag_init
 .text.rpl_dag_root_set_prefix
                0x0020c830       0x68 build/openmote-cc2538///obj/rpl-dag-root.o
                0x0020c830                rpl_dag_root_set_prefix
 .text.rpl_dag_root_start
                0x0020c898       0x68 build/openmote-cc2538///obj/rpl-dag-root.o
                0x0020c898                rpl_dag_root_start
 .text.rpl_dag_root_is_root
                0x0020c900       0x18 build/openmote-cc2538///obj/rpl-dag-root.o
                0x0020c900                rpl_dag_root_is_root
 .text.process_thread_er_example_server
                0x0020c918      0x12c coap-example-server.o
 .text          0x0020ca44       0x30 /usr/lib/gcc/arm-none-eabi/5.4.1/armv7-m/libgcc.a(_aeabi_uldivmod.o)
                0x0020ca44                __aeabi_uldivmod
 .text          0x0020ca74      0x2ec /usr/lib/gcc/arm-none-eabi/5.4.1/armv7-m/libgcc.a(_udivmoddi4.o)
                0x0020ca74                __udivmoddi4
 .text          0x0020cd60        0x4 /usr/lib/gcc/arm-none-eabi/5.4.1/armv7-m/libgcc.a(_dvmd_tls.o)
                0x0020cd60                __aeabi_ldiv0
                0x0020cd60                __aeabi_idiv0
 .text          0x0020cd64        0x8 /usr/lib/gcc/arm-none-eabi/5.4.1/../../../arm-none-eabi/lib/armv7-m/libc.a(lib_a-abs.o)
                0x0020cd64                abs
 .text          0x0020cd6c       0x10 /usr/lib/gcc/arm-none-eabi/5.4.1/../../../arm-none-eabi/lib/armv7-m/libc.a(lib_a-atoi.o)
                0x0020cd6c                atoi
                0x0020cd74                _atoi_r
 .text          0x0020cd7c       0x8c /usr/lib/gcc/arm-none-eabi/5.4.1/../../../arm-none-eabi/lib/armv7-m/libc.a(lib_a-memchr-stub.o)
                0x0020cd7c                memchr
 .text          0x0020ce08       0x64 /usr/lib/gcc/arm-none-eabi/5.4.1/../../../arm-none-eabi/lib/armv7-m/libc.a(lib_a-memcmp.o)
                0x0020ce08                memcmp
 .text          0x0020ce6c       0xec /usr/lib/gcc/arm-none-eabi/5.4.1/../../../arm-none-eabi/lib/armv7-m/libc.a(lib_a-memcpy.o)
                0x0020ce6c                memcpy
 .text          0x0020cf58       0xc8 /usr/lib/gcc/arm-none-eabi/5.4.1/../../../arm-none-eabi/lib/armv7-m/libc.a(lib_a-memmove.o)
                0x0020cf58                memmove
 .text          0x0020d020       0x9c /usr/lib/gcc/arm-none-eabi/5.4.1/../../../arm-none-eabi/lib/armv7-m/libc.a(lib_a-memset.o)
                0x0020d020                memset
 .text          0x0020d0bc       0x54 /usr/lib/gcc/arm-none-eabi/5.4.1/../../../arm-none-eabi/lib/armv7-m/libc.a(lib_a-rand.o)
                0x0020d0bc                srand
                0x0020d0d0                rand
 .text          0x0020d110       0xd0 /usr/lib/gcc/arm-none-eabi/5.4.1/../../../arm-none-eabi/lib/armv7-m/libc.a(lib_a-strchr.o)
                0x0020d110                strchr
 .text          0x0020d1e0       0x5c /usr/lib/gcc/arm-none-eabi/5.4.1/../../../arm-none-eabi/lib/armv7-m/libc.a(lib_a-strlen-stub.o)
                0x0020d1e0                strlen
 .text          0x0020d23c       0x9c /usr/lib/gcc/arm-none-eabi/5.4.1/../../../arm-none-eabi/lib/armv7-m/libc.a(lib_a-strncmp.o)
                0x0020d23c                strncmp
 .text          0x0020d2d8       0x68 /usr/lib/gcc/arm-none-eabi/5.4.1/../../../arm-none-eabi/lib/armv7-m/libc.a(lib_a-strncpy.o)
                0x0020d2d8                strncpy
 .text          0x0020d340      0x140 /usr/lib/gcc/arm-none-eabi/5.4.1/../../../arm-none-eabi/lib/armv7-m/libc.a(lib_a-strtol.o)
                0x0020d340                _strtol_r
                0x0020d468                strtol
 .text.default_handler
                0x0020d480        0x2 build/openmote-cc2538///obj/startup-gcc.o
                0x0020d480                default_handler
 .text.nmi_handler
                0x0020d482        0x6 build/openmote-cc2538///obj/startup-gcc.o
                0x0020d482                nmi_handler
 .text.fade     0x0020d488       0x58 build/openmote-cc2538///obj/platform.o
 .text.platform_init_stage_one
                0x0020d4e0       0x14 build/openmote-cc2538///obj/platform.o
                0x0020d4e0                platform_init_stage_one
 .text.platform_idle
                0x0020d4f4        0x4 build/openmote-cc2538///obj/platform.o
                0x0020d4f4                platform_idle
 .text.board_init
                0x0020d4f8        0x4 build/openmote-cc2538///obj/board.o
                0x0020d4f8                board_init
 .text.sht21_read_temperature
                0x0020d4fc       0x2a build/openmote-cc2538///obj/sht21.o
 .text.sht21_read_humidity
                0x0020d526       0x2a build/openmote-cc2538///obj/sht21.o
 .text.soc_init
                0x0020d550       0x22 build/openmote-cc2538///obj/soc.o
                0x0020d550                soc_init
 .text.clock_isr
                0x0020d572        0x4 build/openmote-cc2538///obj/clock.o
                0x0020d572                clock_isr
 .text.rtimer_arch_init
                0x0020d576        0x2 build/openmote-cc2538///obj/rtimer-arch.o
                0x0020d576                rtimer_arch_init
 .text.uart0_isr
                0x0020d578        0x6 build/openmote-cc2538///obj/uart.o
                0x0020d578                uart0_isr
 .text.uart1_isr
                0x0020d57e        0x6 build/openmote-cc2538///obj/uart.o
                0x0020d57e                uart1_isr
 .text.gpio_port_a_isr
                0x0020d584        0x6 build/openmote-cc2538///obj/gpio.o
                0x0020d584                gpio_port_a_isr
 .text.gpio_port_b_isr
                0x0020d58a        0x6 build/openmote-cc2538///obj/gpio.o
                0x0020d58a                gpio_port_b_isr
 .text.gpio_port_c_isr
                0x0020d590        0x6 build/openmote-cc2538///obj/gpio.o
                0x0020d590                gpio_port_c_isr
 .text.gpio_port_d_isr
                0x0020d596        0x6 build/openmote-cc2538///obj/gpio.o
                0x0020d596                gpio_port_d_isr
 .text.send     0x0020d59c       0x12 build/openmote-cc2538///obj/cc2538-rf.o
 .text.int_master_read_and_disable
                0x0020d5ae        0x8 build/openmote-cc2538///obj/int-master.o
                0x0020d5ae                int_master_read_and_disable
 .text.int_master_status_set
                0x0020d5b6        0x6 build/openmote-cc2538///obj/int-master.o
                0x0020d5b6                int_master_status_set
 .text.dbg_putchar
                0x0020d5bc       0x10 build/openmote-cc2538///obj/dbg.o
                0x0020d5bc                dbg_putchar
 .text.dbg_send_bytes
                0x0020d5cc       0x20 build/openmote-cc2538///obj/dbg.o
                0x0020d5cc                dbg_send_bytes
 .text.configure
                0x0020d5ec        0x4 build/openmote-cc2538///obj/cc2538-temp-sensor.o
 .text.status   0x0020d5f0        0x4 build/openmote-cc2538///obj/cc2538-temp-sensor.o
 .text.value    0x0020d5f4       0x34 build/openmote-cc2538///obj/cc2538-temp-sensor.o
 .text.coap_get_next_resource
                0x0020d628        0x4 build/openmote-cc2538///obj/coap-engine.o
                0x0020d628                coap_get_next_resource
 .text.coap_notify_observers
                0x0020d62c        0x6 build/openmote-cc2538///obj/coap-observe.o
                0x0020d62c                coap_notify_observers
 .text.coap_retransmit_transaction
                0x0020d632       0x14 build/openmote-cc2538///obj/coap-transactions.o
 .text.coap_is_option
                0x0020d646       0x1c build/openmote-cc2538///obj/coap.o
 .text.coap_parse_int_option
                0x0020d662       0x16 build/openmote-cc2538///obj/coap.o
 .text.coap_merge_multi_option
                0x0020d678       0x32 build/openmote-cc2538///obj/coap.o
 .text.coap_get_variable
                0x0020d6aa       0x6a build/openmote-cc2538///obj/coap.o
 .text.coap_set_option_header
                0x0020d714       0x76 build/openmote-cc2538///obj/coap.o
 .text.coap_serialize_int_option
                0x0020d78a       0x62 build/openmote-cc2538///obj/coap.o
 .text.coap_serialize_array_option.part.1
                0x0020d7ec       0x20 build/openmote-cc2538///obj/coap.o
 .text.coap_serialize_array_option
                0x0020d80c       0x7a build/openmote-cc2538///obj/coap.o
 .text.coap_init_message
                0x0020d886       0x1a build/openmote-cc2538///obj/coap.o
                0x0020d886                coap_init_message
 .text.coap_get_query_variable
                0x0020d8a0       0x24 build/openmote-cc2538///obj/coap.o
                0x0020d8a0                coap_get_query_variable
 .text.coap_set_status_code
                0x0020d8c4        0xc build/openmote-cc2538///obj/coap.o
                0x0020d8c4                coap_set_status_code
 .text.coap_set_token
                0x0020d8d0       0x16 build/openmote-cc2538///obj/coap.o
                0x0020d8d0                coap_set_token
 .text.coap_get_header_content_format
                0x0020d8e6       0x16 build/openmote-cc2538///obj/coap.o
                0x0020d8e6                coap_get_header_content_format
 .text.coap_set_header_content_format
                0x0020d8fc        0xe build/openmote-cc2538///obj/coap.o
                0x0020d8fc                coap_set_header_content_format
 .text.coap_get_header_accept
                0x0020d90a       0x18 build/openmote-cc2538///obj/coap.o
                0x0020d90a                coap_get_header_accept
 .text.coap_set_header_accept
                0x0020d922       0x10 build/openmote-cc2538///obj/coap.o
                0x0020d922                coap_set_header_accept
 .text.coap_get_header_max_age
                0x0020d932       0x1a build/openmote-cc2538///obj/coap.o
                0x0020d932                coap_get_header_max_age
 .text.coap_set_header_max_age
                0x0020d94c        0xe build/openmote-cc2538///obj/coap.o
                0x0020d94c                coap_set_header_max_age
 .text.coap_set_header_etag
                0x0020d95a       0x22 build/openmote-cc2538///obj/coap.o
                0x0020d95a                coap_set_header_etag
 .text.coap_set_header_if_none_match
                0x0020d97c        0xc build/openmote-cc2538///obj/coap.o
                0x0020d97c                coap_set_header_if_none_match
 .text.coap_set_header_proxy_uri
                0x0020d988       0x18 build/openmote-cc2538///obj/coap.o
                0x0020d988                coap_set_header_proxy_uri
 .text.coap_get_header_uri_host
                0x0020d9a0       0x16 build/openmote-cc2538///obj/coap.o
                0x0020d9a0                coap_get_header_uri_host
 .text.coap_set_header_uri_host
                0x0020d9b6       0x18 build/openmote-cc2538///obj/coap.o
                0x0020d9b6                coap_set_header_uri_host
 .text.coap_get_header_uri_path
                0x0020d9ce       0x16 build/openmote-cc2538///obj/coap.o
                0x0020d9ce                coap_get_header_uri_path
 .text.coap_set_header_uri_path
                0x0020d9e4       0x20 build/openmote-cc2538///obj/coap.o
                0x0020d9e4                coap_set_header_uri_path
 .text.coap_get_header_uri_query
                0x0020da04       0x1a build/openmote-cc2538///obj/coap.o
                0x0020da04                coap_get_header_uri_query
 .text.coap_get_header_location_path
                0x0020da1e       0x16 build/openmote-cc2538///obj/coap.o
                0x0020da1e                coap_get_header_location_path
 .text.coap_get_header_location_query
                0x0020da34       0x16 build/openmote-cc2538///obj/coap.o
                0x0020da34                coap_get_header_location_query
 .text.coap_set_header_location_query
                0x0020da4a       0x20 build/openmote-cc2538///obj/coap.o
                0x0020da4a                coap_set_header_location_query
 .text.coap_set_header_location_path
                0x0020da6a       0x44 build/openmote-cc2538///obj/coap.o
                0x0020da6a                coap_set_header_location_path
 .text.coap_set_header_observe
                0x0020daae        0xe build/openmote-cc2538///obj/coap.o
                0x0020daae                coap_set_header_observe
 .text.coap_get_header_block2
                0x0020dabc       0x32 build/openmote-cc2538///obj/coap.o
                0x0020dabc                coap_get_header_block2
 .text.coap_set_header_block2
                0x0020daee       0x32 build/openmote-cc2538///obj/coap.o
                0x0020daee                coap_set_header_block2
 .text.coap_get_header_block1
                0x0020db20       0x36 build/openmote-cc2538///obj/coap.o
                0x0020db20                coap_get_header_block1
 .text.coap_set_header_block1
                0x0020db56       0x2e build/openmote-cc2538///obj/coap.o
                0x0020db56                coap_set_header_block1
 .text.coap_get_header_size1
                0x0020db84       0x18 build/openmote-cc2538///obj/coap.o
                0x0020db84                coap_get_header_size1
 .text.coap_set_header_size1
                0x0020db9c       0x10 build/openmote-cc2538///obj/coap.o
                0x0020db9c                coap_set_header_size1
 .text.coap_get_payload
                0x0020dbac       0x18 build/openmote-cc2538///obj/coap.o
                0x0020dbac                coap_get_payload
 .text.coap_set_payload
                0x0020dbc4       0x12 build/openmote-cc2538///obj/coap.o
                0x0020dbc4                coap_set_payload
 .text.coap_endpoint_copy
                0x0020dbd6       0x20 build/openmote-cc2538///obj/coap-uip.o
                0x0020dbd6                coap_endpoint_copy
 .text.coap_endpoint_cmp
                0x0020dbf6       0x26 build/openmote-cc2538///obj/coap-uip.o
                0x0020dbf6                coap_endpoint_cmp
 .text.coap_separate_resume
                0x0020dc1c       0x30 build/openmote-cc2538///obj/coap-separate.o
                0x0020dc1c                coap_separate_resume
 .text.coap_timer_set
                0x0020dc4c       0x1e build/openmote-cc2538///obj/coap-timer.o
                0x0020dc4c                coap_timer_set
 .text.autostart_start
                0x0020dc6a       0x14 build/openmote-cc2538///obj/autostart.o
                0x0020dc6a                autostart_start
 .text.stimer_set
                0x0020dc7e        0xe build/openmote-cc2538///obj/stimer.o
                0x0020dc7e                stimer_set
 .text.energest_init
                0x0020dc8c        0x2 build/openmote-cc2538///obj/energest.o
                0x0020dc8c                energest_init
 .text.etimer_set
                0x0020dc8e       0x12 build/openmote-cc2538///obj/etimer.o
                0x0020dc8e                etimer_set
 .text.etimer_reset
                0x0020dca0       0x12 build/openmote-cc2538///obj/etimer.o
                0x0020dca0                etimer_reset
 .text.etimer_expired
                0x0020dcb2        0xa build/openmote-cc2538///obj/etimer.o
                0x0020dcb2                etimer_expired
 .text.call_process
                0x0020dcbc        0xc build/openmote-cc2538///obj/process.o
 .text.rtimer_init
                0x0020dcc8        0x4 build/openmote-cc2538///obj/rtimer.o
                0x0020dcc8                rtimer_init
 .text.timer_set
                0x0020dccc        0xe build/openmote-cc2538///obj/timer.o
                0x0020dccc                timer_set
 .text.timer_expired
                0x0020dcda       0x1c build/openmote-cc2538///obj/timer.o
                0x0020dcda                timer_expired
 .text.timer_reset
                0x0020dcf6       0x14 build/openmote-cc2538///obj/timer.o
                0x0020dcf6                timer_reset
 .text.button_hal_get_state
                0x0020dd0a       0x2a build/openmote-cc2538///obj/button-hal.o
                0x0020dd0a                button_hal_get_state
 .text.list_init
                0x0020dd34        0x6 build/openmote-cc2538///obj/list.o
                0x0020dd34                list_init
 .text.list_head
                0x0020dd3a        0x4 build/openmote-cc2538///obj/list.o
                0x0020dd3a                list_head
 .text.list_tail
                0x0020dd3e       0x10 build/openmote-cc2538///obj/list.o
                0x0020dd3e                list_tail
 .text.list_remove
                0x0020dd4e       0x26 build/openmote-cc2538///obj/list.o
                0x0020dd4e                list_remove
 .text.list_add
                0x0020dd74       0x1a build/openmote-cc2538///obj/list.o
                0x0020dd74                list_add
 .text.list_push
                0x0020dd8e       0x10 build/openmote-cc2538///obj/list.o
                0x0020dd8e                list_push
 .text.list_length
                0x0020dd9e        0xe build/openmote-cc2538///obj/list.o
                0x0020dd9e                list_length
 .text.list_insert
                0x0020ddac       0x1e build/openmote-cc2538///obj/list.o
                0x0020ddac                list_insert
 .text.list_item_next
                0x0020ddca        0x6 build/openmote-cc2538///obj/list.o
                0x0020ddca                list_item_next
 .text.memb_init
                0x0020ddd0       0x20 build/openmote-cc2538///obj/memb.o
                0x0020ddd0                memb_init
 .text.memb_alloc
                0x0020ddf0       0x28 build/openmote-cc2538///obj/memb.o
                0x0020ddf0                memb_alloc
 .text.memb_free
                0x0020de18       0x2c build/openmote-cc2538///obj/memb.o
                0x0020de18                memb_free
 .text.memb_inmemb
                0x0020de44       0x1c build/openmote-cc2538///obj/memb.o
                0x0020de44                memb_inmemb
 .text.memb_numfree
                0x0020de60       0x1c build/openmote-cc2538///obj/memb.o
                0x0020de60                memb_numfree
 .text.ringbuf_init
                0x0020de7c        0xe build/openmote-cc2538///obj/ringbuf.o
                0x0020de7c                ringbuf_init
 .text.ringbuf_put
                0x0020de8a       0x26 build/openmote-cc2538///obj/ringbuf.o
                0x0020de8a                ringbuf_put
 .text.ringbuf_get
                0x0020deb0       0x20 build/openmote-cc2538///obj/ringbuf.o
                0x0020deb0                ringbuf_get
 .text.queuebuf_update_attr_from_packetbuf
                0x0020ded0        0xc build/openmote-cc2538///obj/queuebuf.o
                0x0020ded0                queuebuf_update_attr_from_packetbuf
 .text.item_from_index
                0x0020dedc       0x14 build/openmote-cc2538///obj/nbr-table.o
 .text.index_from_item
                0x0020def0       0x16 build/openmote-cc2538///obj/nbr-table.o
 .text.nbr_set_bit
                0x0020df06       0x38 build/openmote-cc2538///obj/nbr-table.o
 .text.nbr_table_get_from_lladdr
                0x0020df3e       0x26 build/openmote-cc2538///obj/nbr-table.o
                0x0020df3e                nbr_table_get_from_lladdr
 .text.linkaddr_copy
                0x0020df64        0x6 build/openmote-cc2538///obj/linkaddr.o
                0x0020df64                linkaddr_copy
 .text.linkaddr_cmp
                0x0020df6a       0x10 build/openmote-cc2538///obj/linkaddr.o
                0x0020df6a                linkaddr_cmp
 .text.link_stats_is_fresh
                0x0020df7a       0x24 build/openmote-cc2538///obj/link-stats.o
                0x0020df7a                link_stats_is_fresh
 .text.guess_etx_from_rssi
                0x0020df9e       0x40 build/openmote-cc2538///obj/link-stats.o
                0x0020df9e                guess_etx_from_rssi
 .text.mac_call_sent_callback
                0x0020dfde       0x18 build/openmote-cc2538///obj/mac.o
                0x0020dfde                mac_call_sent_callback
 .text.parse    0x0020dff6       0x94 build/openmote-cc2538///obj/framer-802154.o
 .text.framer_802154_setup_params
                0x0020e08a       0x84 build/openmote-cc2538///obj/framer-802154.o
                0x0020e08a                framer_802154_setup_params
 .text.create   0x0020e10e        0x6 build/openmote-cc2538///obj/framer-802154.o
 .text.hdr_length
                0x0020e114        0x6 build/openmote-cc2538///obj/framer-802154.o
 .text.frame802154_has_panid
                0x0020e11a       0xa6 build/openmote-cc2538///obj/frame802154.o
                0x0020e11a                frame802154_has_panid
 .text.field_len
                0x0020e1c0       0x84 build/openmote-cc2538///obj/frame802154.o
 .text.frame802154_is_broadcast_addr
                0x0020e244       0x1e build/openmote-cc2538///obj/frame802154.o
                0x0020e244                frame802154_is_broadcast_addr
 .text.frame802154_hdrlen
                0x0020e262       0x32 build/openmote-cc2538///obj/frame802154.o
                0x0020e262                frame802154_hdrlen
 .text.frame802154_create_fcf
                0x0020e294       0x60 build/openmote-cc2538///obj/frame802154.o
                0x0020e294                frame802154_create_fcf
 .text.frame802154_create
                0x0020e2f4       0x94 build/openmote-cc2538///obj/frame802154.o
                0x0020e2f4                frame802154_create
 .text.frame802154_parse_fcf
                0x0020e388       0x66 build/openmote-cc2538///obj/frame802154.o
                0x0020e388                frame802154_parse_fcf
 .text.write_str
                0x0020e3ee       0x10 build/openmote-cc2538///obj/printf.o
 .text.buffer_str
                0x0020e3fe       0x28 build/openmote-cc2538///obj/snprintf.o
 .text.snprintf
                0x0020e426       0x1a build/openmote-cc2538///obj/snprintf.o
                0x0020e426                snprintf
 .text.putchar  0x0020e440        0xc build/openmote-cc2538///obj/putchar.o
                0x0020e440                putchar
 .text.send_packet
                0x0020e44c        0x4 build/openmote-cc2538///obj/csma.o
 .text.init     0x0020e450        0xe build/openmote-cc2538///obj/csma.o
 .text.uipbuf_set_len_field
                0x0020e45e        0x8 build/openmote-cc2538///obj/uipbuf.o
                0x0020e45e                uipbuf_set_len_field
 .text.uipbuf_get_len_field
                0x0020e466        0xc build/openmote-cc2538///obj/uipbuf.o
                0x0020e466                uipbuf_get_len_field
 .text.uipbuf_get_next_header
                0x0020e472       0x4e build/openmote-cc2538///obj/uipbuf.o
                0x0020e472                uipbuf_get_next_header
 .text.uipbuf_get_last_header
                0x0020e4c0       0x2c build/openmote-cc2538///obj/uipbuf.o
                0x0020e4c0                uipbuf_get_last_header
 .text.uipbuf_search_header
                0x0020e4ec       0x40 build/openmote-cc2538///obj/uipbuf.o
                0x0020e4ec                uipbuf_search_header
 .text.uip_sr_expire_parent
                0x0020e52c       0x28 build/openmote-cc2538///obj/uip-sr.o
                0x0020e52c                uip_sr_expire_parent
 .text.uip_ds6_list_loop
                0x0020e554       0x50 build/openmote-cc2538///obj/uip-ds6.o
                0x0020e554                uip_ds6_list_loop
 .text.uip_ds6_maddr_rm
                0x0020e5a4        0x8 build/openmote-cc2538///obj/uip-ds6.o
                0x0020e5a4                uip_ds6_maddr_rm
 .text.uip_ds6_set_addr_iid
                0x0020e5ac       0x16 build/openmote-cc2538///obj/uip-ds6.o
                0x0020e5ac                uip_ds6_set_addr_iid
 .text.uip_ds6_set_lladdr_from_iid
                0x0020e5c2       0x16 build/openmote-cc2538///obj/uip-ds6.o
                0x0020e5c2                uip_ds6_set_lladdr_from_iid
 .text.get_match_length
                0x0020e5d8       0x3e build/openmote-cc2538///obj/uip-ds6.o
                0x0020e5d8                get_match_length
 .text.uip_udp_packet_sendto
                0x0020e616       0x50 build/openmote-cc2538///obj/uip-udp-packet.o
                0x0020e616                uip_udp_packet_sendto
 .text.uip_ds6_nbr_lookup
                0x0020e666       0x2c build/openmote-cc2538///obj/uip-ds6-nbr.o
                0x0020e666                uip_ds6_nbr_lookup
 .text.uip_ds6_nbr_update_ll
                0x0020e692       0x5e build/openmote-cc2538///obj/uip-ds6-nbr.o
                0x0020e692                uip_ds6_nbr_update_ll
 .text.uip_ds6_nbr_ipaddr_from_lladdr
                0x0020e6f0        0x4 build/openmote-cc2538///obj/uip-ds6-nbr.o
                0x0020e6f0                uip_ds6_nbr_ipaddr_from_lladdr
 .text.uip_ds6_nbr_lladdr_from_ipaddr
                0x0020e6f4       0x12 build/openmote-cc2538///obj/uip-ds6-nbr.o
                0x0020e6f4                uip_ds6_nbr_lladdr_from_ipaddr
 .text.uip_ds6_link_callback
                0x0020e706        0x2 build/openmote-cc2538///obj/uip-ds6-nbr.o
                0x0020e706                uip_ds6_link_callback
 .text.chksum   0x0020e708       0x38 build/openmote-cc2538///obj/uip6.o
 .text.uip_icmp6chksum
                0x0020e740        0x6 build/openmote-cc2538///obj/uip6.o
                0x0020e740                uip_icmp6chksum
 .text.uip_udpchksum
                0x0020e746        0x6 build/openmote-cc2538///obj/uip6.o
                0x0020e746                uip_udpchksum
 .text.uip_htonl
                0x0020e74c       0x18 build/openmote-cc2538///obj/uip6.o
                0x0020e74c                uip_htonl
 .text.uip_ds6_route_nexthop
                0x0020e764        0x4 build/openmote-cc2538///obj/uip-ds6-route.o
                0x0020e764                uip_ds6_route_nexthop
 .text.uip_ds6_route_lookup
                0x0020e768        0x4 build/openmote-cc2538///obj/uip-ds6-route.o
                0x0020e768                uip_ds6_route_lookup
 .text.uip_ds6_route_rm
                0x0020e76c        0x2 build/openmote-cc2538///obj/uip-ds6-route.o
                0x0020e76c                uip_ds6_route_rm
 .text.rpl_neighbor_get_ipaddr
                0x0020e76e        0xe build/openmote-cc2538///obj/rpl-neighbor.o
                0x0020e76e                rpl_neighbor_get_ipaddr
 .text.rpl_neighbor_get_link_stats